A 1 102 0.0 0.875 10.23
A 2 102 0.0 0.8875 19.25
A 3 102 0.0 0.9 28.09
A 4 102 0.0 0.9125 37.2
A 5 102 0.0 0.925 46.19
A 6 102 0.0 0.9375 55.11
A 7 102 0.0 0.95 64.19
A 8 102 0.0 0.9625 73.14
A 9 102 0.0 0.975 82.22
A 10 102 0.0 0.9875 91.16
A 11 102 0.0 1.0 100.28
A 12 102 0.0 1.0125 109.2
A 13 102 0.0 1.025 118.21
A 14 102 0.0 1.0375 127.4
A 15 102 0.0 1.05 136.93
A 16 102 0.0 1.0625 145.77
A 17 102 0.0 1.075 154.61
A 18 102 0.3 0.375 163.48
A 19 102 0.3 0.3875 172.38
A 20 102 0.3 0.4 181.31
A 21 102 0.3 0.4125 190.34
A 22 102 0.3 0.425 199.16
A 23 102 0.3 0.4375 208.06
A 24 102 0.3 0.45 216.94
A 25 102 0.3 0.4625 225.84
A 26 102 0.3 0.475 234.71
A 27 102 0.3 0.4875 243.69
A 28 102 0.3 0.5 252.73
A 29 102 0.3 0.5125 261.88
A 30 102 0.3 0.525 270.6
A 31 102 0.3 0.5375 279.39
A 32 102 0.3 0.55 288.28
A 33 102 0.3 0.5625 297.85
A 34 102 0.3 0.575 307.51
A 35 102 0.5 0.05 317.56
A 36 102 0.5 0.0625 327.85
A 37 102 0.5 0.075 339.05
A 38 102 0.5 0.0875 353.27
A 39 102 0.5 0.1 364.38
A 40 102 0.5 0.1125 379.06
A 41 102 0.5 0.125 390.25
A 42 102 0.5 0.1375 404.98
A 43 102 0.5 0.15 416.13
A 44 102 0.5 0.1625 430.83
A 45 102 0.5 0.175 445.69
A 46 102 0.5 0.1875 460.38
A 47 102 0.5 0.2 471.46
A 48 102 0.5 0.2125 486.34
A 49 102 0.5 0.225 501.07
A 50 102 0.5 0.2375 515.33
A 51 102 0.5 0.25 526.32
A 52 102 0.45 0.0125 534.91
A 53 102 0.45 0.025 543.62
A 54 102 0.45 0.0375 552.84
A 55 102 0.45 0.05 562.56
A 56 102 0.45 0.0625 571.59
A 57 102 0.45 0.075 580.72
A 58 102 0.45 0.0875 589.28
A 59 102 0.45 0.1 597.74
A 60 102 0.45 0.1125 607.48
A 61 102 0.45 0.125 616.66
A 62 102 0.45 0.1375 625.95
A 63 102 0.45 0.15 635.09
A 64 102 0.45 0.1625 644.1
A 65 102 0.45 0.175 653.03
A 66 102 0.45 0.1875 662.21
A 67 102 0.45 0.2 671.56
A 68 102 0.45 0.2125 680.55
A 69 102 0.55 0.0125 689.39
A 70 102 0.55 0.025 698.57
A 71 102 0.55 0.0375 707.56
A 72 102 0.55 0.05 716.53
A 73 102 0.55 0.0625 725.67
A 74 102 0.55 0.075 734.69
A 75 102 0.55 0.0875 743.54
A 76 102 0.55 0.1 752.41
A 77 102 0.55 0.1125 760.87
A 78 102 0.55 0.125 769.6
A 79 102 0.55 0.1375 778.6
A 80 102 0.55 0.15 787.84
A 81 102 0.55 0.1625 797.44
A 82 102 0.55 0.175 806.34
A 83 102 0.55 0.1875 815.25
A 84 102 0.55 0.2 824.21
A 85 102 0.55 0.2125 833.08
A 86 102 0.8 0.475 841.92
A 87 102 0.8 0.4875 851.09
A 88 102 0.8 0.5 860.19
A 89 102 0.8 0.5125 869.21
A 90 102 0.8 0.525 878.21
A 91 102 0.8 0.5375 887.2
A 92 102 0.8 0.55 896.33
A 93 102 0.8 0.5625 905.52
A 94 102 0.8 0.575 914.43
A 95 102 0.8 0.5875 923.32
A 96 102 0.8 0.6 932.39
A 97 102 0.8 0.6125 941.25
A 98 102 0.8 0.625 950.13
A 99 102 0.8 0.6375 959.06
A 100 102 0.8 0.65 968.76
A 101 102 0.8 0.6625 978.37
A 102 102 0.8 0.675 987.37
