B 1 45 0.0 0.2 1.69
B 2 45 0.0 0.875 3.38
B 3 45 0.0 0.8875 4.96
B 4 45 0.0 0.9 6.47
B 5 45 0.0 0.9125 8.04
B 6 45 0.0 0.925 9.57
B 7 45 0.0 0.9375 11.1
B 8 45 0.0 0.95 12.64
B 9 45 0.0 0.9625 14.26
B 10 45 0.0 0.975 15.81
B 11 45 0.0 0.9875 17.39
B 12 45 0.0 1.0 18.97
B 13 45 0.0 1.0125 20.49
B 14 45 0.0 1.025 22.06
B 15 45 0.0 1.0375 23.61
B 16 45 0.0 1.05 25.42
B 17 45 0.0 1.0625 27.01
B 18 45 0.0 1.075 28.61
B 19 45 0.1 0.2 29.74
B 20 45 0.3 0.1 30.84
B 21 45 0.4 1.8 32.47
B 22 45 0.425 0.02 33.41
B 23 45 0.45 0.15 35.32
B 24 45 0.5 0.15 37.2
B 25 45 0.55 0.15 39.03
B 26 45 0.8 0.1 40.3
B 27 45 0.8 0.475 42.13
B 28 45 0.8 0.4875 43.92
B 29 45 0.8 0.5 45.74
B 30 45 0.8 0.5125 47.54
B 31 45 0.8 0.525 49.35
B 32 45 0.8 0.5375 51.22
B 33 45 0.8 0.55 53.13
B 34 45 0.8 0.5625 55.08
B 35 45 0.8 0.575 56.95
B 36 45 0.8 0.5875 58.83
B 37 45 0.8 0.6 60.71
B 38 45 0.8 0.6125 62.56
B 39 45 0.8 0.625 64.4
B 40 45 0.8 0.6375 66.3
B 41 45 0.8 0.65 68.17
B 42 45 0.8 0.6625 70.08
B 43 45 0.8 0.675 72.02
B 44 45 0.8 0.8 74.08
B 45 45 0.9 1.8 76.15
