=== /slide[1] ===
ANNNI circuit study
A controlled comparison of preparation, noise and diagnostics
ANNNI Scientific Track | September 2026 | 1/8

=== /slide[2] ===
Adaptive preparation
Held-out: 42/48 pass; median grid cost: 96 CNOTs
ANNNI Scientific Track | September 2026 | 2/8

=== /slide[3] ===
Matched noise comparison
All coordinates and failures remain in the comparison
ANNNI Scientific Track | September 2026 | 3/8

=== /slide[4] ===
Interpretable phase features
At p=0.01: quality masks retained; full three-p comparison in report
ANNNI Scientific Track | September 2026 | 4/8

=== /slide[5] ===
Twelve-spin circuits
New VQE: 40/60 pass; representative exact-density noise
ANNNI Scientific Track | September 2026 | 5/8

=== /slide[6] ===
Mitigation at equal shots
Restoring a circuit output is different from removing preparation bias
ANNNI Scientific Track | September 2026 | 6/8

=== /slide[7] ===
Large-system floating search
OBC correlations, entropy and bond convergence are complementary
ANNNI Scientific Track | September 2026 | 7/8

=== /slide[8] ===
Independent quench dynamics
Smaller time steps improve Trotter accuracy but add noisy gates
ANNNI Scientific Track | September 2026 | 8/8
