=== /slide[1] ===
Reliable selection and noisy diagnosis
Q-SITE 2026 Scientific Track | Local simulation study
ANNNI Stage 5 | 22 September 2026 | 1/8

=== /slide[2] ===
Coverage and preparation cost
New test: 60/72 to 62/72; energy-only S1 also reaches 62
ANNNI Stage 5 | 22 September 2026 | 2/8

=== /slide[3] ===
Gate-noise tradeoff
B5 raw noise is worse than the shorter B3 baseline
ANNNI Stage 5 | 22 September 2026 | 3/8

=== /slide[4] ===
Correct identification and rejection
At p=.05, B3 + D3 identifies more anchors than B5 + ZNE
ANNNI Stage 5 | 22 September 2026 | 4/8

=== /slide[5] ===
Mitigation at a fixed shot budget
ZNE chosen on validation; preparation bias remains separate
ANNNI Stage 5 | 22 September 2026 | 5/8

=== /slide[6] ===
Twelve-spin resource limits
New N12 test: 11/24 to 17/24 at 128 versus 192 CNOT caps
ANNNI Stage 5 | 22 September 2026 | 6/8

=== /slide[7] ===
Independent floating-phase evidence
Three centers gain support; N160 retains window sensitivity
ANNNI Stage 5 | 22 September 2026 | 7/8

=== /slide[8] ===
Integrated results and deployment decision
Verified pipeline; no unconditional B5 replacement or strong-noise map
ANNNI Stage 5 | 22 September 2026 | 8/8
