audit 1 528 0.81
audit 6 528 0.88
audit 11 528 0.99
audit 16 528 1.18
audit 21 528 1.31
audit 26 528 1.47
audit 31 528 1.65
audit 36 528 1.85
audit 41 528 2.07
audit 46 528 2.31
audit 51 528 2.58
audit 56 528 2.87
audit 61 528 3.18
audit 66 528 3.5
audit 71 528 3.86
audit 76 528 4.23
audit 81 528 4.6
audit 86 528 5.01
audit 91 528 5.44
audit 96 528 5.9
audit 101 528 6.37
audit 106 528 6.86
audit 111 528 7.39
audit 116 528 7.92
audit 121 528 8.56
audit 126 528 9.14
audit 131 528 9.72
audit 136 528 10.35
audit 141 528 10.98
audit 146 528 11.64
audit 151 528 12.33
audit 156 528 13.07
audit 161 528 13.78
audit 166 528 14.54
audit 171 528 15.31
audit 176 528 16.11
audit 181 528 16.93
audit 186 528 17.79
audit 191 528 18.67
audit 196 528 19.55
audit 201 528 20.47
audit 206 528 21.41
audit 211 528 22.37
audit 216 528 23.37
audit 221 528 24.38
audit 226 528 25.41
audit 231 528 26.45
audit 236 528 27.52
audit 241 528 28.58
audit 246 528 29.67
audit 251 528 30.81
audit 256 528 31.96
audit 261 528 33.15
audit 266 528 34.36
audit 271 528 35.63
audit 276 528 37.01
audit 281 528 38.25
audit 286 528 39.55
audit 291 528 40.95
audit 296 528 42.37
audit 301 528 43.87
audit 306 528 45.32
audit 311 528 46.88
audit 316 528 48.32
audit 321 528 49.9
audit 326 528 51.49
audit 331 528 53.09
audit 336 528 54.75
audit 341 528 56.43
audit 346 528 58.14
audit 351 528 59.91
audit 356 528 61.72
audit 361 528 63.56
audit 366 528 65.42
audit 371 528 67.33
audit 376 528 69.24
audit 381 528 71.19
audit 386 528 73.07
audit 391 528 75.03
audit 396 528 77.0
audit 401 528 79.03
audit 406 528 81.02
audit 411 528 83.11
audit 416 528 85.26
audit 421 528 87.42
audit 426 528 89.6
audit 431 528 91.91
audit 436 528 94.31
audit 441 528 96.82
audit 446 528 99.43
audit 451 528 102.17
audit 456 528 104.92
audit 461 528 107.82
audit 466 528 110.65
audit 471 528 113.78
audit 476 528 116.96
audit 481 528 120.27
audit 486 528 123.84
audit 491 528 127.47
audit 496 528 131.2
audit 501 528 135.06
audit 506 528 139.06
audit 511 528 143.06
audit 516 528 147.11
audit 521 528 151.19
audit 526 528 155.5
