{
  "map": {
    "points": 420,
    "historical_pass": 385,
    "S0_pass": 385,
    "S1_pass": 388,
    "S2_pass": 388,
    "oracle_available": 388,
    "S2_unresolved": 0
  },
  "heldout": {
    "points": 48,
    "historical_pass": 42,
    "S0_pass": 42,
    "S1_pass": 43,
    "S2_pass": 43,
    "oracle_available": 43,
    "S2_unresolved": 0
  },
  "n12": {
    "points": 60,
    "historical_pass": 40,
    "S0_pass": 40,
    "S1_pass": 40,
    "S2_pass": 41,
    "oracle_available": 41,
    "S2_unresolved": 0
  }
}
