k0.30_h0.30_zero_dt0.10_p0.05 3 3.74
k0.30_h0.30_zero_dt0.05_p0.05 6 10.82
k0.30_h0.30_0011_dt0.10_p0.05 9 14.25
k0.30_h0.30_0011_dt0.05_p0.05 12 21.23
k0.30_h0.70_zero_dt0.10_p0.05 15 24.67
k0.30_h0.70_zero_dt0.05_p0.05 18 31.71
k0.30_h0.70_0011_dt0.10_p0.05 21 35.2
k0.30_h0.70_0011_dt0.05_p0.05 24 42.15
k0.30_h1.60_zero_dt0.10_p0.05 27 45.72
k0.30_h1.60_zero_dt0.05_p0.05 30 52.63
k0.30_h1.60_0011_dt0.10_p0.05 33 56.35
k0.30_h1.60_0011_dt0.05_p0.05 36 63.91
k0.80_h0.30_zero_dt0.10_p0.05 39 67.64
k0.80_h0.30_zero_dt0.05_p0.05 42 74.8
k0.80_h0.30_0011_dt0.10_p0.05 45 78.35
k0.80_h0.30_0011_dt0.05_p0.05 48 85.44
k0.80_h0.70_zero_dt0.10_p0.05 51 89.02
k0.80_h0.70_zero_dt0.05_p0.05 54 96.1
k0.80_h0.70_0011_dt0.10_p0.05 57 99.69
k0.80_h0.70_0011_dt0.05_p0.05 60 106.88
k0.80_h1.60_zero_dt0.10_p0.05 63 110.45
k0.80_h1.60_zero_dt0.05_p0.05 66 118.01
k0.80_h1.60_0011_dt0.10_p0.05 69 121.9
k0.80_h1.60_0011_dt0.05_p0.05 72 129.7
