core 1 94 7.73
core 2 94 15.2
core 3 94 25.02
core 4 94 34.46
core 5 94 43.86
core 6 94 53.77
core 7 94 65.0
core 8 94 75.56
core 9 94 88.41
core 10 94 98.76
core 11 94 109.78
core 12 94 121.79
core 13 94 133.46
core 14 94 144.66
core 15 94 157.8
core 16 94 173.66
core 17 94 191.13
core 18 94 206.1
core 19 94 221.18
core 20 94 235.39
core 21 94 249.43
core 22 94 262.74
core 23 94 276.47
core 24 94 293.18
core 25 94 308.94
core 26 94 324.87
core 27 94 337.55
core 28 94 350.41
core 29 94 363.66
core 30 94 375.63
core 31 94 387.97
core 32 94 399.3
core 33 94 407.52
core 34 94 420.3
core 35 94 433.97
core 36 94 448.15
core 37 94 459.98
core 38 94 472.54
core 39 94 486.24
core 40 94 498.25
core 41 94 510.98
core 42 94 523.81
core 43 94 536.68
core 44 94 546.99
core 45 94 558.31
core 46 94 570.92
core 47 94 585.54
core 48 94 600.47
core 49 94 615.29
core 50 94 629.77
core 51 94 644.03
core 52 94 658.24
core 53 94 672.69
core 54 94 686.28
core 55 94 700.61
core 56 94 714.6
core 57 94 729.29
core 58 94 743.74
core 59 94 758.56
core 60 94 773.03
core 61 94 785.55
core 62 94 797.11
core 63 94 810.57
core 64 94 823.84
core 65 94 839.04
core 66 94 854.39
core 67 94 865.56
core 68 94 876.98
core 69 94 890.01
core 70 94 902.88
core 71 94 915.53
core 72 94 928.42
core 73 94 940.81
core 74 94 952.06
core 75 94 963.12
core 76 94 974.36
core 77 94 986.17
core 78 94 996.87
core 79 94 1008.51
core 80 94 1017.98
core 81 94 1027.31
core 82 94 1036.38
core 83 94 1045.5
core 84 94 1055.63
core 85 94 1065.86
core 86 94 1076.1
core 87 94 1087.25
core 88 94 1098.73
core 89 94 1110.29
core 90 94 1121.74
core 91 94 1128.19
core 92 94 1140.25
core 93 94 1148.04
core 94 94 1160.07
