core 1 94 0.17
core 2 94 0.22
core 3 94 0.29
core 4 94 0.37
core 5 94 0.46
core 6 94 0.57
core 7 94 0.7
core 8 94 0.86
core 9 94 1.05
core 10 94 1.21
core 11 94 1.39
core 12 94 1.59
core 13 94 1.8
core 14 94 2.05
core 15 94 2.29
core 16 94 2.56
core 17 94 2.84
core 18 94 3.21
core 19 94 3.52
core 20 94 3.85
core 21 94 4.2
core 22 94 4.55
core 23 94 4.91
core 24 94 5.3
core 25 94 5.71
core 26 94 6.13
core 27 94 6.57
core 28 94 7.01
core 29 94 7.47
core 30 94 7.95
core 31 94 8.45
core 32 94 8.96
core 33 94 9.48
core 34 94 10.0
core 35 94 10.56
core 36 94 11.12
core 37 94 11.71
core 38 94 12.39
core 39 94 12.99
core 40 94 13.62
core 41 94 14.25
core 42 94 14.91
core 43 94 15.56
core 44 94 16.23
core 45 94 16.93
core 46 94 17.72
core 47 94 18.41
core 48 94 19.16
core 49 94 19.92
core 50 94 20.71
core 51 94 21.49
core 52 94 22.31
core 53 94 23.13
core 54 94 23.96
core 55 94 24.81
core 56 94 25.76
core 57 94 26.71
core 58 94 27.61
core 59 94 28.53
core 60 94 29.46
core 61 94 30.42
core 62 94 31.45
core 63 94 32.44
core 64 94 33.4
core 65 94 34.39
core 66 94 35.4
core 67 94 36.39
core 68 94 37.39
core 69 94 38.45
core 70 94 39.5
core 71 94 40.57
core 72 94 41.65
core 73 94 42.76
core 74 94 43.87
core 75 94 45.07
core 76 94 46.31
core 77 94 47.46
core 78 94 48.65
core 79 94 49.85
core 80 94 51.07
core 81 94 52.4
core 82 94 53.58
core 83 94 54.83
core 84 94 56.1
core 85 94 57.38
core 86 94 58.7
core 87 94 60.11
core 88 94 61.6
core 89 94 63.04
core 90 94 64.63
core 91 94 66.18
core 92 94 67.71
core 93 94 69.27
core 94 94 70.83
