refined 1 40 1.93
refined 2 40 3.78
refined 3 40 5.95
refined 4 40 8.1
refined 5 40 10.21
refined 6 40 12.34
refined 7 40 14.5
refined 8 40 16.67
refined 9 40 18.85
refined 10 40 21.05
refined 11 40 23.26
refined 12 40 25.39
refined 13 40 27.37
refined 14 40 29.39
refined 15 40 31.43
refined 16 40 33.45
refined 17 40 35.51
refined 18 40 37.55
refined 19 40 39.54
refined 20 40 41.55
refined 21 40 43.57
refined 22 40 45.61
refined 23 40 47.67
refined 24 40 49.76
refined 25 40 51.83
refined 26 40 53.93
refined 27 40 56.05
refined 28 40 58.19
refined 29 40 60.35
refined 30 40 62.5
refined 31 40 64.66
refined 32 40 66.86
refined 33 40 69.1
refined 34 40 71.33
refined 35 40 73.68
refined 36 40 75.96
refined 37 40 78.22
refined 38 40 80.74
refined 39 40 83.35
refined 40 40 85.89
