refined 1 40 0.18
refined 2 40 0.24
refined 3 40 0.38
refined 4 40 0.51
refined 5 40 0.62
refined 6 40 0.73
refined 7 40 0.89
refined 8 40 1.12
refined 9 40 1.29
refined 10 40 1.48
refined 11 40 1.69
refined 12 40 1.91
refined 13 40 2.19
refined 14 40 2.48
refined 15 40 2.74
refined 16 40 3.05
refined 17 40 4.77
refined 18 40 5.11
refined 19 40 5.49
refined 20 40 5.86
refined 21 40 6.25
refined 22 40 6.66
refined 23 40 7.07
refined 24 40 7.49
refined 25 40 7.91
refined 26 40 8.37
refined 27 40 8.79
refined 28 40 9.26
refined 29 40 9.74
refined 30 40 10.23
refined 31 40 10.73
refined 32 40 11.26
refined 33 40 11.79
refined 34 40 12.34
refined 35 40 12.9
refined 36 40 13.58
refined 37 40 14.17
refined 38 40 14.79
refined 39 40 15.46
refined 40 40 16.06
