refined 1 40 6.35
refined 2 40 14.33
refined 3 40 21.28
refined 4 40 29.96
refined 5 40 37.94
refined 6 40 46.38
refined 7 40 56.33
refined 8 40 66.52
refined 9 40 77.27
refined 10 40 88.23
refined 11 40 100.91
refined 12 40 110.21
refined 13 40 121.67
refined 14 40 132.23
refined 15 40 143.59
refined 16 40 156.27
refined 17 40 169.33
refined 18 40 181.92
refined 19 40 193.95
refined 20 40 205.98
refined 21 40 217.74
refined 22 40 229.52
refined 23 40 242.0
refined 24 40 253.75
refined 25 40 265.36
refined 26 40 276.87
refined 27 40 288.41
refined 28 40 300.19
refined 29 40 311.91
refined 30 40 322.37
refined 31 40 334.55
refined 32 40 347.2
refined 33 40 358.12
refined 34 40 368.44
refined 35 40 378.95
refined 36 40 389.48
refined 37 40 400.13
refined 38 40 411.18
refined 39 40 422.75
refined 40 40 434.6
