core 1 94 0.16
core 2 94 0.21
core 3 94 0.27
core 4 94 0.34
core 5 94 0.43
core 6 94 0.53
core 7 94 0.64
core 8 94 0.76
core 9 94 1.44
core 10 94 3.21
core 11 94 5.03
core 12 94 5.21
core 13 94 7.08
core 14 94 8.91
core 15 94 10.83
core 16 94 11.06
core 17 94 11.89
core 18 94 13.87
core 19 94 15.86
core 20 94 16.14
core 21 94 18.08
core 22 94 19.99
core 23 94 21.99
core 24 94 22.34
core 25 94 22.69
core 26 94 23.05
core 27 94 23.42
core 28 94 23.81
core 29 94 24.23
core 30 94 24.64
core 31 94 25.09
core 32 94 25.52
core 33 94 25.98
core 34 94 26.45
core 35 94 27.02
core 36 94 28.04
core 37 94 30.3
core 38 94 32.58
core 39 94 33.15
core 40 94 35.47
core 41 94 37.79
core 42 94 40.12
core 43 94 40.73
core 44 94 43.08
core 45 94 45.5
core 46 94 47.88
core 47 94 48.56
core 48 94 49.23
core 49 94 49.99
core 50 94 50.67
core 51 94 51.39
core 52 94 52.24
core 53 94 53.01
core 54 94 53.76
core 55 94 54.52
core 56 94 55.3
core 57 94 56.09
core 58 94 56.92
core 59 94 57.81
core 60 94 58.61
core 61 94 59.46
core 62 94 60.36
core 63 94 61.23
core 64 94 62.2
core 65 94 63.1
core 66 94 64.57
core 67 94 67.19
core 68 94 69.87
core 69 94 70.83
core 70 94 73.5
core 71 94 76.38
core 72 94 79.08
core 73 94 80.14
core 74 94 82.97
core 75 94 85.74
core 76 94 88.52
core 77 94 89.62
core 78 94 90.83
core 79 94 91.9
core 80 94 92.99
core 81 94 94.11
core 82 94 95.19
core 83 94 96.3
core 84 94 97.49
core 85 94 98.79
core 86 94 99.9
core 87 94 101.09
core 88 94 102.28
core 89 94 103.49
core 90 94 104.72
core 91 94 106.06
core 92 94 107.24
core 93 94 108.64
core 94 94 109.93
