[{'ref': 'ghz', 'cnots': 31, 'energy': -7.846111390813591, 'delta_e': 6.275833429769673e-05, 'fidelity': 0.5000095614725728, 'epsilon_c': 0.0002552893364626829, 'epsilon_sf': 8.406288319001698e-05, 'epsilon_mx': 0.0016764279009630068, 'w_plus': 1.0, 'w0': 0.5000318673624096, 'eta_T': 0.9999214351148517, 'variance': 0.0007126463638300606}, {'ref': 'antiphase', 'cnots': 32, 'energy': -7.846561056985147, 'delta_e': 6.550062853216687e-06, 'fidelity': 0.999988046089915, 'epsilon_c': 4.0435504681024526e-05, 'epsilon_sf': 1.4950092411980531e-05, 'epsilon_mx': 0.00018093581000901138, 'w_plus': 0.9999999999999998, 'w0': 0.9999999870982312, 'eta_T': 1.4683388727121383e-08, 'variance': 0.00029442290506409563}]
[{'task': 'map', 'coordinates': 420, 'triggered': 2, 'retry_selected': 0, 'joint_gains': 0, 'joint_losses': 0, 'selected_structure_changes': 0}, {'task': 'test', 'coordinates': 72, 'triggered': 2, 'retry_selected': 0, 'joint_gains': 0, 'joint_losses': 0, 'selected_structure_changes': 0}, {'task': 'n12test', 'coordinates': 24, 'triggered': 5, 'retry_selected': 0, 'joint_gains': 0, 'joint_losses': 0, 'selected_structure_changes': 0}, {'task': 'n12_192', 'coordinates': 84, 'triggered': 6, 'retry_selected': 0, 'joint_gains': 0, 'joint_losses': 0, 'selected_structure_changes': 0}, {'task': 'windows', 'coordinates': 43, 'triggered': 0, 'retry_selected': 0, 'joint_gains': 0, 'joint_losses': 0, 'selected_structure_changes': 0}, {'task': 'refined', 'coordinates': 40, 'triggered': 0, 'retry_selected': 0, 'joint_gains': 0, 'joint_losses': 0, 'selected_structure_changes': 0}]
[{'p': 0, 'method': 'B0', 'count': 420, 'error_mean': 0.0019264822058457755, 'error_quantiles': [1.2787400471836463e-08, 9.002388614260705e-06, 7.51863198663813e-05, 0.00041776298020640423, 0.08996460977755877], 'B5_paired_wins': 31, 'common_pass_count': 386, 'common_pass_B5_error_mean': 0.0012478907859289027, 'common_pass_baseline_error_mean': 0.0005626373217631454, 'paired_error_difference_quantiles': [-0.015394339939956342, 4.148686912629207e-05, 0.00020310735178710737, 0.0008323799132592298, 1.4930857031790903]}, {'p': 0, 'method': 'B3', 'count': 420, 'error_mean': 0.004703970688472746, 'error_quantiles': [7.576882388171668e-08, 0.0007263925053858922, 0.001586691609805617, 0.003966215817874361, 0.12894182519690164], 'B5_paired_wins': 293, 'common_pass_count': 385, 'common_pass_B5_error_mean': 0.0013058250671537253, 'common_pass_baseline_error_mean': 0.002499527485077872, 'paired_error_difference_quantiles': [-0.04134812788715447, -0.00141962231600986, -0.000426504875270739, 0.0, 1.5234402077347449]}, {'p': 0, 'method': 'B5', 'count': 420, 'error_mean': 0.008516275886516406, 'error_quantiles': [4.279742893409377e-08, 8.7525027235579e-05, 0.00033616455938560155, 0.0017016165370557276, 1.5454859288182166], 'B5_paired_wins': 0, 'common_pass_count': 388, 'common_pass_B5_error_mean': 0.001295802331319804, 'common_pass_baseline_error_mean': 0.001295802331319804, 'paired_error_difference_quantiles': [0.0, 0.0, 0.0, 0.0, 0.0]}, {'p': 0.01, 'method': 'B0', 'count': 420, 'error_mean': 0.2637546695248888, 'error_quantiles': [0.05318840374341108, 0.10249070154508132, 0.154770111233144, 0.3856780589839583, 0.7921275207600205], 'B5_paired_wins': 383, 'common_pass_count': 386, 'common_pass_B5_error_mean': 0.17400788231801273, 'common_pass_baseline_error_mean': 0.2587394161738923, 'paired_error_difference_quantiles': [-0.602001133993265, -0.11350548033725283, -0.03210801866380152, -0.014264037483093357, 0.9787323320505428]}, {'p': 0.01, 'method': 'B3', 'count': 420, 'error_mean': 0.1431838708115352, 'error_quantiles': [0.024632155373294967, 0.06509219598123099, 0.10909992788392056, 0.19014816784104907, 0.47868064855139714], 'B5_paired_wins': 37, 'common_pass_count': 385, 'common_pass_B5_error_mean': 0.17456166192165753, 'common_pass_baseline_error_mean': 0.1360886743598184, 'paired_error_difference_quantiles': [-0.03487811711106825, 0.0, 0.016590188942416345, 0.042776018283681036, 1.1083159132080556]}, {'p': 0.01, 'method': 'B5', 'count': 420, 'error_mean': 0.18211652778058587, 'error_quantiles': [0.045802733895701775, 0.08425076397497673, 0.12227684677221613, 0.25770804181389906, 1.422978699129895], 'B5_paired_wins': 0, 'common_pass_count': 388, 'common_pass_B5_error_mean': 0.17415628777840475, 'common_pass_baseline_error_mean': 0.17415628777840475, 'paired_error_difference_quantiles': [0.0, 0.0, 0.0, 0.0, 0.0]}, {'p': 0.05, 'method': 'B0', 'count': 420, 'error_mean': 0.44536145816306466, 'error_quantiles': [0.13911303991017174, 0.22564448024003794, 0.3193653128134357, 0.6361674365140684, 0.9967943701397918], 'B5_paired_wins': 415, 'common_pass_count': 386, 'common_pass_B5_error_mean': 0.401999783798073, 'common_pass_baseline_error_mean': 0.4370518820788478, 'paired_error_difference_quantiles': [-0.5232406376637602, -0.03846526900654797, -0.02280432259869343, -0.013361867216553885, 0.5044964056690798]}, {'p': 0.05, 'method': 'B3', 'count': 420, 'error_mean': 0.36661281532549406, 'error_quantiles': [0.09956408735143696, 0.18589169816227039, 0.2727377982851522, 0.5146856156614253, 0.923979744961588], 'B5_paired_wins': 39, 'common_pass_count': 385, 'common_pass_B5_error_mean': 0.40148665286391266, 'common_pass_baseline_error_mean': 0.3535311640478273, 'paired_error_difference_quantiles': [-0.10646395496713956, 0.0, 0.01731322010550622, 0.044656987942353586, 0.5125883269538334]}, {'p': 0.05, 'method': 'B5', 'count': 420, 'error_mean': 0.41174970613741313, 'error_quantiles': [0.13134484871218968, 0.20664349890391842, 0.2989638149778075, 0.5825270191459755, 1.0599866702128704], 'B5_paired_wins': 0, 'common_pass_count': 388, 'common_pass_B5_error_mean': 0.4021014437746241, 'common_pass_baseline_error_mean': 0.4021014437746241, 'paired_error_difference_quantiles': [0.0, 0.0, 0.0, 0.0, 0.0]}]
[{'cohort': 'old_descriptive60', 'method': 'S0', 'total': 60, 'passed': 40, 'observable_pass': 40, 'state_pass': 52, 'optimizer_success': 49, 'reference_selections': 0, 'raw_checkpoint_success_flags': 49, 'median_cnots': 127.0, 'cnots_quantiles': [63.0, 96.0, 127.0, 128.0, 128.0], 'energy_error_quantiles': [6.668374092910767e-07, 6.211904850713286e-05, 0.0001435207606096019, 0.0007295589175347524, 0.01028499012950664], 'fidelity_quantiles': [0.8265630358884606, 0.9973917034975096, 0.9995032279497684, 0.9998302886042425, 0.9999979784584323], 'selected_near_cap_count': 40, 'cap_warning': 'Selected cost near cap is not proof every failure is resource limited; per-point candidate availability, maximum searched gates and actual source stops are separate.'}, {'cohort': 'old_descriptive60', 'method': 'S1', 'total': 60, 'passed': 40, 'observable_pass': 41, 'state_pass': 51, 'optimizer_success': 42, 'reference_selections': 0, 'raw_checkpoint_success_flags': 42, 'median_cnots': 128.0, 'cnots_quantiles': [86.0, 128.0, 128.0, 128.0, 128.0], 'energy_error_quantiles': [1.1701431675466742e-08, 1.843215294328182e-05, 0.00010410523452630827, 0.0007295589175347524, 0.01028499012950664], 'fidelity_quantiles': [0.5000003412879179, 0.9972012827025087, 0.9995007355895366, 0.9999544718477786, 0.9999999645807872], 'selected_near_cap_count': 58, 'cap_warning': 'Selected cost near cap is not proof every failure is resource limited; per-point candidate availability, maximum searched gates and actual source stops are separate.'}, {'cohort': 'old_descriptive60', 'method': 'S2', 'total': 60, 'passed': 41, 'observable_pass': 41, 'state_pass': 52, 'optimizer_success': 40, 'reference_selections': 1, 'raw_checkpoint_success_flags': 41, 'median_cnots': 128.0, 'cnots_quantiles': [10.0, 127.0, 128.0, 128.0, 128.0], 'energy_error_quantiles': [2.3601532876208844e-07, 1.843215294328182e-05, 0.00010410523452630827, 0.0007295589175347524, 0.2197753540951141], 'fidelity_quantiles': [0.06722293465035983, 0.9973917034975096, 0.9995638164583052, 0.9999583236202172, 0.9999992707183989], 'selected_near_cap_count': 57, 'cap_warning': 'Selected cost near cap is not proof every failure is resource limited; per-point candidate availability, maximum searched gates and actual source stops are separate.'}, {'cohort': 'old_descriptive60', 'method': 'S2_192', 'total': 60, 'passed': 52, 'observable_pass': 52, 'state_pass': 57, 'optimizer_success': 22, 'reference_selections': 1, 'raw_checkpoint_success_flags': 23, 'median_cnots': 192.0, 'cnots_quantiles': [10.0, 191.0, 192.0, 192.0, 192.0], 'energy_error_quantiles': [1.723048269989628e-07, 2.6496152865836584e-06, 2.446305244648469e-05, 0.0001552929552944097, 0.2197753540951141], 'fidelity_quantiles': [0.06722293465035983, 0.9995909690858344, 0.9999198856748914, 0.9999957895149428, 0.9999995139731455], 'selected_near_cap_count': 51, 'cap_warning': 'Selected cost near cap is not proof every failure is resource limited; per-point candidate availability, maximum searched gates and actual source stops are separate.'}, {'cohort': 'old_descriptive60', 'method': 'B5_192', 'total': 60, 'passed': 52, 'observable_pass': 52, 'state_pass': 57, 'optimizer_success': 22, 'reference_selections': 1, 'raw_checkpoint_success_flags': 23, 'median_cnots': 192.0, 'cnots_quantiles': [10.0, 191.0, 192.0, 192.0, 192.0], 'energy_error_quantiles': [1.723048269989628e-07, 2.6496152865836584e-06, 2.446305244648469e-05, 0.0001552929552944097, 0.2197753540951141], 'fidelity_quantiles': [0.06722293465035983, 0.9995909690858344, 0.9999198856748914, 0.9999957895149428, 0.9999995139731455], 'selected_near_cap_count': 51, 'cap_warning': 'Selected cost near cap is not proof every failure is resource limited; per-point candidate availability, maximum searched gates and actual source stops are separate.'}, {'cohort': 'new_test24', 'method': 'S0', 'total': 24, 'passed': 10, 'observable_pass': 11, 'state_pass': 17, 'optimizer_success': 20, 'reference_selections': 0, 'raw_checkpoint_success_flags': 20, 'median_cnots': 128.0, 'cnots_quantiles': [63.0, 127.0, 128.0, 128.0, 128.0], 'energy_error_quantiles': [7.880272286264756e-06, 0.0001902904671499117, 0.0005635807296921296, 0.002256952881397415, 0.010788306187516547], 'fidelity_quantiles': [0.4997067748444765, 0.9794102710681307, 0.9981709748299377, 0.9994589687869833, 0.9999874251603607], 'selected_near_cap_count': 20, 'cap_warning': 'Selected cost near cap is not proof every failure is resource limited; per-point candidate availability, maximum searched gates and actual source stops are separate.'}, {'cohort': 'new_test24', 'method': 'S1', 'total': 24, 'passed': 9, 'observable_pass': 11, 'state_pass': 16, 'optimizer_success': 20, 'reference_selections': 0, 'raw_checkpoint_success_flags': 20, 'median_cnots': 128.0, 'cnots_quantiles': [127.0, 128.0, 128.0, 128.0, 128.0], 'energy_error_quantiles': [4.778196673882462e-07, 0.00018462812369487064, 0.0005635807296921296, 0.002256952881397415, 0.010788306187516547], 'fidelity_quantiles': [0.4997067748444765, 0.9468150986360496, 0.9977648120647487, 0.9993025114196846, 0.9999991629799305], 'selected_near_cap_count': 24, 'cap_warning': 'Selected cost near cap is not proof every failure is resource limited; per-point candidate availability, maximum searched gates and actual source stops are separate.'}, {'cohort': 'new_test24', 'method': 'S2', 'total': 24, 'passed': 11, 'observable_pass': 11, 'state_pass': 18, 'optimizer_success': 19, 'reference_selections': 1, 'raw_checkpoint_success_flags': 20, 'median_cnots': 128.0, 'cnots_quantiles': [10.0, 127.75, 128.0, 128.0, 128.0], 'energy_error_quantiles': [4.778196673882462e-07, 0.00018462812369487064, 0.0007610657394352405, 0.002256952881397415, 0.13803108334720507], 'fidelity_quantiles': [0.0006374423600732365, 0.9897769496696043, 0.9981709748299377, 0.9994589687869833, 0.9999991629799305], 'selected_near_cap_count': 20, 'cap_warning': 'Selected cost near cap is not proof every failure is resource limited; per-point candidate availability, maximum searched gates and actual source stops are separate.'}, {'cohort': 'new_test24', 'method': 'S2_192', 'total': 24, 'passed': 17, 'observable_pass': 17, 'state_pass': 20, 'optimizer_success': 9, 'reference_selections': 1, 'raw_checkpoint_success_flags': 10, 'median_cnots': 192.0, 'cnots_quantiles': [10.0, 191.75, 192.0, 192.0, 192.0], 'energy_error_quantiles': [1.714693098620046e-07, 3.9009629450211435e-05, 0.00017767447094851896, 0.0007298398572098316, 0.13803108334720507], 'fidelity_quantiles': [0.0006374423600732365, 0.9950899080042519, 0.9995442007907097, 0.9999307154351895, 0.9999992199771277], 'selected_near_cap_count': 19, 'cap_warning': 'Selected cost near cap is not proof every failure is resource limited; per-point candidate availability, maximum searched gates and actual source stops are separate.'}, {'cohort': 'new_test24', 'method': 'B5_192', 'total': 24, 'passed': 17, 'observable_pass': 17, 'state_pass': 20, 'optimizer_success': 9, 'reference_selections': 1, 'raw_checkpoint_success_flags': 10, 'median_cnots': 192.0, 'cnots_quantiles': [10.0, 191.75, 192.0, 192.0, 192.0], 'energy_error_quantiles': [1.714693098620046e-07, 3.9009629450211435e-05, 0.00017767447094851896, 0.0007298398572098316, 0.13803108334720507], 'fidelity_quantiles': [0.0006374423600732365, 0.9950899080042519, 0.9995442007907097, 0.9999307154351895, 0.9999992199771277], 'selected_near_cap_count': 19, 'cap_warning': 'Selected cost near cap is not proof every failure is resource limited; per-point candidate availability, maximum searched gates and actual source stops are separate.'}]
[{'p': 0, 'dt': 0.1, 'configs': 12, 'error_quantiles': [0.0007604373412312126, 0.0020255026845971413, 0.0030426575240687127, 0.006037911757207734, 0.012290486375877041], 'cnots': 640}, {'p': 0, 'dt': 0.05, 'configs': 12, 'error_quantiles': [0.0001898200302494213, 0.0005054093400919807, 0.0007511366426778306, 0.0015074140490162757, 0.0030406887279614547], 'cnots': 1280}, {'p': 0.01, 'dt': 0.1, 'configs': 12, 'error_quantiles': [0.18659080434654443, 0.2469594830681771, 0.41889064454216174, 0.45407227553239315, 0.8191595972050348], 'cnots': 640}, {'p': 0.01, 'dt': 0.05, 'configs': 12, 'error_quantiles': [0.21924459781211347, 0.3965224361268728, 0.4775931159707019, 0.6489848647152975, 0.9096801284431603], 'cnots': 1280}, {'p': 0.05, 'dt': 0.1, 'configs': 12, 'error_quantiles': [0.4228907174962544, 0.4910611366420933, 0.6508294758008997, 0.8466927039997671, 0.9217325238992072], 'cnots': 640}, {'p': 0.05, 'dt': 0.05, 'configs': 12, 'error_quantiles': [0.5691240649735694, 0.5784611137360762, 0.8220826857547372, 0.9326176226520705, 0.9391884868570627], 'cnots': 1280}]
180 1031
[{'version': 'branches', 'kappa': 0, 'global_peaks': [{'p': 0, 'metric': 'full_observable_change', 'support': [0.95, 0.975], 'quality_support': True, 'endpoint': False}, {'p': 0, 'metric': 'mx_derivative', 'support': [0.875, 0.9], 'quality_support': True, 'endpoint': False}, {'p': 0, 'metric': 'state_access_chi', 'support': [0.9, 0.925], 'quality_support': True, 'endpoint': False}, {'p': 0.01, 'metric': 'full_observable_change', 'support': [0.975, 1.0], 'quality_support': True, 'endpoint': False}, {'p': 0.01, 'metric': 'mx_derivative', 'support': [0.875, 0.9], 'quality_support': True, 'endpoint': False}, {'p': 0.01, 'metric': 'state_access_chi', 'support': [0.9, 0.925], 'quality_support': True, 'endpoint': False}, {'p': 0.05, 'metric': 'full_observable_change', 'support': [0.925, 0.95], 'quality_support': True, 'endpoint': False}, {'p': 0.05, 'metric': 'mx_derivative', 'support': [0.875, 0.9], 'quality_support': True, 'endpoint': False}, {'p': 0.05, 'metric': 'state_access_chi', 'support': [0.875, 0.9], 'quality_support': True, 'endpoint': False}], 'interpretation': 'Grid supports, not statistical confidence. Structure held fixed; pure preparation quality applies to full four-node peak stencil.'}, {'version': 'branches', 'kappa': 0.3, 'global_peaks': [{'p': 0, 'metric': 'full_observable_change', 'support': [0.45, 0.475], 'quality_support': True, 'endpoint': False}, {'p': 0, 'metric': 'mx_derivative', 'support': [0.425, 0.45], 'quality_support': True, 'endpoint': False}, {'p': 0, 'metric': 'state_access_chi', 'support': [0.425, 0.45], 'quality_support': True, 'endpoint': False}, {'p': 0.01, 'metric': 'full_observable_change', 'support': [0.45, 0.475], 'quality_support': True, 'endpoint': False}, {'p': 0.01, 'metric': 'mx_derivative', 'support': [0.45, 0.475], 'quality_support': True, 'endpoint': False}, {'p': 0.01, 'metric': 'state_access_chi', 'support': [0.45, 0.475], 'quality_support': True, 'endpoint': False}, {'p': 0.05, 'metric': 'full_observable_change', 'support': [0.475, 0.5], 'quality_support': True, 'endpoint': False}, {'p': 0.05, 'metric': 'mx_derivative', 'support': [0.475, 0.5], 'quality_support': True, 'endpoint': False}, {'p': 0.05, 'metric': 'state_access_chi', 'support': [0.475, 0.5], 'quality_support': True, 'endpoint': False}], 'interpretation': 'Grid supports, not statistical confidence. Structure held fixed; pure preparation quality applies to full four-node peak stencil.'}, {'version': 'branches', 'kappa': 0.8, 'global_peaks': [{'p': 0, 'metric': 'full_observable_change', 'support': [0.575, 0.6], 'quality_support': False, 'endpoint': False}, {'p': 0, 'metric': 'mx_derivative', 'support': [0.525, 0.55], 'quality_support': False, 'endpoint': False}, {'p': 0, 'metric': 'state_access_chi', 'support': [0.55, 0.575], 'quality_support': False, 'endpoint': False}, {'p': 0.01, 'metric': 'full_observable_change', 'support': [0.575, 0.6], 'quality_support': False, 'endpoint': False}, {'p': 0.01, 'metric': 'mx_derivative', 'support': [0.525, 0.55], 'quality_support': False, 'endpoint': False}, {'p': 0.01, 'metric': 'state_access_chi', 'support': [0.55, 0.575], 'quality_support': False, 'endpoint': False}, {'p': 0.05, 'metric': 'full_observable_change', 'support': [0.525, 0.55], 'quality_support': False, 'endpoint': False}, {'p': 0.05, 'metric': 'mx_derivative', 'support': [0.475, 0.5], 'quality_support': False, 'endpoint': False}, {'p': 0.05, 'metric': 'state_access_chi', 'support': [0.525, 0.55], 'quality_support': False, 'endpoint': False}], 'interpretation': 'Grid supports, not statistical confidence. Structure held fixed; pure preparation quality applies to full four-node peak stencil.'}, {'version': 'branches_refined', 'kappa': 0, 'global_peaks': [{'p': 0, 'metric': 'full_observable_change', 'support': [0.9625, 0.975], 'quality_support': True, 'endpoint': False}, {'p': 0, 'metric': 'mx_derivative', 'support': [0.8875, 0.9], 'quality_support': True, 'endpoint': False}, {'p': 0, 'metric': 'state_access_chi', 'support': [0.9125, 0.925], 'quality_support': True, 'endpoint': False}, {'p': 0.01, 'metric': 'full_observable_change', 'support': [0.95, 0.9625], 'quality_support': True, 'endpoint': False}, {'p': 0.01, 'metric': 'mx_derivative', 'support': [0.9, 0.9125], 'quality_support': True, 'endpoint': False}, {'p': 0.01, 'metric': 'state_access_chi', 'support': [0.9, 0.9125], 'quality_support': True, 'endpoint': False}, {'p': 0.05, 'metric': 'full_observable_change', 'support': [0.925, 0.9375], 'quality_support': True, 'endpoint': False}, {'p': 0.05, 'metric': 'mx_derivative', 'support': [0.8625, 0.875], 'quality_support': True, 'endpoint': False}, {'p': 0.05, 'metric': 'state_access_chi', 'support': [0.9, 0.9125], 'quality_support': True, 'endpoint': False}], 'interpretation': 'Grid supports, not statistical confidence. Structure held fixed; pure preparation quality applies to full four-node peak stencil.'}, {'version': 'branches_refined', 'kappa': 0.3, 'global_peaks': [{'p': 0, 'metric': 'full_observable_change', 'support': [0.45, 0.4625], 'quality_support': True, 'endpoint': False}, {'p': 0, 'metric': 'mx_derivative', 'support': [0.4375, 0.45], 'quality_support': True, 'endpoint': False}, {'p': 0, 'metric': 'state_access_chi', 'support': [0.4375, 0.45], 'quality_support': True, 'endpoint': False}, {'p': 0.01, 'metric': 'full_observable_change', 'support': [0.4625, 0.475], 'quality_support': True, 'endpoint': False}, {'p': 0.01, 'metric': 'mx_derivative', 'support': [0.45, 0.4625], 'quality_support': True, 'endpoint': False}, {'p': 0.01, 'metric': 'state_access_chi', 'support': [0.4875, 0.5], 'quality_support': True, 'endpoint': False}, {'p': 0.05, 'metric': 'full_observable_change', 'support': [0.4875, 0.5], 'quality_support': True, 'endpoint': False}, {'p': 0.05, 'metric': 'mx_derivative', 'support': [0.4875, 0.5], 'quality_support': True, 'endpoint': False}, {'p': 0.05, 'metric': 'state_access_chi', 'support': [0.4875, 0.5], 'quality_support': True, 'endpoint': False}], 'interpretation': 'Grid supports, not statistical confidence. Structure held fixed; pure preparation quality applies to full four-node peak stencil.'}, {'version': 'branches_refined', 'kappa': 0.8, 'global_peaks': [{'p': 0, 'metric': 'full_observable_change', 'support': [0.575, 0.5875], 'quality_support': False, 'endpoint': False}, {'p': 0, 'metric': 'mx_derivative', 'support': [0.5375, 0.55], 'quality_support': False, 'endpoint': False}, {'p': 0, 'metric': 'state_access_chi', 'support': [0.55, 0.5625], 'quality_support': False, 'endpoint': False}, {'p': 0.01, 'metric': 'full_observable_change', 'support': [0.575, 0.5875], 'quality_support': False, 'endpoint': False}, {'p': 0.01, 'metric': 'mx_derivative', 'support': [0.525, 0.5375], 'quality_support': False, 'endpoint': False}, {'p': 0.01, 'metric': 'state_access_chi', 'support': [0.55, 0.5625], 'quality_support': False, 'endpoint': False}, {'p': 0.05, 'metric': 'full_observable_change', 'support': [0.5375, 0.55], 'quality_support': False, 'endpoint': False}, {'p': 0.05, 'metric': 'mx_derivative', 'support': [0.475, 0.4875], 'quality_support': False, 'endpoint': False}, {'p': 0.05, 'metric': 'state_access_chi', 'support': [0.525, 0.5375], 'quality_support': False, 'endpoint': False}], 'interpretation': 'Grid supports, not statistical confidence. Structure held fixed; pure preparation quality applies to full four-node peak stencil.'}]
Full-map finite-shot summaries: 24
Exported full420 raw and mitigated maps
9228
Measurement setting audits: 9228
RNG audit passed: 4614 distinct key prefixes; 348 shared archives
[
  {
    "kappa": 0.6,
    "h": 0.2,
    "old_grade": "supported_in_tested_window",
    "new_grade": "support_strengthened",
    "bond_converged": true,
    "delta_e_per_site": 3.453085595239713e-10,
    "delta_c": 2.883026271383038e-06,
    "delta_entropy": 1.4160056169387758e-05,
    "initialization_delta_c": 1.046077718891425e-08,
    "entropy_c": [
      1.0128013211240288,
      1.0494876389252745
    ],
    "old_n96_c": [
      1.0234271747882588,
      1.0676462973718444
    ],
    "q": [
      1.2678745324282876,
      1.2682421401819828
    ],
    "power_wins_heldout_blocks": [
      true,
      true,
      true,
      true
    ],
    "scope": "Discrete tested center and separate neighboring points only; no inferred continuous interval",
    "needs_chi512": false
  },
  {
    "kappa": 0.8,
    "h": 0.5,
    "old_grade": "supported_in_tested_window",
    "new_grade": "support_strengthened",
    "bond_converged": true,
    "delta_e_per_site": 6.678922970237977e-10,
    "delta_c": 5.974097241623344e-06,
    "delta_entropy": 1.1039518573952023e-05,
    "initialization_delta_c": 6.150659176418216e-09,
    "entropy_c": [
      0.9798721293393502,
      0.9752169961592869
    ],
    "old_n96_c": [
      1.019960958496629,
      0.9899847949780392
    ],
    "q": [
      1.3578086040324093,
      1.3584509759799361
    ],
    "power_wins_heldout_blocks": [
      true,
      true,
      true,
      true
    ],
    "scope": "Discrete tested center and separate neighboring points only; no inferred continuous interval",
    "needs_chi512": false
  },
  {
    "kappa": 1,
    "h": 0.7,
    "old_grade": "supported_in_tested_window",
    "new_grade": "support_strengthened",
    "bond_converged": true,
    "delta_e_per_site": 8.964080588924617e-10,
    "delta_c": 5.13731135493023e-06,
    "delta_entropy": 1.0835894611149754e-05,
    "initialization_delta_c": 1.807439031775715e-09,
    "entropy_c": [
      1.0835854083632497,
      1.0685409359399176
    ],
    "old_n96_c": [
      1.1327405582624859,
      1.13941448007713
    ],
    "q": [
      1.4224981516967339,
      1.4229095096156539
    ],
    "power_wins_heldout_blocks": [
      true,
      true,
      true,
      true
    ],
    "scope": "Discrete tested center and separate neighboring points only; no inferred continuous interval",
    "needs_chi512": false
  }
]
[{'n': 160, 'kappa': 1.0, 'h': 0.7, 'chi': 128, 'c_windows': [1.083128878129408, 1.0542817047210424], 'q_windows': [1.425273089283631, 1.4258248156609485], 'max_discarded_weight': 4.410660994579954e-09, 'last_delta_E': -3.4285108085896354e-10, 'last_delta_S': 1.5244491846644337e-07, 'archive': 'results/stage5_v1/floating_validation/n160_k1.000_h0.700_chi128_plus.npz', 'checkpoint': 'results/stage5_v1/floating_validation/n160_k1.000_h0.700_chi128_plus.pkl'}, {'n': 160, 'kappa': 1.0, 'h': 0.7, 'chi': 256, 'c_windows': [1.083402634244325, 1.0546809625891371], 'q_windows': [1.4252730541617946, 1.4258248383639995], 'max_discarded_weight': 1.851329855301022e-09, 'last_delta_E': -1.8602008822199423e-10, 'last_delta_S': 1.9403339157619826e-08, 'archive': 'results/stage5_v1/floating_validation/n160_k1.000_h0.700_chi256_plus.npz', 'checkpoint': 'results/stage5_v1/floating_validation/n160_k1.000_h0.700_chi256_plus.pkl'}]
Statistics: 20 94 core points
results/stage5_v1/submission/figures
.venv/lib/python3.14/site-packages/IPython/paths.py:67: UserWarning: IPython parent 'LOCAL_USER is not a writable location, using a temp directory.
  warn("IPython parent '{}' is not a writable location,"
.venv/lib/python3.14/site-packages/IPython/paths.py:67: UserWarning: IPython parent 'LOCAL_USER is not a writable location, using a temp directory.
  warn("IPython parent '{}' is not a writable location,"
[IPKernelApp] WARNING | Kernel is running over TCP without encryption. All communication (including code and outputs) is sent in plain text and is susceptible to eavesdropping. Use IPC transport or launch with kernel manager-provisioned CurveZMQ keys to enable transport encryption.
[IPKernelApp] ERROR | Exception during subprocesses termination [Errno 1] Operation not permitted (originated from sysctl() malloc 1/3)
Traceback (most recent call last):
  File ".venv/lib/python3.14/site-packages/ipykernel/kernelbase.py", line 1529, in _at_shutdown
    await self._progressively_terminate_all_children()
  File ".venv/lib/python3.14/site-packages/ipykernel/kernelbase.py", line 1507, in _progressively_terminate_all_children
    if not self._process_children():
           ~~~~~~~~~~~~~~~~~~~~~~^^
  File ".venv/lib/python3.14/site-packages/ipykernel/kernelbase.py", line 1490, in _process_children
    all_children = kernel_process.children(recursive=True)
  File ".venv/lib/python3.14/site-packages/psutil/__init__.py", line 978, in children
    ppid_map = _ppid_map()
  File ".venv/lib/python3.14/site-packages/psutil/__init__.py", line 256, in _ppid_map
    for pid in pids():
               ~~~~^^
  File ".venv/lib/python3.14/site-packages/psutil/__init__.py", line 1485, in pids
    ret = sorted(_psplatform.pids())
                 ~~~~~~~~~~~~~~~~^^
  File ".venv/lib/python3.14/site-packages/psutil/_psosx.py", line 320, in pids
    ls = cext.pids()
PermissionError: [Errno 1] Operation not permitted (originated from sysctl() malloc 1/3)
Narrative and notebook completed
