full raw 1 420 0.13
full raw 21 420 3.45
full raw 41 420 7.69
full raw 61 420 12.97
full raw 81 420 19.4
full raw 101 420 26.95
full raw 121 420 35.5
full raw 141 420 42.73
full raw 161 420 53.65
full raw 181 420 65.62
full raw 201 420 78.94
full raw 221 420 92.19
full raw 241 420 105.46
full raw 261 420 121.39
full raw 281 420 139.1
full raw 301 420 158.25
full raw 321 420 178.09
full raw 341 420 196.63
full raw 361 420 218.48
full raw 381 420 240.81
full raw 401 420 264.0
full raw complete 420 286.62
