map 1 420 0.09
map 6 420 0.19
map 11 420 0.32
map 16 420 0.49
map 21 420 0.66
map 26 420 0.85
map 31 420 1.07
map 36 420 1.33
map 41 420 1.63
map 46 420 1.94
map 51 420 2.28
map 56 420 2.64
map 61 420 3.02
map 66 420 3.42
map 71 420 3.87
map 76 420 4.34
map 81 420 4.81
map 86 420 5.33
map 91 420 5.88
map 96 420 6.53
map 101 420 7.13
map 106 420 7.78
map 111 420 8.46
map 116 420 9.17
map 121 420 9.88
map 126 420 10.67
map 131 420 11.43
map 136 420 12.25
map 141 420 13.1
map 146 420 13.95
map 151 420 14.84
map 156 420 15.75
map 161 420 16.68
map 166 420 17.64
map 171 420 18.64
map 176 420 19.66
map 181 420 20.73
map 186 420 21.83
map 191 420 22.97
map 196 420 24.14
map 201 420 25.47
map 206 420 26.71
map 211 420 27.97
map 216 420 29.24
map 221 420 30.56
map 226 420 31.88
map 231 420 33.27
map 236 420 34.65
map 241 420 36.08
map 246 420 37.57
map 251 420 39.16
map 256 420 40.75
map 261 420 42.41
map 266 420 44.06
map 271 420 45.71
map 276 420 47.43
map 281 420 49.47
map 286 420 51.57
map 291 420 53.59
map 296 420 55.71
map 301 420 57.77
map 306 420 59.72
map 311 420 61.74
map 316 420 63.85
map 321 420 66.09
map 326 420 68.26
map 331 420 70.43
map 336 420 72.61
map 341 420 74.85
map 346 420 77.14
map 351 420 79.47
map 356 420 81.81
map 361 420 84.19
map 366 420 86.61
map 371 420 89.03
map 376 420 91.5
map 381 420 94.01
map 386 420 96.52
map 391 420 99.04
map 396 420 101.61
map 401 420 104.4
map 406 420 107.28
map 411 420 110.17
map 416 420 113.07
