1 420 3.3
11 420 7.9
21 420 18.6
31 420 28.6
41 420 39.8
51 420 52.4
61 420 63.8
71 420 73.7
81 420 83.1
91 420 95.6
101 420 105.0
111 420 117.1
121 420 128.5
131 420 141.2
141 420 154.9
151 420 169.5
161 420 182.6
171 420 192.9
181 420 206.8
191 420 215.1
201 420 228.9
211 420 239.9
221 420 255.0
231 420 262.9
241 420 275.9
251 420 283.3
261 420 294.6
271 420 298.0
281 420 312.6
291 420 318.2
301 420 332.1
311 420 337.3
321 420 349.7
331 420 354.5
341 420 366.5
351 420 373.7
361 420 382.8
371 420 387.7
381 420 399.2
391 420 408.1
401 420 418.4
411 420 427.5
