0 0.2 S0_128 0 0.0014786669635213912
0 0.2 S0_128 0.01 0.001099625020287931
0 0.2 S0_128 0.05 0.0007529170252382755
0 0.2 S1_128 0 0.0010693750227801502
0 0.2 S1_128 0.01 0.0010239590192213655
0 0.2 S1_128 0.05 0.0009769999887794256
0 0.2 S2_128 0 0.000979083008132875
0 0.2 S2_128 0.01 0.0008242499898187816
0 0.2 S2_128 0.05 0.00164079200476408
0 0.2 S2_192 0 0.001005499972961843
0 0.2 S2_192 0.01 71.67821179103339
0 0.2 S2_192 0.05 75.16031608398771
0 0.2 B5_192 0 0.0010933749726973474
0 0.2 B5_192 0.01 0.0006474999827332795
0 0.2 B5_192 0.05 0.0006558329914696515
0 0.5 S0_128 0 0.0012258340138942003
0 0.5 S0_128 0.01 0.0015649999841116369
0 0.5 S0_128 0.05 0.0012503750040195882
0 0.5 S1_128 0 0.0005751659628003836
0 0.5 S1_128 0.01 0.0006313329795375466
0 0.5 S1_128 0.05 0.0006072500254958868
0 0.5 S2_128 0 0.0006170829874463379
0 0.5 S2_128 0.01 0.0006796249654144049
0 0.5 S2_128 0.05 0.0006157499738037586
0 0.5 S2_192 0 81.09472587500932
0 0.5 S2_192 0.01 118.82831991702551
0 0.5 S2_192 0.05 111.63829254201846
0 0.5 B5_192 0 0.09562000003643334
0 0.5 B5_192 0.01 0.11573495803168043
0 0.5 B5_192 0.05 0.07140629197238013
0 1 S0_128 0 0.0012612920254468918
0 1 S0_128 0.01 0.0012556249857880175
0 1 S0_128 0.05 0.00136358302552253
0 1 S1_128 0 0.0007354160188697278
0 1 S1_128 0.01 0.0006184580270200968
0 1 S1_128 0.05 0.0006139590404927731
0 1 S2_128 0 0.0006732079782523215
0 1 S2_128 0.01 0.0006064999615773559
0 1 S2_128 0.05 0.0006085829809308052
0 1 S2_192 0 70.05272316699848
0 1 S2_192 0.01 100.48550316604087
0 1 S2_192 0.05 98.96053229202516
0 1 B5_192 0 0.0015525419730693102
0 1 B5_192 0.01 0.0010907500400207937
0 1 B5_192 0.05 0.000820208981167525
0 1.8 S0_128 0 0.0013222920242697
0 1.8 S0_128 0.01 0.0011009590234607458
0 1.8 S0_128 0.05 0.0012909999932162464
0 1.8 S1_128 0 0.0006117919692769647
0 1.8 S1_128 0.01 0.0006493330001831055
0 1.8 S1_128 0.05 0.0006012920057401061
0 1.8 S2_128 0 0.0005868749576620758
0 1.8 S2_128 0.01 0.0006355000077746809
0 1.8 S2_128 0.05 0.0005875000497326255
0 1.8 S2_192 0 68.61583754199091
0 1.8 S2_192 0.01 95.97443604195723
0 1.8 S2_192 0.05 96.90065775002586
0 1.8 B5_192 0 0.05032504198607057
0 1.8 B5_192 0.01 0.061432290996890515
0 1.8 B5_192 0.05 0.06467387499287724
0.3 0.2 S0_128 0 0.0015566250076517463
0.3 0.2 S0_128 0.01 0.0008875000057742
0.3 0.2 S0_128 0.05 0.0008367910049855709
0.3 0.2 S1_128 0 43.81067041598726
0.3 0.2 S1_128 0.01 61.80099000001792
0.3 0.2 S1_128 0.05 61.82247783301864
0.3 0.2 S2_128 0 0.0008667079964652658
0.3 0.2 S2_128 0.01 0.000530666031409055
0.3 0.2 S2_128 0.05 0.0005205830093473196
0.3 0.2 S2_192 0 53.40210200002184
0.3 0.2 S2_192 0.01 74.87215970898978
0.3 0.2 S2_192 0.05 75.40044866700191
0.3 0.2 B5_192 0 0.0007291659712791443
0.3 0.2 B5_192 0.01 0.0006713750190101564
0.3 0.2 B5_192 0.05 0.0006173339788801968
0.3 0.5 S0_128 0 0.0012310000020079315
0.3 0.5 S0_128 0.01 0.0012344170245341957
0.3 0.5 S0_128 0.05 0.0011721670161932707
0.3 0.5 S1_128 0 0.0006969159585423768
0.3 0.5 S1_128 0.01 0.0006479169824160635
0.3 0.5 S1_128 0.05 0.0006476250127889216
0.3 0.5 S2_128 0 0.0006843750015832484
0.3 0.5 S2_128 0.01 0.0006211670115590096
0.3 0.5 S2_128 0.05 0.0006140419864095747
0.3 0.5 S2_192 0 65.92596270900685
0.3 0.5 S2_192 0.01 95.09011608397122
0.3 0.5 S2_192 0.05 95.7509709590231
0.3 0.5 B5_192 0 0.08834716700948775
0.3 0.5 B5_192 0.01 0.11149874998955056
0.3 0.5 B5_192 0.05 0.06982745899586007
0.3 1 S0_128 0 0.0015813339850865304
0.3 1 S0_128 0.01 0.0013956669718027115
0.3 1 S0_128 0.05 0.0012499160366132855
0.3 1 S1_128 0 0.0006102090119384229
0.3 1 S1_128 0.01 0.0006411669892258942
0.3 1 S1_128 0.05 0.0005963339935988188
0.3 1 S2_128 0 0.0005891670007258654
0.3 1 S2_128 0.01 0.0006174169830046594
0.3 1 S2_128 0.05 0.000577665981836617
0.3 1 S2_192 0 63.018354458967224
0.3 1 S2_192 0.01 90.24351908295648
0.3 1 S2_192 0.05 93.76023787498707
0.3 1 B5_192 0 0.0016456249868497252
0.3 1 B5_192 0.01 0.0028401250019669533
0.3 1 B5_192 0.05 0.0011949999607168138
0.3 1.8 S0_128 0 0.0017825409886427224
0.3 1.8 S0_128 0.01 0.0015225830138660967
0.3 1.8 S0_128 0.05 0.0012909580254927278
0.3 1.8 S1_128 0 56.45454770803917
0.3 1.8 S1_128 0.01 86.65870858402923
0.3 1.8 S1_128 0.05 78.9840028330218
0.3 1.8 S2_128 0 0.0012415829696692526
0.3 1.8 S2_128 0.01 0.0008812500163912773
0.3 1.8 S2_128 0.05 0.000632709008641541
0.3 1.8 S2_192 0 69.1436634589918
0.3 1.8 S2_192 0.01 96.06816458405228
0.3 1.8 S2_192 0.05 96.81149141700007
0.3 1.8 B5_192 0 0.05027725000400096
0.3 1.8 B5_192 0.01 0.06104841601336375
0.3 1.8 B5_192 0.05 0.06543379201320931
0.8 0.2 S0_128 0 0.0008861660026013851
0.8 0.2 S0_128 0.01 0.0008589999633841217
0.8 0.2 S0_128 0.05 0.0010876660235226154
0.8 0.2 S1_128 0 44.208475375024136
0.8 0.2 S1_128 0.01 62.02748991595581
0.8 0.2 S1_128 0.05 62.13388366595609
0.8 0.2 S2_128 0 0.0006614160374738276
0.8 0.2 S2_128 0.01 0.0005119580309838057
0.8 0.2 S2_128 0.05 0.0004831660189665854
0.8 0.2 S2_192 0 64.35747874999652
0.8 0.2 S2_192 0.01 91.79282758303452
0.8 0.2 S2_192 0.05 91.44401558296522
0.8 0.2 B5_192 0 0.0008778749615885317
0.8 0.2 B5_192 0.01 0.0007047500112093985
0.8 0.2 B5_192 0.05 0.0006918750004842877
0.8 0.5 S0_128 0 0.0012315000058151782
0.8 0.5 S0_128 0.01 0.001178957987576723
0.8 0.5 S0_128 0.05 0.0011519590043462813
0.8 0.5 S1_128 0 0.0005908330203965306
0.8 0.5 S1_128 0.01 0.0006270839949138463
0.8 0.5 S1_128 0.05 0.0005632080137729645
0.8 0.5 S2_128 0 0.0006838329718448222
0.8 0.5 S2_128 0.01 0.000762958952691406
0.8 0.5 S2_128 0.05 0.0006147089879959822
0.8 0.5 S2_192 0 71.98482399998466
0.8 0.5 S2_192 0.01 100.88409874995705
0.8 0.5 S2_192 0.05 101.28388233401347
0.8 0.5 B5_192 0 0.11638770799618214
0.8 0.5 B5_192 0.01 0.09663745801663026
0.8 0.5 B5_192 0.05 0.0746751669794321
0.8 1 S0_128 0 0.0013110419968143106
0.8 1 S0_128 0.01 0.0012307079741731286
0.8 1 S0_128 0.05 0.0011827920097857714
0.8 1 S1_128 0 0.0006975830183364451
0.8 1 S1_128 0.01 0.0006498339935205877
0.8 1 S1_128 0.05 0.000638500030618161
0.8 1 S2_128 0 0.0006768329767510295
0.8 1 S2_128 0.01 0.0006269579753279686
0.8 1 S2_128 0.05 0.0008392500458285213
0.8 1 S2_192 0 64.57798875001026
0.8 1 S2_192 0.01 91.01564945897553
0.8 1 S2_192 0.05 91.46838220802601
0.8 1 B5_192 0 0.001394583028741181
0.8 1 B5_192 0.01 0.0010185830178670585
0.8 1 B5_192 0.05 0.0008014580234885216
0.8 1.8 S0_128 0 0.0012872500228695571
0.8 1.8 S0_128 0.01 0.001128166972193867
0.8 1.8 S0_128 0.05 0.0014972919598221779
0.8 1.8 S1_128 0 0.0007754160324111581
0.8 1.8 S1_128 0.01 0.0006410409696400166
0.8 1.8 S1_128 0.05 0.0006291669560596347
0.8 1.8 S2_128 0 0.0006857080152258277
0.8 1.8 S2_128 0.01 0.0006205410463735461
0.8 1.8 S2_128 0.05 0.0006572089623659849
0.8 1.8 S2_192 0 76.58660208299989
0.8 1.8 S2_192 0.01 103.95526108302874
0.8 1.8 S2_192 0.05 105.60230862500612
0.8 1.8 B5_192 0 0.08533937501488253
0.8 1.8 B5_192 0.01 0.10640816699014977
0.8 1.8 B5_192 0.05 0.06622466701082885
complete 12 3574.0920164579875
