full_best 1 420 0.39
full_best 2 420 0.64
full_best 3 420 0.89
full_best 4 420 1.14
full_best 5 420 1.4
full_best 6 420 1.68
full_best 7 420 1.98
full_best 8 420 2.27
full_best 9 420 2.58
full_best 10 420 2.89
full_best 11 420 3.19
full_best 12 420 3.49
full_best 13 420 3.83
full_best 14 420 4.16
full_best 15 420 4.5
full_best 16 420 4.85
full_best 17 420 5.21
full_best 18 420 5.57
full_best 19 420 5.93
full_best 20 420 6.3
full_best 21 420 9.73
full_best 22 420 15.05
full_best 23 420 19.92
full_best 24 420 25.94
full_best 25 420 32.53
full_best 26 420 39.14
full_best 27 420 44.41
full_best 28 420 50.94
full_best 29 420 57.77
full_best 30 420 65.28
full_best 31 420 72.35
full_best 32 420 79.74
full_best 33 420 87.08
full_best 34 420 93.91
full_best 35 420 101.08
full_best 36 420 107.64
full_best 37 420 114.26
full_best 38 420 120.81
full_best 39 420 125.85
full_best 40 420 130.8
full_best 41 420 134.24
full_best 42 420 139.41
full_best 43 420 145.22
full_best 44 420 152.11
full_best 45 420 158.71
full_best 46 420 165.26
full_best 47 420 171.67
full_best 48 420 178.7
full_best 49 420 185.79
full_best 50 420 192.97
full_best 51 420 199.94
full_best 52 420 206.94
full_best 53 420 213.44
full_best 54 420 220.06
full_best 55 420 226.47
full_best 56 420 233.13
full_best 57 420 239.21
full_best 58 420 244.54
full_best 59 420 249.66
full_best 60 420 254.81
full_best 61 420 258.6
full_best 62 420 264.02
full_best 63 420 269.26
full_best 64 420 275.8
full_best 65 420 282.66
full_best 66 420 289.75
full_best 67 420 296.37
full_best 68 420 303.52
full_best 69 420 310.06
full_best 70 420 316.82
full_best 71 420 323.55
full_best 72 420 331.13
full_best 73 420 338.47
full_best 74 420 346.19
full_best 75 420 351.3
full_best 76 420 356.03
full_best 77 420 360.85
full_best 78 420 364.33
full_best 79 420 367.98
full_best 80 420 371.36
full_best 81 420 374.52
full_best 82 420 380.28
full_best 83 420 386.39
full_best 84 420 392.68
full_best 85 420 398.93
full_best 86 420 404.8
full_best 87 420 410.16
full_best 88 420 415.38
full_best 89 420 420.8
full_best 90 420 424.87
full_best 91 420 428.83
full_best 92 420 432.86
full_best 93 420 436.75
full_best 94 420 441.03
full_best 95 420 444.95
full_best 96 420 449.23
full_best 97 420 453.38
full_best 98 420 457.35
full_best 99 420 461.33
full_best 100 420 465.6
full_best 101 420 468.44
full_best 102 420 472.5
full_best 103 420 477.61
full_best 104 420 483.11
full_best 105 420 488.44
full_best 106 420 493.89
full_best 107 420 499.13
full_best 108 420 503.19
full_best 109 420 508.3
full_best 110 420 513.92
full_best 111 420 519.91
full_best 112 420 526.21
full_best 113 420 532.04
full_best 114 420 537.33
full_best 115 420 542.56
full_best 116 420 547.91
full_best 117 420 552.41
full_best 118 420 556.48
full_best 119 420 560.82
full_best 120 420 564.88
full_best 121 420 565.3
full_best 122 420 565.73
full_best 123 420 566.18
full_best 124 420 566.61
full_best 125 420 567.13
full_best 126 420 567.57
full_best 127 420 568.07
full_best 128 420 568.51
full_best 129 420 568.97
full_best 130 420 569.43
full_best 131 420 569.93
full_best 132 420 570.42
full_best 133 420 570.91
full_best 134 420 571.41
full_best 135 420 571.92
full_best 136 420 572.43
full_best 137 420 572.94
full_best 138 420 573.45
full_best 139 420 573.97
full_best 140 420 574.49
full_best 141 420 578.53
full_best 142 420 584.05
full_best 143 420 589.63
full_best 144 420 595.47
full_best 145 420 600.92
full_best 146 420 606.48
full_best 147 420 612.22
full_best 148 420 618.4
full_best 149 420 624.03
full_best 150 420 629.65
full_best 151 420 635.31
full_best 152 420 640.77
full_best 153 420 646.4
full_best 154 420 651.83
full_best 155 420 657.34
full_best 156 420 662.98
full_best 157 420 668.57
full_best 158 420 674.89
full_best 159 420 681.13
full_best 160 420 687.35
full_best 161 420 692.58
full_best 162 420 699.01
full_best 163 420 705.22
full_best 164 420 711.07
full_best 165 420 716.9
full_best 166 420 722.66
full_best 167 420 728.2
full_best 168 420 733.67
full_best 169 420 739.24
full_best 170 420 744.92
full_best 171 420 750.59
full_best 172 420 756.17
full_best 173 420 761.91
full_best 174 420 767.61
full_best 175 420 773.09
full_best 176 420 778.54
full_best 177 420 784.3
full_best 178 420 790.07
full_best 179 420 795.68
full_best 180 420 801.14
full_best 181 420 806.6
full_best 182 420 812.45
full_best 183 420 818.38
full_best 184 420 824.31
full_best 185 420 830.14
full_best 186 420 835.65
full_best 187 420 841.49
full_best 188 420 847.29
full_best 189 420 853.21
full_best 190 420 859.03
full_best 191 420 864.92
full_best 192 420 870.61
full_best 193 420 876.41
full_best 194 420 881.86
full_best 195 420 887.47
full_best 196 420 893.25
full_best 197 420 899.1
full_best 198 420 904.78
full_best 199 420 910.87
full_best 200 420 917.26
full_best 201 420 919.82
full_best 202 420 926.01
full_best 203 420 931.5
full_best 204 420 937.44
full_best 205 420 943.26
full_best 206 420 949.07
full_best 207 420 955.05
full_best 208 420 960.51
full_best 209 420 966.28
full_best 210 420 972.05
full_best 211 420 977.96
full_best 212 420 983.74
full_best 213 420 989.68
full_best 214 420 995.42
full_best 215 420 1001.19
full_best 216 420 1007.04
full_best 217 420 1012.84
full_best 218 420 1018.6
full_best 219 420 1024.46
full_best 220 420 1030.22
full_best 221 420 1035.79
full_best 222 420 1041.59
full_best 223 420 1047.49
full_best 224 420 1053.52
full_best 225 420 1059.74
full_best 226 420 1065.71
full_best 227 420 1071.61
full_best 228 420 1077.61
full_best 229 420 1083.75
full_best 230 420 1089.71
full_best 231 420 1095.3
full_best 232 420 1100.94
full_best 233 420 1106.69
full_best 234 420 1112.5
full_best 235 420 1118.01
full_best 236 420 1124.07
full_best 237 420 1129.7
full_best 238 420 1135.39
full_best 239 420 1141.1
full_best 240 420 1146.63
full_best 241 420 1152.17
full_best 242 420 1157.73
full_best 243 420 1162.24
full_best 244 420 1167.98
full_best 245 420 1173.75
full_best 246 420 1179.38
full_best 247 420 1185.09
full_best 248 420 1190.82
full_best 249 420 1196.69
full_best 250 420 1202.59
full_best 251 420 1208.41
full_best 252 420 1214.1
full_best 253 420 1219.96
full_best 254 420 1225.85
full_best 255 420 1231.74
full_best 256 420 1237.65
full_best 257 420 1243.49
full_best 258 420 1249.25
full_best 259 420 1255.11
full_best 260 420 1260.61
full_best 261 420 1266.23
full_best 262 420 1271.74
full_best 263 420 1277.18
full_best 264 420 1283.12
full_best 265 420 1289.23
full_best 266 420 1295.42
full_best 267 420 1301.49
full_best 268 420 1307.52
full_best 269 420 1313.43
full_best 270 420 1319.57
full_best 271 420 1325.94
full_best 272 420 1331.95
full_best 273 420 1338.0
full_best 274 420 1343.78
full_best 275 420 1349.58
full_best 276 420 1355.33
full_best 277 420 1361.12
full_best 278 420 1367.3
full_best 279 420 1373.4
full_best 280 420 1379.58
full_best 281 420 1384.71
full_best 282 420 1391.08
full_best 283 420 1397.41
full_best 284 420 1403.79
full_best 285 420 1410.36
full_best 286 420 1417.45
full_best 287 420 1424.52
full_best 288 420 1431.5
full_best 289 420 1438.52
full_best 290 420 1445.79
full_best 291 420 1453.02
full_best 292 420 1460.17
full_best 293 420 1467.46
full_best 294 420 1474.86
full_best 295 420 1482.79
full_best 296 420 1489.69
full_best 297 420 1495.91
full_best 298 420 1503.08
full_best 299 420 1510.88
full_best 300 420 1518.55
full_best 301 420 1524.52
full_best 302 420 1531.5
full_best 303 420 1537.63
full_best 304 420 1543.85
full_best 305 420 1550.08
full_best 306 420 1556.44
full_best 307 420 1562.64
full_best 308 420 1568.88
full_best 309 420 1575.17
full_best 310 420 1581.26
full_best 311 420 1587.48
full_best 312 420 1593.99
full_best 313 420 1600.31
full_best 314 420 1606.57
full_best 315 420 1612.63
full_best 316 420 1618.71
full_best 317 420 1624.89
full_best 318 420 1631.09
full_best 319 420 1637.46
full_best 320 420 1643.67
full_best 321 420 1644.83
full_best 322 420 1646.01
full_best 323 420 1647.19
full_best 324 420 1648.39
full_best 325 420 1649.59
full_best 326 420 1650.97
full_best 327 420 1652.39
full_best 328 420 1653.93
full_best 329 420 1655.47
full_best 330 420 1656.82
full_best 331 420 1658.05
full_best 332 420 1659.32
full_best 333 420 1660.53
full_best 334 420 1661.95
full_best 335 420 1663.19
full_best 336 420 1664.41
full_best 337 420 1665.65
full_best 338 420 1667.04
full_best 339 420 1668.27
full_best 340 420 1669.53
full_best 341 420 1674.61
full_best 342 420 1680.08
full_best 343 420 1686.34
full_best 344 420 1692.69
full_best 345 420 1698.87
full_best 346 420 1705.09
full_best 347 420 1711.36
full_best 348 420 1717.9
full_best 349 420 1724.49
full_best 350 420 1730.97
full_best 351 420 1737.54
full_best 352 420 1743.84
full_best 353 420 1750.42
full_best 354 420 1756.71
full_best 355 420 1763.13
full_best 356 420 1769.29
full_best 357 420 1776.14
full_best 358 420 1782.57
full_best 359 420 1788.87
full_best 360 420 1795.36
full_best 361 420 1796.67
full_best 362 420 1798.15
full_best 363 420 1804.41
full_best 364 420 1810.65
full_best 365 420 1817.09
full_best 366 420 1823.64
full_best 367 420 1830.06
full_best 368 420 1836.36
full_best 369 420 1842.85
full_best 370 420 1849.02
full_best 371 420 1855.43
full_best 372 420 1862.04
full_best 373 420 1868.01
full_best 374 420 1874.25
full_best 375 420 1880.72
full_best 376 420 1887.17
full_best 377 420 1893.47
full_best 378 420 1899.88
full_best 379 420 1906.88
full_best 380 420 1914.52
full_best 381 420 1917.93
full_best 382 420 1924.05
full_best 383 420 1930.93
full_best 384 420 1938.5
full_best 385 420 1946.01
full_best 386 420 1953.53
full_best 387 420 1960.97
full_best 388 420 1968.52
full_best 389 420 1976.1
full_best 390 420 1983.64
full_best 391 420 1991.1
full_best 392 420 1999.0
full_best 393 420 2006.53
full_best 394 420 2013.92
full_best 395 420 2021.42
full_best 396 420 2028.88
full_best 397 420 2036.33
full_best 398 420 2043.96
full_best 399 420 2051.51
full_best 400 420 2059.31
full_best 401 420 2061.05
full_best 402 420 2062.78
full_best 403 420 2068.94
full_best 404 420 2076.46
full_best 405 420 2084.1
full_best 406 420 2091.81
full_best 407 420 2099.32
full_best 408 420 2107.18
full_best 409 420 2114.97
full_best 410 420 2122.65
full_best 411 420 2130.2
full_best 412 420 2137.64
full_best 413 420 2145.29
full_best 414 420 2152.99
full_best 415 420 2160.81
full_best 416 420 2168.42
full_best 417 420 2176.49
full_best 418 420 2184.74
full_best 419 420 2193.1
full_best 420 420 2201.07
