development 0 C0 0.45 0.15 4.66
development 0 C1 0.45 0.15 11.14
development 0 C2 0.45 0.15 30.01
development 0 C3 0.45 0.15 45.6
development 1 C0 0.5 0.15 4.82
development 1 C1 0.5 0.15 8.56
development 1 C2 0.5 0.15 26.55
development 1 C3 0.5 0.15 43.81
development 2 C0 0.55 0.15 2.84
development 2 C1 0.55 0.15 6.37
development 2 C2 0.55 0.15 31.21
development 2 C3 0.55 0.15 30.32
development 3 C0 0.8 0.6 1.85
development 3 C1 0.8 0.6 5.71
development 3 C2 0.8 0.6 27.7
development 3 C3 0.8 0.6 46.87
development 4 C0 0.8 0.8 3.17
development 4 C1 0.8 0.8 5.74
development 4 C2 0.8 0.8 25.14
development 4 C3 0.8 0.8 46.4
development 5 C0 0.425 0.02 0.9
development 5 C1 0.425 0.02 2.33
development 5 C2 0.425 0.02 0.92
development 5 C3 0.425 0.02 6.21
development 6 C0 0.45 0.035 3.34
development 6 C1 0.45 0.035 6.08
development 6 C2 0.45 0.035 10.3
development 6 C3 0.45 0.035 33.93
development 7 C0 0.475 0.05 7.52
development 7 C1 0.475 0.05 10.8
development 7 C2 0.475 0.05 26.02
development 7 C3 0.475 0.05 34.26
development 8 C0 0.5 0.01 5.3
development 8 C1 0.5 0.01 10.74
development 8 C2 0.5 0.01 57.47
development 8 C3 0.5 0.01 78.63
development 9 C0 0.5 0.075 7.7
development 9 C1 0.5 0.075 9.37
development 9 C2 0.5 0.075 30.43
development 9 C3 0.5 0.075 65.8
development 10 C0 0.525 0.035 4.43
development 10 C1 0.525 0.035 8.74
development 10 C2 0.525 0.035 21.29
development 10 C3 0.525 0.035 48.85
development 11 C0 0.55 0.05 5.64
development 11 C1 0.55 0.05 8.25
development 11 C2 0.55 0.05 34.79
development 11 C3 0.55 0.05 25.14
development 12 C0 0.575 0.075 5.15
development 12 C1 0.575 0.075 7.63
development 12 C2 0.575 0.075 57.77
development 12 C3 0.575 0.075 77.89
development 13 C0 0.4 0.3 5.65
development 13 C1 0.4 0.3 12.36
development 13 C2 0.4 0.3 30.74
development 13 C3 0.4 0.3 65.57
development 14 C0 0.45 0.2 8.81
development 14 C1 0.45 0.2 10.77
development 14 C2 0.45 0.2 35.93
development 14 C3 0.45 0.2 56.98
development 15 C0 0.5 0.1 5.99
development 15 C1 0.5 0.1 11.38
development 15 C2 0.5 0.1 30.66
development 15 C3 0.5 0.1 77.57
development 16 C0 0.5 0.2 6.3
development 16 C1 0.5 0.2 11.04
development 16 C2 0.5 0.2 34.86
development 16 C3 0.5 0.2 58.6
development 17 C0 0.55 0.1 6.72
development 17 C1 0.55 0.1 11.03
development 17 C2 0.55 0.1 89.16
development 17 C3 0.55 0.1 85.6
development 18 C0 0.55 0.2 8.25
development 18 C1 0.55 0.2 13.33
development 18 C2 0.55 0.2 35.86
development 18 C3 0.55 0.2 49.67
development 19 C0 0.6 0.2 6.88
development 19 C1 0.6 0.2 11.84
development 19 C2 0.6 0.2 74.38
development 19 C3 0.6 0.2 67.4
development 20 C0 0.6 0.3 2.98
development 20 C1 0.6 0.3 6.92
development 20 C2 0.6 0.3 27.43
development 20 C3 0.6 0.3 41.12
development 21 C0 0.6 0.4 6.64
development 21 C1 0.6 0.4 7.33
development 21 C2 0.6 0.4 37.47
development 21 C3 0.6 0.4 54.08
development 22 C0 0.6 0.5 8.28
development 22 C1 0.6 0.5 12.52
development 22 C2 0.6 0.5 33.32
development 22 C3 0.6 0.5 73.16
development 23 C0 0.65 0.3 5.2
development 23 C1 0.65 0.3 9.9
development 23 C2 0.65 0.3 62.27
development 23 C3 0.65 0.3 82.25
development 24 C0 0.0 0.2 0.99
development 24 C1 0.0 0.2 3.03
development 24 C2 0.0 0.2 26.09
development 24 C3 0.0 0.2 48.01
development 25 C0 0.0 1.8 7.04
development 25 C1 0.0 1.8 10.3
development 25 C2 0.0 1.8 40.72
development 25 C3 0.0 1.8 74.21
development 26 C0 0.1 0.2 2.07
development 26 C1 0.1 0.2 4.67
development 26 C2 0.1 0.2 30.63
development 26 C3 0.1 0.2 54.66
development 27 C0 0.2 1.5 8.63
development 27 C1 0.2 1.5 11.51
development 27 C2 0.2 1.5 42.08
development 27 C3 0.2 1.5 75.25
development 28 C0 0.3 0.1 2.56
development 28 C1 0.3 0.1 4.89
development 28 C2 0.3 0.1 37.14
development 28 C3 0.3 0.1 54.18
development 29 C0 0.3 1.2 13.97
development 29 C1 0.3 1.2 13.82
development 29 C2 0.3 1.2 59.27
development 29 C3 0.3 1.2 98.56
development 30 C0 0.4 1.8 10.49
development 30 C1 0.4 1.8 15.16
development 30 C2 0.4 1.8 60.65
development 30 C3 0.4 1.8 106.26
development 31 C0 0.6 0.1 5.79
development 31 C1 0.6 0.1 11.26
development 31 C2 0.6 0.1 91.13
development 31 C3 0.6 0.1 81.19
development 32 C0 0.7 1.5 10.0
development 32 C1 0.7 1.5 14.03
development 32 C2 0.7 1.5 63.72
development 32 C3 0.7 1.5 87.97
development 33 C0 0.8 0.1 2.05
development 33 C1 0.8 0.1 4.89
development 33 C2 0.8 0.1 31.76
development 33 C3 0.8 0.1 59.78
development 34 C0 0.9 1.8 8.49
development 34 C1 0.9 1.8 16.37
development 34 C2 0.9 1.8 57.86
development 34 C3 0.9 1.8 95.74
development 35 C0 1.0 0.2 2.26
development 35 C1 1.0 0.2 5.65
development 35 C2 1.0 0.2 43.24
development 35 C3 1.0 0.2 61.33
