B3 0.45 0.15 False
C3 0.45 0.15 True
B3 0.5 0.15 False
C3 0.5 0.15 True
B3 0.55 0.15 False
C3 0.55 0.15 False
B3 0.8 0.6 False
C3 0.8 0.6 False
B3 0.8 0.8 False
C3 0.8 0.8 True
B3 0.425 0.02 True
C3 0.425 0.02 True
B3 0.45 0.035 True
C3 0.45 0.035 True
B3 0.475 0.05 True
C3 0.475 0.05 True
B3 0.5 0.01 False
C3 0.5 0.01 True
B3 0.5 0.075 False
C3 0.5 0.075 True
B3 0.525 0.035 True
C3 0.525 0.035 False
B3 0.55 0.05 True
C3 0.55 0.05 False
B3 0.575 0.075 True
C3 0.575 0.075 False
B3 0.4 0.3 False
C3 0.4 0.3 True
B3 0.45 0.2 False
C3 0.45 0.2 True
B3 0.5 0.1 False
C3 0.5 0.1 True
B3 0.5 0.2 False
C3 0.5 0.2 True
B3 0.55 0.1 False
C3 0.55 0.1 False
B3 0.55 0.2 False
C3 0.55 0.2 False
B3 0.6 0.2 False
C3 0.6 0.2 False
B3 0.6 0.3 False
C3 0.6 0.3 False
B3 0.6 0.4 False
C3 0.6 0.4 False
B3 0.6 0.5 False
C3 0.6 0.5 True
B3 0.65 0.3 False
C3 0.65 0.3 False
B3 0.0 0.2 True
C3 0.0 0.2 True
B3 0.0 1.8 True
C3 0.0 1.8 True
B3 0.1 0.2 True
C3 0.1 0.2 True
B3 0.2 1.5 True
C3 0.2 1.5 True
B3 0.3 0.1 True
C3 0.3 0.1 True
B3 0.3 1.2 True
C3 0.3 1.2 True
B3 0.4 1.8 True
C3 0.4 1.8 True
B3 0.6 0.1 True
C3 0.6 0.1 False
B3 0.7 1.5 True
C3 0.7 1.5 True
B3 0.8 0.1 True
C3 0.8 0.1 False
B3 0.9 1.8 True
C3 0.9 1.8 True
B3 1.0 0.2 True
C3 1.0 0.2 True
