confirmation 0 B3 0 raw
confirmation 0 B3 0 zne_quadratic
confirmation 0 B3 0.01 raw
confirmation 0 B3 0.01 zne_quadratic
confirmation 0 B3 0.05 raw
confirmation 0 B3 0.05 zne_quadratic
confirmation 0 H6 0 raw
confirmation 0 H6 0 zne_quadratic
confirmation 0 H6 0.01 raw
confirmation 0 H6 0.01 zne_quadratic
confirmation 0 H6 0.05 raw
confirmation 0 H6 0.05 zne_quadratic
confirmation 1 B3 0 raw
confirmation 1 B3 0 zne_quadratic
confirmation 1 B3 0.01 raw
confirmation 1 B3 0.01 zne_quadratic
confirmation 1 B3 0.05 raw
confirmation 1 B3 0.05 zne_quadratic
confirmation 1 H6 0 raw
confirmation 1 H6 0 zne_quadratic
confirmation 1 H6 0.01 raw
confirmation 1 H6 0.01 zne_quadratic
confirmation 1 H6 0.05 raw
confirmation 1 H6 0.05 zne_quadratic
confirmation 2 B3 0 raw
confirmation 2 B3 0 zne_quadratic
confirmation 2 B3 0.01 raw
confirmation 2 B3 0.01 zne_quadratic
confirmation 2 B3 0.05 raw
confirmation 2 B3 0.05 zne_quadratic
confirmation 2 H6 0 raw
confirmation 2 H6 0 zne_quadratic
confirmation 2 H6 0.01 raw
confirmation 2 H6 0.01 zne_quadratic
confirmation 2 H6 0.05 raw
confirmation 2 H6 0.05 zne_quadratic
confirmation 3 B3 0 raw
confirmation 3 B3 0 zne_quadratic
confirmation 3 B3 0.01 raw
confirmation 3 B3 0.01 zne_quadratic
confirmation 3 B3 0.05 raw
confirmation 3 B3 0.05 zne_quadratic
confirmation 3 H6 0 raw
confirmation 3 H6 0 zne_quadratic
confirmation 3 H6 0.01 raw
confirmation 3 H6 0.01 zne_quadratic
confirmation 3 H6 0.05 raw
confirmation 3 H6 0.05 zne_quadratic
confirmation 4 B3 0 raw
confirmation 4 B3 0 zne_quadratic
confirmation 4 B3 0.01 raw
confirmation 4 B3 0.01 zne_quadratic
confirmation 4 B3 0.05 raw
confirmation 4 B3 0.05 zne_quadratic
confirmation 4 H6 0 raw
confirmation 4 H6 0 zne_quadratic
confirmation 4 H6 0.01 raw
confirmation 4 H6 0.01 zne_quadratic
confirmation 4 H6 0.05 raw
confirmation 4 H6 0.05 zne_quadratic
confirmation 5 B3 0 raw
confirmation 5 B3 0 zne_quadratic
confirmation 5 B3 0.01 raw
confirmation 5 B3 0.01 zne_quadratic
confirmation 5 B3 0.05 raw
confirmation 5 B3 0.05 zne_quadratic
confirmation 5 H6 0 raw
confirmation 5 H6 0 zne_quadratic
confirmation 5 H6 0.01 raw
confirmation 5 H6 0.01 zne_quadratic
confirmation 5 H6 0.05 raw
confirmation 5 H6 0.05 zne_quadratic
confirmation 6 B3 0 raw
confirmation 6 B3 0 zne_quadratic
confirmation 6 B3 0.01 raw
confirmation 6 B3 0.01 zne_quadratic
confirmation 6 B3 0.05 raw
confirmation 6 B3 0.05 zne_quadratic
confirmation 6 H6 0 raw
confirmation 6 H6 0 zne_quadratic
confirmation 6 H6 0.01 raw
confirmation 6 H6 0.01 zne_quadratic
confirmation 6 H6 0.05 raw
confirmation 6 H6 0.05 zne_quadratic
confirmation 7 B3 0 raw
confirmation 7 B3 0 zne_quadratic
confirmation 7 B3 0.01 raw
confirmation 7 B3 0.01 zne_quadratic
confirmation 7 B3 0.05 raw
confirmation 7 B3 0.05 zne_quadratic
confirmation 7 H6 0 raw
confirmation 7 H6 0 zne_quadratic
confirmation 7 H6 0.01 raw
confirmation 7 H6 0.01 zne_quadratic
confirmation 7 H6 0.05 raw
confirmation 7 H6 0.05 zne_quadratic
confirmation 8 B3 0 raw
confirmation 8 B3 0 zne_quadratic
confirmation 8 B3 0.01 raw
confirmation 8 B3 0.01 zne_quadratic
confirmation 8 B3 0.05 raw
confirmation 8 B3 0.05 zne_quadratic
confirmation 8 H6 0 raw
confirmation 8 H6 0 zne_quadratic
confirmation 8 H6 0.01 raw
confirmation 8 H6 0.01 zne_quadratic
confirmation 8 H6 0.05 raw
confirmation 8 H6 0.05 zne_quadratic
confirmation 9 B3 0 raw
confirmation 9 B3 0 zne_quadratic
confirmation 9 B3 0.01 raw
confirmation 9 B3 0.01 zne_quadratic
confirmation 9 B3 0.05 raw
confirmation 9 B3 0.05 zne_quadratic
confirmation 9 H6 0 raw
confirmation 9 H6 0 zne_quadratic
confirmation 9 H6 0.01 raw
confirmation 9 H6 0.01 zne_quadratic
confirmation 9 H6 0.05 raw
confirmation 9 H6 0.05 zne_quadratic
confirmation 10 B3 0 raw
confirmation 10 B3 0 zne_quadratic
confirmation 10 B3 0.01 raw
confirmation 10 B3 0.01 zne_quadratic
confirmation 10 B3 0.05 raw
confirmation 10 B3 0.05 zne_quadratic
confirmation 10 H6 0 raw
confirmation 10 H6 0 zne_quadratic
confirmation 10 H6 0.01 raw
confirmation 10 H6 0.01 zne_quadratic
confirmation 10 H6 0.05 raw
confirmation 10 H6 0.05 zne_quadratic
confirmation 11 B3 0 raw
confirmation 11 B3 0 zne_quadratic
confirmation 11 B3 0.01 raw
confirmation 11 B3 0.01 zne_quadratic
confirmation 11 B3 0.05 raw
confirmation 11 B3 0.05 zne_quadratic
confirmation 11 H6 0 raw
confirmation 11 H6 0 zne_quadratic
confirmation 11 H6 0.01 raw
confirmation 11 H6 0.01 zne_quadratic
confirmation 11 H6 0.05 raw
confirmation 11 H6 0.05 zne_quadratic
confirmation 12 B3 0 raw
confirmation 12 B3 0 zne_quadratic
confirmation 12 B3 0.01 raw
confirmation 12 B3 0.01 zne_quadratic
confirmation 12 B3 0.05 raw
confirmation 12 B3 0.05 zne_quadratic
confirmation 12 H6 0 raw
confirmation 12 H6 0 zne_quadratic
confirmation 12 H6 0.01 raw
confirmation 12 H6 0.01 zne_quadratic
confirmation 12 H6 0.05 raw
confirmation 12 H6 0.05 zne_quadratic
confirmation 13 B3 0 raw
confirmation 13 B3 0 zne_quadratic
confirmation 13 B3 0.01 raw
confirmation 13 B3 0.01 zne_quadratic
confirmation 13 B3 0.05 raw
confirmation 13 B3 0.05 zne_quadratic
confirmation 13 H6 0 raw
confirmation 13 H6 0 zne_quadratic
confirmation 13 H6 0.01 raw
confirmation 13 H6 0.01 zne_quadratic
confirmation 13 H6 0.05 raw
confirmation 13 H6 0.05 zne_quadratic
confirmation 14 B3 0 raw
confirmation 14 B3 0 zne_quadratic
confirmation 14 B3 0.01 raw
confirmation 14 B3 0.01 zne_quadratic
confirmation 14 B3 0.05 raw
confirmation 14 B3 0.05 zne_quadratic
confirmation 14 H6 0 raw
confirmation 14 H6 0 zne_quadratic
confirmation 14 H6 0.01 raw
confirmation 14 H6 0.01 zne_quadratic
confirmation 14 H6 0.05 raw
confirmation 14 H6 0.05 zne_quadratic
confirmation 15 B3 0 raw
confirmation 15 B3 0 zne_quadratic
confirmation 15 B3 0.01 raw
confirmation 15 B3 0.01 zne_quadratic
confirmation 15 B3 0.05 raw
confirmation 15 B3 0.05 zne_quadratic
confirmation 15 H6 0 raw
confirmation 15 H6 0 zne_quadratic
confirmation 15 H6 0.01 raw
confirmation 15 H6 0.01 zne_quadratic
confirmation 15 H6 0.05 raw
confirmation 15 H6 0.05 zne_quadratic
confirmation 16 B3 0 raw
confirmation 16 B3 0 zne_quadratic
confirmation 16 B3 0.01 raw
confirmation 16 B3 0.01 zne_quadratic
confirmation 16 B3 0.05 raw
confirmation 16 B3 0.05 zne_quadratic
confirmation 16 H6 0 raw
confirmation 16 H6 0 zne_quadratic
confirmation 16 H6 0.01 raw
confirmation 16 H6 0.01 zne_quadratic
confirmation 16 H6 0.05 raw
confirmation 16 H6 0.05 zne_quadratic
confirmation 17 B3 0 raw
confirmation 17 B3 0 zne_quadratic
confirmation 17 B3 0.01 raw
confirmation 17 B3 0.01 zne_quadratic
confirmation 17 B3 0.05 raw
confirmation 17 B3 0.05 zne_quadratic
confirmation 17 H6 0 raw
confirmation 17 H6 0 zne_quadratic
confirmation 17 H6 0.01 raw
confirmation 17 H6 0.01 zne_quadratic
confirmation 17 H6 0.05 raw
confirmation 17 H6 0.05 zne_quadratic
confirmation 18 B3 0 raw
confirmation 18 B3 0 zne_quadratic
confirmation 18 B3 0.01 raw
confirmation 18 B3 0.01 zne_quadratic
confirmation 18 B3 0.05 raw
confirmation 18 B3 0.05 zne_quadratic
confirmation 18 H6 0 raw
confirmation 18 H6 0 zne_quadratic
confirmation 18 H6 0.01 raw
confirmation 18 H6 0.01 zne_quadratic
confirmation 18 H6 0.05 raw
confirmation 18 H6 0.05 zne_quadratic
confirmation 19 B3 0 raw
confirmation 19 B3 0 zne_quadratic
confirmation 19 B3 0.01 raw
confirmation 19 B3 0.01 zne_quadratic
confirmation 19 B3 0.05 raw
confirmation 19 B3 0.05 zne_quadratic
confirmation 19 H6 0 raw
confirmation 19 H6 0 zne_quadratic
confirmation 19 H6 0.01 raw
confirmation 19 H6 0.01 zne_quadratic
confirmation 19 H6 0.05 raw
confirmation 19 H6 0.05 zne_quadratic
confirmation 20 B3 0 raw
confirmation 20 B3 0 zne_quadratic
confirmation 20 B3 0.01 raw
confirmation 20 B3 0.01 zne_quadratic
confirmation 20 B3 0.05 raw
confirmation 20 B3 0.05 zne_quadratic
confirmation 20 H6 0 raw
confirmation 20 H6 0 zne_quadratic
confirmation 20 H6 0.01 raw
confirmation 20 H6 0.01 zne_quadratic
confirmation 20 H6 0.05 raw
confirmation 20 H6 0.05 zne_quadratic
confirmation 21 B3 0 raw
confirmation 21 B3 0 zne_quadratic
confirmation 21 B3 0.01 raw
confirmation 21 B3 0.01 zne_quadratic
confirmation 21 B3 0.05 raw
confirmation 21 B3 0.05 zne_quadratic
confirmation 21 H6 0 raw
confirmation 21 H6 0 zne_quadratic
confirmation 21 H6 0.01 raw
confirmation 21 H6 0.01 zne_quadratic
confirmation 21 H6 0.05 raw
confirmation 21 H6 0.05 zne_quadratic
confirmation 22 B3 0 raw
confirmation 22 B3 0 zne_quadratic
confirmation 22 B3 0.01 raw
confirmation 22 B3 0.01 zne_quadratic
confirmation 22 B3 0.05 raw
confirmation 22 B3 0.05 zne_quadratic
confirmation 22 H6 0 raw
confirmation 22 H6 0 zne_quadratic
confirmation 22 H6 0.01 raw
confirmation 22 H6 0.01 zne_quadratic
confirmation 22 H6 0.05 raw
confirmation 22 H6 0.05 zne_quadratic
confirmation 23 B3 0 raw
confirmation 23 B3 0 zne_quadratic
confirmation 23 B3 0.01 raw
confirmation 23 B3 0.01 zne_quadratic
confirmation 23 B3 0.05 raw
confirmation 23 B3 0.05 zne_quadratic
confirmation 23 H6 0 raw
confirmation 23 H6 0 zne_quadratic
confirmation 23 H6 0.01 raw
confirmation 23 H6 0.01 zne_quadratic
confirmation 23 H6 0.05 raw
confirmation 23 H6 0.05 zne_quadratic
confirmation 24 B3 0 raw
confirmation 24 B3 0 zne_quadratic
confirmation 24 B3 0.01 raw
confirmation 24 B3 0.01 zne_quadratic
confirmation 24 B3 0.05 raw
confirmation 24 B3 0.05 zne_quadratic
confirmation 24 H6 0 raw
confirmation 24 H6 0 zne_quadratic
confirmation 24 H6 0.01 raw
confirmation 24 H6 0.01 zne_quadratic
confirmation 24 H6 0.05 raw
confirmation 24 H6 0.05 zne_quadratic
confirmation 25 B3 0 raw
confirmation 25 B3 0 zne_quadratic
confirmation 25 B3 0.01 raw
confirmation 25 B3 0.01 zne_quadratic
confirmation 25 B3 0.05 raw
confirmation 25 B3 0.05 zne_quadratic
confirmation 25 H6 0 raw
confirmation 25 H6 0 zne_quadratic
confirmation 25 H6 0.01 raw
confirmation 25 H6 0.01 zne_quadratic
confirmation 25 H6 0.05 raw
confirmation 25 H6 0.05 zne_quadratic
confirmation 26 B3 0 raw
confirmation 26 B3 0 zne_quadratic
confirmation 26 B3 0.01 raw
confirmation 26 B3 0.01 zne_quadratic
confirmation 26 B3 0.05 raw
confirmation 26 B3 0.05 zne_quadratic
confirmation 26 H6 0 raw
confirmation 26 H6 0 zne_quadratic
confirmation 26 H6 0.01 raw
confirmation 26 H6 0.01 zne_quadratic
confirmation 26 H6 0.05 raw
confirmation 26 H6 0.05 zne_quadratic
confirmation 27 B3 0 raw
confirmation 27 B3 0 zne_quadratic
confirmation 27 B3 0.01 raw
confirmation 27 B3 0.01 zne_quadratic
confirmation 27 B3 0.05 raw
confirmation 27 B3 0.05 zne_quadratic
confirmation 27 H6 0 raw
confirmation 27 H6 0 zne_quadratic
confirmation 27 H6 0.01 raw
confirmation 27 H6 0.01 zne_quadratic
confirmation 27 H6 0.05 raw
confirmation 27 H6 0.05 zne_quadratic
confirmation 28 B3 0 raw
confirmation 28 B3 0 zne_quadratic
confirmation 28 B3 0.01 raw
confirmation 28 B3 0.01 zne_quadratic
confirmation 28 B3 0.05 raw
confirmation 28 B3 0.05 zne_quadratic
confirmation 28 H6 0 raw
confirmation 28 H6 0 zne_quadratic
confirmation 28 H6 0.01 raw
confirmation 28 H6 0.01 zne_quadratic
confirmation 28 H6 0.05 raw
confirmation 28 H6 0.05 zne_quadratic
confirmation 29 B3 0 raw
confirmation 29 B3 0 zne_quadratic
confirmation 29 B3 0.01 raw
confirmation 29 B3 0.01 zne_quadratic
confirmation 29 B3 0.05 raw
confirmation 29 B3 0.05 zne_quadratic
confirmation 29 H6 0 raw
confirmation 29 H6 0 zne_quadratic
confirmation 29 H6 0.01 raw
confirmation 29 H6 0.01 zne_quadratic
confirmation 29 H6 0.05 raw
confirmation 29 H6 0.05 zne_quadratic
confirmation 30 B3 0 raw
confirmation 30 B3 0 zne_quadratic
confirmation 30 B3 0.01 raw
confirmation 30 B3 0.01 zne_quadratic
confirmation 30 B3 0.05 raw
confirmation 30 B3 0.05 zne_quadratic
confirmation 30 H6 0 raw
confirmation 30 H6 0 zne_quadratic
confirmation 30 H6 0.01 raw
confirmation 30 H6 0.01 zne_quadratic
confirmation 30 H6 0.05 raw
confirmation 30 H6 0.05 zne_quadratic
confirmation 31 B3 0 raw
confirmation 31 B3 0 zne_quadratic
confirmation 31 B3 0.01 raw
confirmation 31 B3 0.01 zne_quadratic
confirmation 31 B3 0.05 raw
confirmation 31 B3 0.05 zne_quadratic
confirmation 31 H6 0 raw
confirmation 31 H6 0 zne_quadratic
confirmation 31 H6 0.01 raw
confirmation 31 H6 0.01 zne_quadratic
confirmation 31 H6 0.05 raw
confirmation 31 H6 0.05 zne_quadratic
confirmation 32 B3 0 raw
confirmation 32 B3 0 zne_quadratic
confirmation 32 B3 0.01 raw
confirmation 32 B3 0.01 zne_quadratic
confirmation 32 B3 0.05 raw
confirmation 32 B3 0.05 zne_quadratic
confirmation 32 H6 0 raw
confirmation 32 H6 0 zne_quadratic
confirmation 32 H6 0.01 raw
confirmation 32 H6 0.01 zne_quadratic
confirmation 32 H6 0.05 raw
confirmation 32 H6 0.05 zne_quadratic
confirmation 33 B3 0 raw
confirmation 33 B3 0 zne_quadratic
confirmation 33 B3 0.01 raw
confirmation 33 B3 0.01 zne_quadratic
confirmation 33 B3 0.05 raw
confirmation 33 B3 0.05 zne_quadratic
confirmation 33 H6 0 raw
confirmation 33 H6 0 zne_quadratic
confirmation 33 H6 0.01 raw
confirmation 33 H6 0.01 zne_quadratic
confirmation 33 H6 0.05 raw
confirmation 33 H6 0.05 zne_quadratic
confirmation 34 B3 0 raw
confirmation 34 B3 0 zne_quadratic
confirmation 34 B3 0.01 raw
confirmation 34 B3 0.01 zne_quadratic
confirmation 34 B3 0.05 raw
confirmation 34 B3 0.05 zne_quadratic
confirmation 34 H6 0 raw
confirmation 34 H6 0 zne_quadratic
confirmation 34 H6 0.01 raw
confirmation 34 H6 0.01 zne_quadratic
confirmation 34 H6 0.05 raw
confirmation 34 H6 0.05 zne_quadratic
confirmation 35 B3 0 raw
confirmation 35 B3 0 zne_quadratic
confirmation 35 B3 0.01 raw
confirmation 35 B3 0.01 zne_quadratic
confirmation 35 B3 0.05 raw
confirmation 35 B3 0.05 zne_quadratic
confirmation 35 H6 0 raw
confirmation 35 H6 0 zne_quadratic
confirmation 35 H6 0.01 raw
confirmation 35 H6 0.01 zne_quadratic
confirmation 35 H6 0.05 raw
confirmation 35 H6 0.05 zne_quadratic
confirmation 36 B3 0 raw
confirmation 36 B3 0 zne_quadratic
confirmation 36 B3 0.01 raw
confirmation 36 B3 0.01 zne_quadratic
confirmation 36 B3 0.05 raw
confirmation 36 B3 0.05 zne_quadratic
confirmation 36 H6 0 raw
confirmation 36 H6 0 zne_quadratic
confirmation 36 H6 0.01 raw
confirmation 36 H6 0.01 zne_quadratic
confirmation 36 H6 0.05 raw
confirmation 36 H6 0.05 zne_quadratic
confirmation 37 B3 0 raw
confirmation 37 B3 0 zne_quadratic
confirmation 37 B3 0.01 raw
confirmation 37 B3 0.01 zne_quadratic
confirmation 37 B3 0.05 raw
confirmation 37 B3 0.05 zne_quadratic
confirmation 37 H6 0 raw
confirmation 37 H6 0 zne_quadratic
confirmation 37 H6 0.01 raw
confirmation 37 H6 0.01 zne_quadratic
confirmation 37 H6 0.05 raw
confirmation 37 H6 0.05 zne_quadratic
confirmation 38 B3 0 raw
confirmation 38 B3 0 zne_quadratic
confirmation 38 B3 0.01 raw
confirmation 38 B3 0.01 zne_quadratic
confirmation 38 B3 0.05 raw
confirmation 38 B3 0.05 zne_quadratic
confirmation 38 H6 0 raw
confirmation 38 H6 0 zne_quadratic
confirmation 38 H6 0.01 raw
confirmation 38 H6 0.01 zne_quadratic
confirmation 38 H6 0.05 raw
confirmation 38 H6 0.05 zne_quadratic
confirmation 39 B3 0 raw
confirmation 39 B3 0 zne_quadratic
confirmation 39 B3 0.01 raw
confirmation 39 B3 0.01 zne_quadratic
confirmation 39 B3 0.05 raw
confirmation 39 B3 0.05 zne_quadratic
confirmation 39 H6 0 raw
confirmation 39 H6 0 zne_quadratic
confirmation 39 H6 0.01 raw
confirmation 39 H6 0.01 zne_quadratic
confirmation 39 H6 0.05 raw
confirmation 39 H6 0.05 zne_quadratic
confirmation 40 B3 0 raw
confirmation 40 B3 0 zne_quadratic
confirmation 40 B3 0.01 raw
confirmation 40 B3 0.01 zne_quadratic
confirmation 40 B3 0.05 raw
confirmation 40 B3 0.05 zne_quadratic
confirmation 40 H6 0 raw
confirmation 40 H6 0 zne_quadratic
confirmation 40 H6 0.01 raw
confirmation 40 H6 0.01 zne_quadratic
confirmation 40 H6 0.05 raw
confirmation 40 H6 0.05 zne_quadratic
confirmation 41 B3 0 raw
confirmation 41 B3 0 zne_quadratic
confirmation 41 B3 0.01 raw
confirmation 41 B3 0.01 zne_quadratic
confirmation 41 B3 0.05 raw
confirmation 41 B3 0.05 zne_quadratic
confirmation 41 H6 0 raw
confirmation 41 H6 0 zne_quadratic
confirmation 41 H6 0.01 raw
confirmation 41 H6 0.01 zne_quadratic
confirmation 41 H6 0.05 raw
confirmation 41 H6 0.05 zne_quadratic
confirmation 42 B3 0 raw
confirmation 42 B3 0 zne_quadratic
confirmation 42 B3 0.01 raw
confirmation 42 B3 0.01 zne_quadratic
confirmation 42 B3 0.05 raw
confirmation 42 B3 0.05 zne_quadratic
confirmation 42 H6 0 raw
confirmation 42 H6 0 zne_quadratic
confirmation 42 H6 0.01 raw
confirmation 42 H6 0.01 zne_quadratic
confirmation 42 H6 0.05 raw
confirmation 42 H6 0.05 zne_quadratic
confirmation 43 B3 0 raw
confirmation 43 B3 0 zne_quadratic
confirmation 43 B3 0.01 raw
confirmation 43 B3 0.01 zne_quadratic
confirmation 43 B3 0.05 raw
confirmation 43 B3 0.05 zne_quadratic
confirmation 43 H6 0 raw
confirmation 43 H6 0 zne_quadratic
confirmation 43 H6 0.01 raw
confirmation 43 H6 0.01 zne_quadratic
confirmation 43 H6 0.05 raw
confirmation 43 H6 0.05 zne_quadratic
confirmation 44 B3 0 raw
confirmation 44 B3 0 zne_quadratic
confirmation 44 B3 0.01 raw
confirmation 44 B3 0.01 zne_quadratic
confirmation 44 B3 0.05 raw
confirmation 44 B3 0.05 zne_quadratic
confirmation 44 H6 0 raw
confirmation 44 H6 0 zne_quadratic
confirmation 44 H6 0.01 raw
confirmation 44 H6 0.01 zne_quadratic
confirmation 44 H6 0.05 raw
confirmation 44 H6 0.05 zne_quadratic
confirmation 45 B3 0 raw
confirmation 45 B3 0 zne_quadratic
confirmation 45 B3 0.01 raw
confirmation 45 B3 0.01 zne_quadratic
confirmation 45 B3 0.05 raw
confirmation 45 B3 0.05 zne_quadratic
confirmation 45 H6 0 raw
confirmation 45 H6 0 zne_quadratic
confirmation 45 H6 0.01 raw
confirmation 45 H6 0.01 zne_quadratic
confirmation 45 H6 0.05 raw
confirmation 45 H6 0.05 zne_quadratic
confirmation 46 B3 0 raw
confirmation 46 B3 0 zne_quadratic
confirmation 46 B3 0.01 raw
confirmation 46 B3 0.01 zne_quadratic
confirmation 46 B3 0.05 raw
confirmation 46 B3 0.05 zne_quadratic
confirmation 46 H6 0 raw
confirmation 46 H6 0 zne_quadratic
confirmation 46 H6 0.01 raw
confirmation 46 H6 0.01 zne_quadratic
confirmation 46 H6 0.05 raw
confirmation 46 H6 0.05 zne_quadratic
confirmation 47 B3 0 raw
confirmation 47 B3 0 zne_quadratic
confirmation 47 B3 0.01 raw
confirmation 47 B3 0.01 zne_quadratic
confirmation 47 B3 0.05 raw
confirmation 47 B3 0.05 zne_quadratic
confirmation 47 H6 0 raw
confirmation 47 H6 0 zne_quadratic
confirmation 47 H6 0.01 raw
confirmation 47 H6 0.01 zne_quadratic
confirmation 47 H6 0.05 raw
confirmation 47 H6 0.05 zne_quadratic
confirmation 48 B3 0 raw
confirmation 48 B3 0 zne_quadratic
confirmation 48 B3 0.01 raw
confirmation 48 B3 0.01 zne_quadratic
confirmation 48 B3 0.05 raw
confirmation 48 B3 0.05 zne_quadratic
confirmation 48 H6 0 raw
confirmation 48 H6 0 zne_quadratic
confirmation 48 H6 0.01 raw
confirmation 48 H6 0.01 zne_quadratic
confirmation 48 H6 0.05 raw
confirmation 48 H6 0.05 zne_quadratic
confirmation 49 B3 0 raw
confirmation 49 B3 0 zne_quadratic
confirmation 49 B3 0.01 raw
confirmation 49 B3 0.01 zne_quadratic
confirmation 49 B3 0.05 raw
confirmation 49 B3 0.05 zne_quadratic
confirmation 49 H6 0 raw
confirmation 49 H6 0 zne_quadratic
confirmation 49 H6 0.01 raw
confirmation 49 H6 0.01 zne_quadratic
confirmation 49 H6 0.05 raw
confirmation 49 H6 0.05 zne_quadratic
confirmation 50 B3 0 raw
confirmation 50 B3 0 zne_quadratic
confirmation 50 B3 0.01 raw
confirmation 50 B3 0.01 zne_quadratic
confirmation 50 B3 0.05 raw
confirmation 50 B3 0.05 zne_quadratic
confirmation 50 H6 0 raw
confirmation 50 H6 0 zne_quadratic
confirmation 50 H6 0.01 raw
confirmation 50 H6 0.01 zne_quadratic
confirmation 50 H6 0.05 raw
confirmation 50 H6 0.05 zne_quadratic
confirmation 51 B3 0 raw
confirmation 51 B3 0 zne_quadratic
confirmation 51 B3 0.01 raw
confirmation 51 B3 0.01 zne_quadratic
confirmation 51 B3 0.05 raw
confirmation 51 B3 0.05 zne_quadratic
confirmation 51 H6 0 raw
confirmation 51 H6 0 zne_quadratic
confirmation 51 H6 0.01 raw
confirmation 51 H6 0.01 zne_quadratic
confirmation 51 H6 0.05 raw
confirmation 51 H6 0.05 zne_quadratic
confirmation 52 B3 0 raw
confirmation 52 B3 0 zne_quadratic
confirmation 52 B3 0.01 raw
confirmation 52 B3 0.01 zne_quadratic
confirmation 52 B3 0.05 raw
confirmation 52 B3 0.05 zne_quadratic
confirmation 52 H6 0 raw
confirmation 52 H6 0 zne_quadratic
confirmation 52 H6 0.01 raw
confirmation 52 H6 0.01 zne_quadratic
confirmation 52 H6 0.05 raw
confirmation 52 H6 0.05 zne_quadratic
confirmation 53 B3 0 raw
confirmation 53 B3 0 zne_quadratic
confirmation 53 B3 0.01 raw
confirmation 53 B3 0.01 zne_quadratic
confirmation 53 B3 0.05 raw
confirmation 53 B3 0.05 zne_quadratic
confirmation 53 H6 0 raw
confirmation 53 H6 0 zne_quadratic
confirmation 53 H6 0.01 raw
confirmation 53 H6 0.01 zne_quadratic
confirmation 53 H6 0.05 raw
confirmation 53 H6 0.05 zne_quadratic
confirmation 54 B3 0 raw
confirmation 54 B3 0 zne_quadratic
confirmation 54 B3 0.01 raw
confirmation 54 B3 0.01 zne_quadratic
confirmation 54 B3 0.05 raw
confirmation 54 B3 0.05 zne_quadratic
confirmation 54 H6 0 raw
confirmation 54 H6 0 zne_quadratic
confirmation 54 H6 0.01 raw
confirmation 54 H6 0.01 zne_quadratic
confirmation 54 H6 0.05 raw
confirmation 54 H6 0.05 zne_quadratic
confirmation 55 B3 0 raw
confirmation 55 B3 0 zne_quadratic
confirmation 55 B3 0.01 raw
confirmation 55 B3 0.01 zne_quadratic
confirmation 55 B3 0.05 raw
confirmation 55 B3 0.05 zne_quadratic
confirmation 55 H6 0 raw
confirmation 55 H6 0 zne_quadratic
confirmation 55 H6 0.01 raw
confirmation 55 H6 0.01 zne_quadratic
confirmation 55 H6 0.05 raw
confirmation 55 H6 0.05 zne_quadratic
confirmation 56 B3 0 raw
confirmation 56 B3 0 zne_quadratic
confirmation 56 B3 0.01 raw
confirmation 56 B3 0.01 zne_quadratic
confirmation 56 B3 0.05 raw
confirmation 56 B3 0.05 zne_quadratic
confirmation 56 H6 0 raw
confirmation 56 H6 0 zne_quadratic
confirmation 56 H6 0.01 raw
confirmation 56 H6 0.01 zne_quadratic
confirmation 56 H6 0.05 raw
confirmation 56 H6 0.05 zne_quadratic
confirmation 57 B3 0 raw
confirmation 57 B3 0 zne_quadratic
confirmation 57 B3 0.01 raw
confirmation 57 B3 0.01 zne_quadratic
confirmation 57 B3 0.05 raw
confirmation 57 B3 0.05 zne_quadratic
confirmation 57 H6 0 raw
confirmation 57 H6 0 zne_quadratic
confirmation 57 H6 0.01 raw
confirmation 57 H6 0.01 zne_quadratic
confirmation 57 H6 0.05 raw
confirmation 57 H6 0.05 zne_quadratic
confirmation 58 B3 0 raw
confirmation 58 B3 0 zne_quadratic
confirmation 58 B3 0.01 raw
confirmation 58 B3 0.01 zne_quadratic
confirmation 58 B3 0.05 raw
confirmation 58 B3 0.05 zne_quadratic
confirmation 58 H6 0 raw
confirmation 58 H6 0 zne_quadratic
confirmation 58 H6 0.01 raw
confirmation 58 H6 0.01 zne_quadratic
confirmation 58 H6 0.05 raw
confirmation 58 H6 0.05 zne_quadratic
confirmation 59 B3 0 raw
confirmation 59 B3 0 zne_quadratic
confirmation 59 B3 0.01 raw
confirmation 59 B3 0.01 zne_quadratic
confirmation 59 B3 0.05 raw
confirmation 59 B3 0.05 zne_quadratic
confirmation 59 H6 0 raw
confirmation 59 H6 0 zne_quadratic
confirmation 59 H6 0.01 raw
confirmation 59 H6 0.01 zne_quadratic
confirmation 59 H6 0.05 raw
confirmation 59 H6 0.05 zne_quadratic
confirmation 60 B3 0 raw
confirmation 60 B3 0 zne_quadratic
confirmation 60 B3 0.01 raw
confirmation 60 B3 0.01 zne_quadratic
confirmation 60 B3 0.05 raw
confirmation 60 B3 0.05 zne_quadratic
confirmation 60 H6 0 raw
confirmation 60 H6 0 zne_quadratic
confirmation 60 H6 0.01 raw
confirmation 60 H6 0.01 zne_quadratic
confirmation 60 H6 0.05 raw
confirmation 60 H6 0.05 zne_quadratic
confirmation 61 B3 0 raw
confirmation 61 B3 0 zne_quadratic
confirmation 61 B3 0.01 raw
confirmation 61 B3 0.01 zne_quadratic
confirmation 61 B3 0.05 raw
confirmation 61 B3 0.05 zne_quadratic
confirmation 61 H6 0 raw
confirmation 61 H6 0 zne_quadratic
confirmation 61 H6 0.01 raw
confirmation 61 H6 0.01 zne_quadratic
confirmation 61 H6 0.05 raw
confirmation 61 H6 0.05 zne_quadratic
confirmation 62 B3 0 raw
confirmation 62 B3 0 zne_quadratic
confirmation 62 B3 0.01 raw
confirmation 62 B3 0.01 zne_quadratic
confirmation 62 B3 0.05 raw
confirmation 62 B3 0.05 zne_quadratic
confirmation 62 H6 0 raw
confirmation 62 H6 0 zne_quadratic
confirmation 62 H6 0.01 raw
confirmation 62 H6 0.01 zne_quadratic
confirmation 62 H6 0.05 raw
confirmation 62 H6 0.05 zne_quadratic
confirmation 63 B3 0 raw
confirmation 63 B3 0 zne_quadratic
confirmation 63 B3 0.01 raw
confirmation 63 B3 0.01 zne_quadratic
confirmation 63 B3 0.05 raw
confirmation 63 B3 0.05 zne_quadratic
confirmation 63 H6 0 raw
confirmation 63 H6 0 zne_quadratic
confirmation 63 H6 0.01 raw
confirmation 63 H6 0.01 zne_quadratic
confirmation 63 H6 0.05 raw
confirmation 63 H6 0.05 zne_quadratic
confirmation 64 B3 0 raw
confirmation 64 B3 0 zne_quadratic
confirmation 64 B3 0.01 raw
confirmation 64 B3 0.01 zne_quadratic
confirmation 64 B3 0.05 raw
confirmation 64 B3 0.05 zne_quadratic
confirmation 64 H6 0 raw
confirmation 64 H6 0 zne_quadratic
confirmation 64 H6 0.01 raw
confirmation 64 H6 0.01 zne_quadratic
confirmation 64 H6 0.05 raw
confirmation 64 H6 0.05 zne_quadratic
confirmation 65 B3 0 raw
confirmation 65 B3 0 zne_quadratic
confirmation 65 B3 0.01 raw
confirmation 65 B3 0.01 zne_quadratic
confirmation 65 B3 0.05 raw
confirmation 65 B3 0.05 zne_quadratic
confirmation 65 H6 0 raw
confirmation 65 H6 0 zne_quadratic
confirmation 65 H6 0.01 raw
confirmation 65 H6 0.01 zne_quadratic
confirmation 65 H6 0.05 raw
confirmation 65 H6 0.05 zne_quadratic
confirmation 66 B3 0 raw
confirmation 66 B3 0 zne_quadratic
confirmation 66 B3 0.01 raw
confirmation 66 B3 0.01 zne_quadratic
confirmation 66 B3 0.05 raw
confirmation 66 B3 0.05 zne_quadratic
confirmation 66 H6 0 raw
confirmation 66 H6 0 zne_quadratic
confirmation 66 H6 0.01 raw
confirmation 66 H6 0.01 zne_quadratic
confirmation 66 H6 0.05 raw
confirmation 66 H6 0.05 zne_quadratic
confirmation 67 B3 0 raw
confirmation 67 B3 0 zne_quadratic
confirmation 67 B3 0.01 raw
confirmation 67 B3 0.01 zne_quadratic
confirmation 67 B3 0.05 raw
confirmation 67 B3 0.05 zne_quadratic
confirmation 67 H6 0 raw
confirmation 67 H6 0 zne_quadratic
confirmation 67 H6 0.01 raw
confirmation 67 H6 0.01 zne_quadratic
confirmation 67 H6 0.05 raw
confirmation 67 H6 0.05 zne_quadratic
confirmation 68 B3 0 raw
confirmation 68 B3 0 zne_quadratic
confirmation 68 B3 0.01 raw
confirmation 68 B3 0.01 zne_quadratic
confirmation 68 B3 0.05 raw
confirmation 68 B3 0.05 zne_quadratic
confirmation 68 H6 0 raw
confirmation 68 H6 0 zne_quadratic
confirmation 68 H6 0.01 raw
confirmation 68 H6 0.01 zne_quadratic
confirmation 68 H6 0.05 raw
confirmation 68 H6 0.05 zne_quadratic
confirmation 69 B3 0 raw
confirmation 69 B3 0 zne_quadratic
confirmation 69 B3 0.01 raw
confirmation 69 B3 0.01 zne_quadratic
confirmation 69 B3 0.05 raw
confirmation 69 B3 0.05 zne_quadratic
confirmation 69 H6 0 raw
confirmation 69 H6 0 zne_quadratic
confirmation 69 H6 0.01 raw
confirmation 69 H6 0.01 zne_quadratic
confirmation 69 H6 0.05 raw
confirmation 69 H6 0.05 zne_quadratic
confirmation 70 B3 0 raw
confirmation 70 B3 0 zne_quadratic
confirmation 70 B3 0.01 raw
confirmation 70 B3 0.01 zne_quadratic
confirmation 70 B3 0.05 raw
confirmation 70 B3 0.05 zne_quadratic
confirmation 70 H6 0 raw
confirmation 70 H6 0 zne_quadratic
confirmation 70 H6 0.01 raw
confirmation 70 H6 0.01 zne_quadratic
confirmation 70 H6 0.05 raw
confirmation 70 H6 0.05 zne_quadratic
confirmation 71 B3 0 raw
confirmation 71 B3 0 zne_quadratic
confirmation 71 B3 0.01 raw
confirmation 71 B3 0.01 zne_quadratic
confirmation 71 B3 0.05 raw
confirmation 71 B3 0.05 zne_quadratic
confirmation 71 H6 0 raw
confirmation 71 H6 0 zne_quadratic
confirmation 71 H6 0.01 raw
confirmation 71 H6 0.01 zne_quadratic
confirmation 71 H6 0.05 raw
confirmation 71 H6 0.05 zne_quadratic
confirmation 72 B3 0 raw
confirmation 72 B3 0 zne_quadratic
confirmation 72 B3 0.01 raw
confirmation 72 B3 0.01 zne_quadratic
confirmation 72 B3 0.05 raw
confirmation 72 B3 0.05 zne_quadratic
confirmation 72 H6 0 raw
confirmation 72 H6 0 zne_quadratic
confirmation 72 H6 0.01 raw
confirmation 72 H6 0.01 zne_quadratic
confirmation 72 H6 0.05 raw
confirmation 72 H6 0.05 zne_quadratic
confirmation 73 B3 0 raw
confirmation 73 B3 0 zne_quadratic
confirmation 73 B3 0.01 raw
confirmation 73 B3 0.01 zne_quadratic
confirmation 73 B3 0.05 raw
confirmation 73 B3 0.05 zne_quadratic
confirmation 73 H6 0 raw
confirmation 73 H6 0 zne_quadratic
confirmation 73 H6 0.01 raw
confirmation 73 H6 0.01 zne_quadratic
confirmation 73 H6 0.05 raw
confirmation 73 H6 0.05 zne_quadratic
confirmation 74 B3 0 raw
confirmation 74 B3 0 zne_quadratic
confirmation 74 B3 0.01 raw
confirmation 74 B3 0.01 zne_quadratic
confirmation 74 B3 0.05 raw
confirmation 74 B3 0.05 zne_quadratic
confirmation 74 H6 0 raw
confirmation 74 H6 0 zne_quadratic
confirmation 74 H6 0.01 raw
confirmation 74 H6 0.01 zne_quadratic
confirmation 74 H6 0.05 raw
confirmation 74 H6 0.05 zne_quadratic
confirmation 75 B3 0 raw
confirmation 75 B3 0 zne_quadratic
confirmation 75 B3 0.01 raw
confirmation 75 B3 0.01 zne_quadratic
confirmation 75 B3 0.05 raw
confirmation 75 B3 0.05 zne_quadratic
confirmation 75 H6 0 raw
confirmation 75 H6 0 zne_quadratic
confirmation 75 H6 0.01 raw
confirmation 75 H6 0.01 zne_quadratic
confirmation 75 H6 0.05 raw
confirmation 75 H6 0.05 zne_quadratic
confirmation 76 B3 0 raw
confirmation 76 B3 0 zne_quadratic
confirmation 76 B3 0.01 raw
confirmation 76 B3 0.01 zne_quadratic
confirmation 76 B3 0.05 raw
confirmation 76 B3 0.05 zne_quadratic
confirmation 76 H6 0 raw
confirmation 76 H6 0 zne_quadratic
confirmation 76 H6 0.01 raw
confirmation 76 H6 0.01 zne_quadratic
confirmation 76 H6 0.05 raw
confirmation 76 H6 0.05 zne_quadratic
confirmation 77 B3 0 raw
confirmation 77 B3 0 zne_quadratic
confirmation 77 B3 0.01 raw
confirmation 77 B3 0.01 zne_quadratic
confirmation 77 B3 0.05 raw
confirmation 77 B3 0.05 zne_quadratic
confirmation 77 H6 0 raw
confirmation 77 H6 0 zne_quadratic
confirmation 77 H6 0.01 raw
confirmation 77 H6 0.01 zne_quadratic
confirmation 77 H6 0.05 raw
confirmation 77 H6 0.05 zne_quadratic
confirmation 78 B3 0 raw
confirmation 78 B3 0 zne_quadratic
confirmation 78 B3 0.01 raw
confirmation 78 B3 0.01 zne_quadratic
confirmation 78 B3 0.05 raw
confirmation 78 B3 0.05 zne_quadratic
confirmation 78 H6 0 raw
confirmation 78 H6 0 zne_quadratic
confirmation 78 H6 0.01 raw
confirmation 78 H6 0.01 zne_quadratic
confirmation 78 H6 0.05 raw
confirmation 78 H6 0.05 zne_quadratic
confirmation 79 B3 0 raw
confirmation 79 B3 0 zne_quadratic
confirmation 79 B3 0.01 raw
confirmation 79 B3 0.01 zne_quadratic
confirmation 79 B3 0.05 raw
confirmation 79 B3 0.05 zne_quadratic
confirmation 79 H6 0 raw
confirmation 79 H6 0 zne_quadratic
confirmation 79 H6 0.01 raw
confirmation 79 H6 0.01 zne_quadratic
confirmation 79 H6 0.05 raw
confirmation 79 H6 0.05 zne_quadratic
confirmation 80 B3 0 raw
confirmation 80 B3 0 zne_quadratic
confirmation 80 B3 0.01 raw
confirmation 80 B3 0.01 zne_quadratic
confirmation 80 B3 0.05 raw
confirmation 80 B3 0.05 zne_quadratic
confirmation 80 H6 0 raw
confirmation 80 H6 0 zne_quadratic
confirmation 80 H6 0.01 raw
confirmation 80 H6 0.01 zne_quadratic
confirmation 80 H6 0.05 raw
confirmation 80 H6 0.05 zne_quadratic
confirmation 81 B3 0 raw
confirmation 81 B3 0 zne_quadratic
confirmation 81 B3 0.01 raw
confirmation 81 B3 0.01 zne_quadratic
confirmation 81 B3 0.05 raw
confirmation 81 B3 0.05 zne_quadratic
confirmation 81 H6 0 raw
confirmation 81 H6 0 zne_quadratic
confirmation 81 H6 0.01 raw
confirmation 81 H6 0.01 zne_quadratic
confirmation 81 H6 0.05 raw
confirmation 81 H6 0.05 zne_quadratic
confirmation 82 B3 0 raw
confirmation 82 B3 0 zne_quadratic
confirmation 82 B3 0.01 raw
confirmation 82 B3 0.01 zne_quadratic
confirmation 82 B3 0.05 raw
confirmation 82 B3 0.05 zne_quadratic
confirmation 82 H6 0 raw
confirmation 82 H6 0 zne_quadratic
confirmation 82 H6 0.01 raw
confirmation 82 H6 0.01 zne_quadratic
confirmation 82 H6 0.05 raw
confirmation 82 H6 0.05 zne_quadratic
confirmation 83 B3 0 raw
confirmation 83 B3 0 zne_quadratic
confirmation 83 B3 0.01 raw
confirmation 83 B3 0.01 zne_quadratic
confirmation 83 B3 0.05 raw
confirmation 83 B3 0.05 zne_quadratic
confirmation 83 H6 0 raw
confirmation 83 H6 0 zne_quadratic
confirmation 83 H6 0.01 raw
confirmation 83 H6 0.01 zne_quadratic
confirmation 83 H6 0.05 raw
confirmation 83 H6 0.05 zne_quadratic
confirmation 84 B3 0 raw
confirmation 84 B3 0 zne_quadratic
confirmation 84 B3 0.01 raw
confirmation 84 B3 0.01 zne_quadratic
confirmation 84 B3 0.05 raw
confirmation 84 B3 0.05 zne_quadratic
confirmation 84 H6 0 raw
confirmation 84 H6 0 zne_quadratic
confirmation 84 H6 0.01 raw
confirmation 84 H6 0.01 zne_quadratic
confirmation 84 H6 0.05 raw
confirmation 84 H6 0.05 zne_quadratic
confirmation 85 B3 0 raw
confirmation 85 B3 0 zne_quadratic
confirmation 85 B3 0.01 raw
confirmation 85 B3 0.01 zne_quadratic
confirmation 85 B3 0.05 raw
confirmation 85 B3 0.05 zne_quadratic
confirmation 85 H6 0 raw
confirmation 85 H6 0 zne_quadratic
confirmation 85 H6 0.01 raw
confirmation 85 H6 0.01 zne_quadratic
confirmation 85 H6 0.05 raw
confirmation 85 H6 0.05 zne_quadratic
confirmation 86 B3 0 raw
confirmation 86 B3 0 zne_quadratic
confirmation 86 B3 0.01 raw
confirmation 86 B3 0.01 zne_quadratic
confirmation 86 B3 0.05 raw
confirmation 86 B3 0.05 zne_quadratic
confirmation 86 H6 0 raw
confirmation 86 H6 0 zne_quadratic
confirmation 86 H6 0.01 raw
confirmation 86 H6 0.01 zne_quadratic
confirmation 86 H6 0.05 raw
confirmation 86 H6 0.05 zne_quadratic
confirmation 87 B3 0 raw
confirmation 87 B3 0 zne_quadratic
confirmation 87 B3 0.01 raw
confirmation 87 B3 0.01 zne_quadratic
confirmation 87 B3 0.05 raw
confirmation 87 B3 0.05 zne_quadratic
confirmation 87 H6 0 raw
confirmation 87 H6 0 zne_quadratic
confirmation 87 H6 0.01 raw
confirmation 87 H6 0.01 zne_quadratic
confirmation 87 H6 0.05 raw
confirmation 87 H6 0.05 zne_quadratic
confirmation 88 B3 0 raw
confirmation 88 B3 0 zne_quadratic
confirmation 88 B3 0.01 raw
confirmation 88 B3 0.01 zne_quadratic
confirmation 88 B3 0.05 raw
confirmation 88 B3 0.05 zne_quadratic
confirmation 88 H6 0 raw
confirmation 88 H6 0 zne_quadratic
confirmation 88 H6 0.01 raw
confirmation 88 H6 0.01 zne_quadratic
confirmation 88 H6 0.05 raw
confirmation 88 H6 0.05 zne_quadratic
confirmation 89 B3 0 raw
confirmation 89 B3 0 zne_quadratic
confirmation 89 B3 0.01 raw
confirmation 89 B3 0.01 zne_quadratic
confirmation 89 B3 0.05 raw
confirmation 89 B3 0.05 zne_quadratic
confirmation 89 H6 0 raw
confirmation 89 H6 0 zne_quadratic
confirmation 89 H6 0.01 raw
confirmation 89 H6 0.01 zne_quadratic
confirmation 89 H6 0.05 raw
confirmation 89 H6 0.05 zne_quadratic
confirmation 90 B3 0 raw
confirmation 90 B3 0 zne_quadratic
confirmation 90 B3 0.01 raw
confirmation 90 B3 0.01 zne_quadratic
confirmation 90 B3 0.05 raw
confirmation 90 B3 0.05 zne_quadratic
confirmation 90 H6 0 raw
confirmation 90 H6 0 zne_quadratic
confirmation 90 H6 0.01 raw
confirmation 90 H6 0.01 zne_quadratic
confirmation 90 H6 0.05 raw
confirmation 90 H6 0.05 zne_quadratic
confirmation 91 B3 0 raw
confirmation 91 B3 0 zne_quadratic
confirmation 91 B3 0.01 raw
confirmation 91 B3 0.01 zne_quadratic
confirmation 91 B3 0.05 raw
confirmation 91 B3 0.05 zne_quadratic
confirmation 91 H6 0 raw
confirmation 91 H6 0 zne_quadratic
confirmation 91 H6 0.01 raw
confirmation 91 H6 0.01 zne_quadratic
confirmation 91 H6 0.05 raw
confirmation 91 H6 0.05 zne_quadratic
confirmation 92 B3 0 raw
confirmation 92 B3 0 zne_quadratic
confirmation 92 B3 0.01 raw
confirmation 92 B3 0.01 zne_quadratic
confirmation 92 B3 0.05 raw
confirmation 92 B3 0.05 zne_quadratic
confirmation 92 H6 0 raw
confirmation 92 H6 0 zne_quadratic
confirmation 92 H6 0.01 raw
confirmation 92 H6 0.01 zne_quadratic
confirmation 92 H6 0.05 raw
confirmation 92 H6 0.05 zne_quadratic
confirmation 93 B3 0 raw
confirmation 93 B3 0 zne_quadratic
confirmation 93 B3 0.01 raw
confirmation 93 B3 0.01 zne_quadratic
confirmation 93 B3 0.05 raw
confirmation 93 B3 0.05 zne_quadratic
confirmation 93 H6 0 raw
confirmation 93 H6 0 zne_quadratic
confirmation 93 H6 0.01 raw
confirmation 93 H6 0.01 zne_quadratic
confirmation 93 H6 0.05 raw
confirmation 93 H6 0.05 zne_quadratic
confirmation 94 B3 0 raw
confirmation 94 B3 0 zne_quadratic
confirmation 94 B3 0.01 raw
confirmation 94 B3 0.01 zne_quadratic
confirmation 94 B3 0.05 raw
confirmation 94 B3 0.05 zne_quadratic
confirmation 94 H6 0 raw
confirmation 94 H6 0 zne_quadratic
confirmation 94 H6 0.01 raw
confirmation 94 H6 0.01 zne_quadratic
confirmation 94 H6 0.05 raw
confirmation 94 H6 0.05 zne_quadratic
confirmation 95 B3 0 raw
confirmation 95 B3 0 zne_quadratic
confirmation 95 B3 0.01 raw
confirmation 95 B3 0.01 zne_quadratic
confirmation 95 B3 0.05 raw
confirmation 95 B3 0.05 zne_quadratic
confirmation 95 H6 0 raw
confirmation 95 H6 0 zne_quadratic
confirmation 95 H6 0.01 raw
confirmation 95 H6 0.01 zne_quadratic
confirmation 95 H6 0.05 raw
confirmation 95 H6 0.05 zne_quadratic
