growth audit 0.45 0.15
growth audit 0.5 0.15
growth audit 0.55 0.15
growth audit 0.8 0.6
growth audit 0.8 0.8
growth audit 0.425 0.02
growth audit 0.45 0.035
growth audit 0.475 0.05
growth audit 0.5 0.01
growth audit 0.5 0.075
growth audit 0.525 0.035
growth audit 0.55 0.05
growth audit 0.575 0.075
growth audit 0.4 0.3
growth audit 0.45 0.2
growth audit 0.5 0.1
growth audit 0.5 0.2
growth audit 0.55 0.1
growth audit 0.55 0.2
growth audit 0.6 0.2
growth audit 0.6 0.3
growth audit 0.6 0.4
growth audit 0.6 0.5
growth audit 0.65 0.3
