followup 1 128 0.4 256 True
followup 2 96 0.4 256 True
followup 3 96 0.4 256 True
followup 4 96 0.3125 128 False
followup 5 128 0.3125 128 True
followup 6 96 0.3375 128 False
followup 7 128 0.3375 128 False
followup 8 96 0.425 128 True
followup 9 128 0.425 128 True
followup 10 96 0.45 128 True
followup 11 128 0.45 128 True
followup 12 96 0.475 128 True
followup 13 128 0.475 128 True
followup 14 128 0.45 256 True
followup 15 128 0.45 256 True
followup 16 160 0.4 256 True
followup 17 192 0.5 128 True
followup 18 192 0.5 256 True
followup 19 96 0.375 128 True
followup 20 128 0.375 128 False
followup 21 128 0.475 256 True
followup 22 128 0.475 256 True
followup 23 96 0.4875 128 True
followup 24 128 0.4875 128 True
