bounded done 7 96 0.7 128 True
bounded done 8 128 0.7 128 True
bounded done 9 128 0.7 256 True
bounded done 10 128 0.7 256 True
bounded done 11 96 0.4 128 True
bounded done 12 128 0.4 128 True
bounded done 13 128 0.4 256 False
bounded done 14 128 0.4 256 True
bounded done 15 96 0.5 128 True
bounded done 16 128 0.5 128 True
bounded done 17 128 0.5 256 True
bounded done 18 128 0.5 256 True
bounded done 19 96 0.55 128 True
bounded done 20 128 0.55 128 True
bounded done 21 128 0.55 256 True
bounded done 22 128 0.55 256 True
bounded done 23 96 0.6 128 True
bounded done 24 128 0.6 128 True
bounded done 25 128 0.6 256 True
bounded done 26 128 0.6 256 True
bounded done 27 96 0.525 128 True
bounded done 28 128 0.525 128 True
bounded done 29 128 0.525 256 True
bounded done 30 128 0.525 256 True
bounded done 31 96 0.35 128 False
bounded done 32 128 0.35 128 False
bounded done 33 128 0.35 256 False
bounded done 34 128 0.35 256 False
bounded done 35 128 0.325 256 False
bounded done 36 128 0.325 256 False
