stability 0 C0 0.443 0.013 1.01
stability 0 C1 0.443 0.013 2.56
stability 0 H6 0.443 0.013 2.93
stability 1 C0 0.459 0.044 6.31
stability 1 C1 0.459 0.044 9.55
stability 1 H6 0.459 0.044 48.98
stability 2 C0 0.4757 0.093 6.84
stability 2 C1 0.4757 0.093 10.96
stability 2 H6 0.4757 0.093 59.52
stability 3 C0 0.507 0.013 4.15
stability 3 C1 0.507 0.013 6.84
stability 3 H6 0.507 0.013 26.82
stability 4 C0 0.523 0.044 6.26
stability 4 C1 0.523 0.044 10.38
stability 4 H6 0.523 0.044 72.99
stability 5 C0 0.539 0.093 6.01
stability 5 C1 0.539 0.093 8.63
stability 5 H6 0.539 0.093 58.24
stability 6 C0 0.663 0.235 6.56
stability 6 C1 0.663 0.235 10.21
stability 6 H6 0.663 0.235 6.56
stability 7 C0 0.763 0.375 5.23
stability 7 C1 0.763 0.375 10.06
stability 7 H6 0.763 0.375 5.23
stability 8 C0 0.863 0.515 3.4
stability 8 C1 0.863 0.515 7.25
stability 8 H6 0.863 0.515 3.4
stability 9 C0 0.083 0.085 0.99
stability 9 C1 0.083 0.085 2.48
stability 9 H6 0.083 0.085 0.99
stability 10 C0 0.283 0.085 2.03
stability 10 C1 0.283 0.085 4.13
stability 10 H6 0.283 0.085 2.03
stability 11 C0 0.683 0.085 2.96
stability 11 C1 0.683 0.085 6.96
stability 11 H6 0.683 0.085 2.96
