windows 0 C0 0.0 0.875 4.36
windows 0 H6 0.0 0.875 4.36
windows 1 C0 0.0 0.8875 3.21
windows 1 H6 0.0 0.8875 3.21
windows 2 C0 0.0 0.9 4.69
windows 2 H6 0.0 0.9 4.69
windows 3 C0 0.0 0.9125 3.3
windows 3 H6 0.0 0.9125 3.3
windows 4 C0 0.0 0.925 3.77
windows 4 H6 0.0 0.925 3.77
windows 5 C0 0.0 0.9375 3.79
windows 5 H6 0.0 0.9375 3.79
windows 6 C0 0.0 0.95 3.63
windows 6 H6 0.0 0.95 3.63
windows 7 C0 0.0 0.9625 4.28
windows 7 H6 0.0 0.9625 4.28
windows 8 C0 0.0 0.975 4.25
windows 8 H6 0.0 0.975 4.25
windows 9 C0 0.0 0.9875 4.56
windows 9 H6 0.0 0.9875 4.56
windows 10 C0 0.0 1.0 5.52
windows 10 H6 0.0 1.0 5.52
windows 11 C0 0.0 1.0125 4.63
windows 11 H6 0.0 1.0125 4.63
windows 12 C0 0.0 1.025 5.18
windows 12 H6 0.0 1.025 5.18
windows 13 C0 0.0 1.0375 6.22
windows 13 H6 0.0 1.0375 6.22
windows 14 C0 0.0 1.05 6.39
windows 14 H6 0.0 1.05 6.39
windows 15 C0 0.0 1.0625 5.96
windows 15 H6 0.0 1.0625 5.96
windows 16 C0 0.0 1.075 6.41
windows 16 H6 0.0 1.075 6.41
windows 17 C0 0.3 0.375 5.04
windows 17 H6 0.3 0.375 5.04
windows 18 C0 0.3 0.3875 6.89
windows 18 H6 0.3 0.3875 6.89
windows 19 C0 0.3 0.4 5.1
windows 19 H6 0.3 0.4 5.1
windows 20 C0 0.3 0.4125 4.57
windows 20 H6 0.3 0.4125 4.57
windows 21 C0 0.3 0.425 4.33
windows 21 H6 0.3 0.425 4.33
windows 22 C0 0.3 0.4375 4.8
windows 22 H6 0.3 0.4375 4.8
windows 23 C0 0.3 0.45 5.15
windows 23 H6 0.3 0.45 5.15
windows 24 C0 0.3 0.4625 5.53
windows 24 H6 0.3 0.4625 5.53
windows 25 C0 0.3 0.475 7.68
windows 25 H6 0.3 0.475 7.68
windows 26 C0 0.3 0.4875 7.13
windows 26 H6 0.3 0.4875 7.13
windows 27 C0 0.3 0.5 6.52
windows 27 H6 0.3 0.5 6.52
windows 28 C0 0.3 0.5125 7.1
windows 28 H6 0.3 0.5125 7.1
windows 29 C0 0.3 0.525 6.5
windows 29 H6 0.3 0.525 6.5
windows 30 C0 0.3 0.5375 6.43
windows 30 H6 0.3 0.5375 6.43
windows 31 C0 0.3 0.55 7.02
windows 31 H6 0.3 0.55 7.02
windows 32 C0 0.3 0.5625 7.5
windows 32 H6 0.3 0.5625 7.5
windows 33 C0 0.3 0.575 8.08
windows 33 H6 0.3 0.575 8.08
windows 34 C0 0.45 0.0125 3.59
windows 34 H6 0.45 0.0125 5.79
windows 35 C0 0.45 0.025 1.71
windows 35 H6 0.45 0.025 23.64
windows 36 C0 0.45 0.0375 4.52
windows 36 H6 0.45 0.0375 44.38
windows 37 C0 0.45 0.05 7.03
windows 37 H6 0.45 0.05 62.62
windows 38 C0 0.45 0.0625 9.23
windows 38 H6 0.45 0.0625 58.63
windows 39 C0 0.45 0.075 8.98
windows 39 H6 0.45 0.075 68.93
windows 40 C0 0.45 0.0875 10.97
windows 40 H6 0.45 0.0875 88.85
windows 41 C0 0.45 0.1 9.12
windows 41 H6 0.45 0.1 80.57
windows 42 C0 0.45 0.1125 8.86
windows 42 H6 0.45 0.1125 85.68
windows 43 C0 0.45 0.125 7.53
windows 43 H6 0.45 0.125 71.49
windows 44 C0 0.45 0.1375 6.74
windows 44 H6 0.45 0.1375 70.09
windows 45 C0 0.45 0.15 7.08
windows 45 H6 0.45 0.15 56.23
windows 46 C0 0.45 0.1625 6.39
windows 46 H6 0.45 0.1625 39.14
windows 47 C0 0.45 0.175 6.68
windows 47 H6 0.45 0.175 60.21
windows 48 C0 0.45 0.1875 5.92
windows 48 H6 0.45 0.1875 62.99
windows 49 C0 0.45 0.2 4.82
windows 49 H6 0.45 0.2 74.49
windows 50 C0 0.45 0.2125 6.6
windows 50 H6 0.45 0.2125 77.7
windows 51 C0 0.5 0.05 9.04
windows 51 H6 0.5 0.05 57.79
windows 52 C0 0.5 0.0625 8.49
windows 52 H6 0.5 0.0625 67.64
windows 53 C0 0.5 0.075 7.95
windows 53 H6 0.5 0.075 66.48
windows 54 C0 0.5 0.0875 7.58
windows 54 H6 0.5 0.0875 63.06
windows 55 C0 0.5 0.1 9.53
windows 55 H6 0.5 0.1 65.55
windows 56 C0 0.5 0.1125 7.61
windows 56 H6 0.5 0.1125 52.59
windows 57 C0 0.5 0.125 5.81
windows 57 H6 0.5 0.125 77.73
windows 58 C0 0.5 0.1375 4.47
windows 58 H6 0.5 0.1375 55.62
windows 59 C0 0.5 0.15 6.13
windows 59 H6 0.5 0.15 60.45
windows 60 C0 0.5 0.1625 4.86
windows 60 H6 0.5 0.1625 37.73
windows 61 C0 0.5 0.175 6.91
windows 61 H6 0.5 0.175 56.06
windows 62 C0 0.5 0.1875 5.39
windows 62 H6 0.5 0.1875 84.09
windows 63 C0 0.5 0.2 6.33
windows 63 H6 0.5 0.2 58.67
windows 64 C0 0.5 0.2125 5.87
windows 64 H6 0.5 0.2125 63.99
windows 65 C0 0.5 0.225 5.44
windows 65 H6 0.5 0.225 71.28
windows 66 C0 0.5 0.2375 5.65
windows 66 H6 0.5 0.2375 47.49
windows 67 C0 0.5 0.25 4.87
windows 67 H6 0.5 0.25 55.03
windows 68 C0 0.55 0.0125 3.78
windows 68 H6 0.55 0.0125 33.69
windows 69 C0 0.55 0.025 3.4
windows 69 H6 0.55 0.025 58.75
windows 70 C0 0.55 0.0375 3.14
windows 70 H6 0.55 0.0375 42.2
windows 71 C0 0.55 0.05 5.65
windows 71 H6 0.55 0.05 54.31
windows 72 C0 0.55 0.0625 7.85
windows 72 H6 0.55 0.0625 118.02
windows 73 C0 0.55 0.075 7.13
windows 73 H6 0.55 0.075 81.16
windows 74 C0 0.55 0.0875 7.66
windows 74 H6 0.55 0.0875 113.24
windows 75 C0 0.55 0.1 7.28
windows 75 H6 0.55 0.1 130.39
windows 76 C0 0.55 0.1125 4.64
windows 76 H6 0.55 0.1125 70.14
windows 77 C0 0.55 0.125 3.99
windows 77 H6 0.55 0.125 82.45
windows 78 C0 0.55 0.1375 3.82
windows 78 H6 0.55 0.1375 74.46
windows 79 C0 0.55 0.15 3.82
windows 79 H6 0.55 0.15 56.8
windows 80 C0 0.55 0.1625 4.21
windows 80 H6 0.55 0.1625 71.77
windows 81 C0 0.55 0.175 4.47
windows 81 H6 0.55 0.175 51.64
windows 82 C0 0.55 0.1875 5.36
windows 82 H6 0.55 0.1875 48.97
windows 83 C0 0.55 0.2 6.81
windows 83 H6 0.55 0.2 53.65
windows 84 C0 0.55 0.2125 5.92
windows 84 H6 0.55 0.2125 62.94
windows 85 C0 0.8 0.475 2.55
windows 85 H6 0.8 0.475 2.55
windows 86 C0 0.8 0.4875 2.89
windows 86 H6 0.8 0.4875 2.89
windows 87 C0 0.8 0.5 3.13
windows 87 H6 0.8 0.5 3.13
windows 88 C0 0.8 0.5125 2.85
windows 88 H6 0.8 0.5125 2.85
windows 89 C0 0.8 0.525 3.15
windows 89 H6 0.8 0.525 3.15
windows 90 C0 0.8 0.5375 2.89
windows 90 H6 0.8 0.5375 2.89
windows 91 C0 0.8 0.55 2.97
windows 91 H6 0.8 0.55 2.97
windows 92 C0 0.8 0.5625 2.81
windows 92 H6 0.8 0.5625 2.81
windows 93 C0 0.8 0.575 3.51
windows 93 H6 0.8 0.575 3.51
windows 94 C0 0.8 0.5875 2.95
windows 94 H6 0.8 0.5875 2.95
windows 95 C0 0.8 0.6 2.92
windows 95 H6 0.8 0.6 2.92
windows 96 C0 0.8 0.6125 2.27
windows 96 H6 0.8 0.6125 2.27
windows 97 C0 0.8 0.625 2.63
windows 97 H6 0.8 0.625 2.63
windows 98 C0 0.8 0.6375 2.31
windows 98 H6 0.8 0.6375 2.31
windows 99 C0 0.8 0.65 2.84
windows 99 H6 0.8 0.65 2.84
windows 100 C0 0.8 0.6625 2.86
windows 100 H6 0.8 0.6625 2.86
windows 101 C0 0.8 0.675 2.85
windows 101 H6 0.8 0.675 2.85
