stability 0 C0 0.443 0.013 1.4
stability 0 C1 0.443 0.013 3.01
stability 0 H6 0.443 0.013 14.14
stability 1 C0 0.459 0.044 6.17
stability 1 C1 0.459 0.044 10.5
stability 1 H6 0.459 0.044 62.92
stability 2 C0 0.4757 0.093 8.68
stability 2 C1 0.4757 0.093 13.41
stability 2 H6 0.4757 0.093 67.2
stability 3 C0 0.507 0.013 4.04
stability 3 C1 0.507 0.013 8.08
stability 3 H6 0.507 0.013 80.88
stability 4 C0 0.523 0.044 6.04
stability 4 C1 0.523 0.044 10.96
stability 4 H6 0.523 0.044 73.4
stability 5 C0 0.539 0.093 5.38
stability 5 C1 0.539 0.093 9.66
stability 5 H6 0.539 0.093 71.02
stability 6 C0 0.663 0.235 5.64
stability 6 C1 0.663 0.235 9.86
stability 6 H6 0.663 0.235 5.64
stability 7 C0 0.763 0.375 4.47
stability 7 C1 0.763 0.375 9.09
stability 7 H6 0.763 0.375 4.47
stability 8 C0 0.863 0.515 3.23
stability 8 C1 0.863 0.515 7.11
stability 8 H6 0.863 0.515 3.23
stability 9 C0 0.083 0.085 0.96
stability 9 C1 0.083 0.085 2.19
stability 9 H6 0.083 0.085 0.96
stability 10 C0 0.283 0.085 1.89
stability 10 C1 0.283 0.085 4.27
stability 10 H6 0.283 0.085 1.89
stability 11 C0 0.683 0.085 4.29
stability 11 C1 0.683 0.085 5.99
stability 11 H6 0.683 0.085 4.29
