n12_192 0 C0 0.443 0.013 56.55
n12_192 0 C1 0.443 0.013 46.78
n12_192 0 H6 0.443 0.013 196.56
n12_192 1 C0 0.4757 0.013 71.72
n12_192 1 C1 0.4757 0.013 101.11
n12_192 1 H6 0.4757 0.013 294.23
n12_192 2 C0 0.507 0.013 98.99
n12_192 2 C1 0.507 0.013 146.59
n12_192 2 H6 0.507 0.013 497.02
n12_192 3 C0 0.539 0.013 129.67
n12_192 3 C1 0.539 0.013 107.01
n12_192 3 H6 0.539 0.013 668.06
n12_192 4 C0 0.663 0.235 57.62
n12_192 4 C1 0.663 0.235 134.1
n12_192 4 H6 0.663 0.235 57.62
n12_192 5 C0 0.763 0.235 87.44
n12_192 5 C1 0.763 0.235 166.72
n12_192 5 H6 0.763 0.235 87.44
n12_192 6 C0 0.863 0.235 89.79
n12_192 6 C1 0.863 0.235 204.07
n12_192 6 H6 0.863 0.235 89.79
n12_192 7 C0 0.963 0.235 68.09
n12_192 7 C1 0.963 0.235 173.18
n12_192 7 H6 0.963 0.235 68.09
n12_192 8 C0 0.083 0.085 35.33
n12_192 8 C1 0.083 0.085 38.54
n12_192 8 H6 0.083 0.085 35.33
n12_192 9 C0 0.183 1.675 140.79
n12_192 9 C1 0.183 1.675 186.18
n12_192 9 H6 0.183 1.675 140.79
n12_192 10 C0 0.383 0.085 76.2
n12_192 10 C1 0.383 0.085 150.78
n12_192 10 H6 0.383 0.085 76.2
n12_192 11 C0 0.683 1.675 181.82
n12_192 11 C1 0.683 1.675 248.12
n12_192 11 H6 0.683 1.675 181.82
