windows 1 2.94
windows 2 3.0
windows 3 2.81
windows 4 3.09
windows 5 2.69
windows 6 3.38
windows 7 2.25
windows 8 2.69
windows 9 4.95
windows 10 3.47
windows 11 5.38
windows 12 4.45
windows 13 4.09
windows 14 5.63
windows 15 6.53
windows 16 6.17
windows 17 4.85
windows 18 4.38
windows 19 6.47
windows 20 4.49
windows 21 5.03
windows 22 4.49
windows 23 5.19
windows 24 5.07
windows 25 5.05
windows 26 8.43
windows 27 7.59
windows 28 7.98
windows 29 6.42
windows 30 6.91
windows 31 7.43
windows 32 9.08
windows 33 8.19
windows 34 8.32
windows 35 0.06
windows 36 0.09
windows 37 0.18
windows 38 4.81
windows 39 9.84
windows 40 11.36
windows 41 9.99
windows 42 10.03
windows 43 9.57
windows 44 7.81
windows 45 9.4
windows 46 7.3
windows 47 6.86
windows 48 6.97
windows 49 6.98
windows 50 6.27
windows 51 7.37
windows 52 6.61
windows 53 10.39
windows 54 9.12
windows 55 7.42
windows 56 7.74
windows 57 7.82
windows 58 7.23
windows 59 6.49
windows 60 6.25
windows 61 7.84
windows 62 8.37
windows 63 6.92
windows 64 6.18
windows 65 6.46
windows 66 7.74
windows 67 5.86
windows 68 5.41
windows 69 3.0
windows 70 3.16
windows 71 2.33
windows 72 4.31
windows 73 7.41
windows 74 8.26
windows 75 8.65
windows 76 7.98
windows 77 4.98
windows 78 5.32
windows 79 3.95
windows 80 4.27
windows 81 4.35
windows 82 5.4
windows 83 6.51
windows 84 8.02
windows 85 5.98
windows 86 3.29
windows 87 2.89
windows 88 3.32
windows 89 3.15
windows 90 3.25
windows 91 3.9
windows 92 3.79
windows 93 3.44
windows 94 6.46
windows 95 4.54
windows 96 3.16
windows 97 3.38
windows 98 3.33
windows 99 2.7
windows 100 3.17
windows 101 3.71
windows 102 3.27
