confirmation 1 0.08
confirmation 2 0.1
confirmation 3 0.22
confirmation 4 11.59
confirmation 5 12.07
confirmation 6 8.9
confirmation 7 0.08
confirmation 8 0.1
confirmation 9 1.99
confirmation 10 11.89
confirmation 11 10.32
confirmation 12 7.75
confirmation 13 0.07
confirmation 14 0.41
confirmation 15 7.93
confirmation 16 9.52
confirmation 17 9.7
confirmation 18 5.67
confirmation 19 3.15
confirmation 20 9.21
confirmation 21 11.86
confirmation 22 21.7
confirmation 23 21.77
confirmation 24 20.01
confirmation 25 8.07
confirmation 26 11.24
confirmation 27 13.08
confirmation 28 21.65
confirmation 29 22.99
confirmation 30 14.56
confirmation 31 12.76
confirmation 32 7.74
confirmation 33 10.76
confirmation 34 23.03
confirmation 35 7.92
confirmation 36 5.84
confirmation 37 2.3
confirmation 38 1.98
confirmation 39 2.85
confirmation 40 5.41
confirmation 41 5.87
confirmation 42 6.11
confirmation 43 2.43
confirmation 44 5.39
confirmation 45 2.92
confirmation 46 6.09
confirmation 47 8.2
confirmation 48 4.06
confirmation 49 6.41
confirmation 50 6.44
confirmation 51 5.58
confirmation 52 4.78
confirmation 53 5.85
confirmation 54 5.69
confirmation 55 4.17
confirmation 56 4.54
confirmation 57 4.63
confirmation 58 3.28
confirmation 59 3.39
confirmation 60 2.73
confirmation 61 3.45
confirmation 62 4.31
confirmation 63 4.77
confirmation 64 3.46
confirmation 65 3.39
confirmation 66 3.65
confirmation 67 2.26
confirmation 68 3.56
confirmation 69 3.07
confirmation 70 4.35
confirmation 71 3.78
confirmation 72 3.43
confirmation 73 0.15
confirmation 74 1.01
confirmation 75 8.48
confirmation 76 10.01
confirmation 77 0.27
confirmation 78 2.08
confirmation 79 8.1
confirmation 80 10.06
confirmation 81 0.56
confirmation 82 4.94
confirmation 83 12.69
confirmation 84 13.33
confirmation 85 2.71
confirmation 86 10.05
confirmation 87 12.96
confirmation 88 13.23
confirmation 89 2.62
confirmation 90 8.65
confirmation 91 11.99
confirmation 92 13.23
confirmation 93 0.3
confirmation 94 4.02
confirmation 95 10.64
confirmation 96 10.82
