core 0 B3 0 raw
core 0 B3 0 zne
core 0 B3 0 zne_quadratic
core 0 B3 0 sv
core 0 B3 0.01 raw
core 0 B3 0.01 zne
core 0 B3 0.01 zne_quadratic
core 0 B3 0.01 sv
core 0 B3 0.05 raw
core 0 B3 0.05 zne
core 0 B3 0.05 zne_quadratic
core 0 B3 0.05 sv
core 0 H6 0 raw
core 0 H6 0 zne
core 0 H6 0 zne_quadratic
core 0 H6 0 sv
core 0 H6 0.01 raw
core 0 H6 0.01 zne
core 0 H6 0.01 zne_quadratic
core 0 H6 0.01 sv
core 0 H6 0.05 raw
core 0 H6 0.05 zne
core 0 H6 0.05 zne_quadratic
core 0 H6 0.05 sv
core 0 B0 0 raw
core 0 B0 0.01 raw
core 0 B0 0.05 raw
core 1 B3 0 raw
core 1 B3 0 zne
core 1 B3 0 zne_quadratic
core 1 B3 0 sv
core 1 B3 0.01 raw
core 1 B3 0.01 zne
core 1 B3 0.01 zne_quadratic
core 1 B3 0.01 sv
core 1 B3 0.05 raw
core 1 B3 0.05 zne
core 1 B3 0.05 zne_quadratic
core 1 B3 0.05 sv
core 1 H6 0 raw
core 1 H6 0 zne
core 1 H6 0 zne_quadratic
core 1 H6 0 sv
core 1 H6 0.01 raw
core 1 H6 0.01 zne
core 1 H6 0.01 zne_quadratic
core 1 H6 0.01 sv
core 1 H6 0.05 raw
core 1 H6 0.05 zne
core 1 H6 0.05 zne_quadratic
core 1 H6 0.05 sv
core 1 B0 0 raw
core 1 B0 0.01 raw
core 1 B0 0.05 raw
core 2 B3 0 raw
core 2 B3 0 zne
core 2 B3 0 zne_quadratic
core 2 B3 0 sv
core 2 B3 0.01 raw
core 2 B3 0.01 zne
core 2 B3 0.01 zne_quadratic
core 2 B3 0.01 sv
core 2 B3 0.05 raw
core 2 B3 0.05 zne
core 2 B3 0.05 zne_quadratic
core 2 B3 0.05 sv
core 2 H6 0 raw
core 2 H6 0 zne
core 2 H6 0 zne_quadratic
core 2 H6 0 sv
core 2 H6 0.01 raw
core 2 H6 0.01 zne
core 2 H6 0.01 zne_quadratic
core 2 H6 0.01 sv
core 2 H6 0.05 raw
core 2 H6 0.05 zne
core 2 H6 0.05 zne_quadratic
core 2 H6 0.05 sv
core 2 B0 0 raw
core 2 B0 0.01 raw
core 2 B0 0.05 raw
core 3 B3 0 raw
core 3 B3 0 zne
core 3 B3 0 zne_quadratic
core 3 B3 0 sv
core 3 B3 0.01 raw
core 3 B3 0.01 zne
core 3 B3 0.01 zne_quadratic
core 3 B3 0.01 sv
core 3 B3 0.05 raw
core 3 B3 0.05 zne
core 3 B3 0.05 zne_quadratic
core 3 B3 0.05 sv
core 3 H6 0 raw
core 3 H6 0 zne
core 3 H6 0 zne_quadratic
core 3 H6 0 sv
core 3 H6 0.01 raw
core 3 H6 0.01 zne
core 3 H6 0.01 zne_quadratic
core 3 H6 0.01 sv
core 3 H6 0.05 raw
core 3 H6 0.05 zne
core 3 H6 0.05 zne_quadratic
core 3 H6 0.05 sv
core 3 B0 0 raw
core 3 B0 0.01 raw
core 3 B0 0.05 raw
core 4 B3 0 raw
core 4 B3 0 zne
core 4 B3 0 zne_quadratic
core 4 B3 0 sv
core 4 B3 0.01 raw
core 4 B3 0.01 zne
core 4 B3 0.01 zne_quadratic
core 4 B3 0.01 sv
core 4 B3 0.05 raw
core 4 B3 0.05 zne
core 4 B3 0.05 zne_quadratic
core 4 B3 0.05 sv
core 4 H6 0 raw
core 4 H6 0 zne
core 4 H6 0 zne_quadratic
core 4 H6 0 sv
core 4 H6 0.01 raw
core 4 H6 0.01 zne
core 4 H6 0.01 zne_quadratic
core 4 H6 0.01 sv
core 4 H6 0.05 raw
core 4 H6 0.05 zne
core 4 H6 0.05 zne_quadratic
core 4 H6 0.05 sv
core 4 B0 0 raw
core 4 B0 0.01 raw
core 4 B0 0.05 raw
core 5 B3 0 raw
core 5 B3 0 zne
core 5 B3 0 zne_quadratic
core 5 B3 0 sv
core 5 B3 0.01 raw
core 5 B3 0.01 zne
core 5 B3 0.01 zne_quadratic
core 5 B3 0.01 sv
core 5 B3 0.05 raw
core 5 B3 0.05 zne
core 5 B3 0.05 zne_quadratic
core 5 B3 0.05 sv
core 5 H6 0 raw
core 5 H6 0 zne
core 5 H6 0 zne_quadratic
core 5 H6 0 sv
core 5 H6 0.01 raw
core 5 H6 0.01 zne
core 5 H6 0.01 zne_quadratic
core 5 H6 0.01 sv
core 5 H6 0.05 raw
core 5 H6 0.05 zne
core 5 H6 0.05 zne_quadratic
core 5 H6 0.05 sv
core 5 B0 0 raw
core 5 B0 0.01 raw
core 5 B0 0.05 raw
core 6 B3 0 raw
core 6 B3 0 zne
core 6 B3 0 zne_quadratic
core 6 B3 0 sv
core 6 B3 0.01 raw
core 6 B3 0.01 zne
core 6 B3 0.01 zne_quadratic
core 6 B3 0.01 sv
core 6 B3 0.05 raw
core 6 B3 0.05 zne
core 6 B3 0.05 zne_quadratic
core 6 B3 0.05 sv
core 6 H6 0 raw
core 6 H6 0 zne
core 6 H6 0 zne_quadratic
core 6 H6 0 sv
core 6 H6 0.01 raw
core 6 H6 0.01 zne
core 6 H6 0.01 zne_quadratic
core 6 H6 0.01 sv
core 6 H6 0.05 raw
core 6 H6 0.05 zne
core 6 H6 0.05 zne_quadratic
core 6 H6 0.05 sv
core 6 B0 0 raw
core 6 B0 0.01 raw
core 6 B0 0.05 raw
core 7 B3 0 raw
core 7 B3 0 zne
core 7 B3 0 zne_quadratic
core 7 B3 0 sv
core 7 B3 0.01 raw
core 7 B3 0.01 zne
core 7 B3 0.01 zne_quadratic
core 7 B3 0.01 sv
core 7 B3 0.05 raw
core 7 B3 0.05 zne
core 7 B3 0.05 zne_quadratic
core 7 B3 0.05 sv
core 7 H6 0 raw
core 7 H6 0 zne
core 7 H6 0 zne_quadratic
core 7 H6 0 sv
core 7 H6 0.01 raw
core 7 H6 0.01 zne
core 7 H6 0.01 zne_quadratic
core 7 H6 0.01 sv
core 7 H6 0.05 raw
core 7 H6 0.05 zne
core 7 H6 0.05 zne_quadratic
core 7 H6 0.05 sv
core 7 B0 0 raw
core 7 B0 0.01 raw
core 7 B0 0.05 raw
core 8 B3 0 raw
core 8 B3 0 zne
core 8 B3 0 zne_quadratic
core 8 B3 0 sv
core 8 B3 0.01 raw
core 8 B3 0.01 zne
core 8 B3 0.01 zne_quadratic
core 8 B3 0.01 sv
core 8 B3 0.05 raw
core 8 B3 0.05 zne
core 8 B3 0.05 zne_quadratic
core 8 B3 0.05 sv
core 8 H6 0 raw
core 8 H6 0 zne
core 8 H6 0 zne_quadratic
core 8 H6 0 sv
core 8 H6 0.01 raw
core 8 H6 0.01 zne
core 8 H6 0.01 zne_quadratic
core 8 H6 0.01 sv
core 8 H6 0.05 raw
core 8 H6 0.05 zne
core 8 H6 0.05 zne_quadratic
core 8 H6 0.05 sv
core 8 B0 0 raw
core 8 B0 0.01 raw
core 8 B0 0.05 raw
core 9 B3 0 raw
core 9 B3 0 zne
core 9 B3 0 zne_quadratic
core 9 B3 0 sv
core 9 B3 0.01 raw
core 9 B3 0.01 zne
core 9 B3 0.01 zne_quadratic
core 9 B3 0.01 sv
core 9 B3 0.05 raw
core 9 B3 0.05 zne
core 9 B3 0.05 zne_quadratic
core 9 B3 0.05 sv
core 9 H6 0 raw
core 9 H6 0 zne
core 9 H6 0 zne_quadratic
core 9 H6 0 sv
core 9 H6 0.01 raw
core 9 H6 0.01 zne
core 9 H6 0.01 zne_quadratic
core 9 H6 0.01 sv
core 9 H6 0.05 raw
core 9 H6 0.05 zne
core 9 H6 0.05 zne_quadratic
core 9 H6 0.05 sv
core 9 B0 0 raw
core 9 B0 0.01 raw
core 9 B0 0.05 raw
core 10 B3 0 raw
core 10 B3 0 zne
core 10 B3 0 zne_quadratic
core 10 B3 0 sv
core 10 B3 0.01 raw
core 10 B3 0.01 zne
core 10 B3 0.01 zne_quadratic
core 10 B3 0.01 sv
core 10 B3 0.05 raw
core 10 B3 0.05 zne
core 10 B3 0.05 zne_quadratic
core 10 B3 0.05 sv
core 10 H6 0 raw
core 10 H6 0 zne
core 10 H6 0 zne_quadratic
core 10 H6 0 sv
core 10 H6 0.01 raw
core 10 H6 0.01 zne
core 10 H6 0.01 zne_quadratic
core 10 H6 0.01 sv
core 10 H6 0.05 raw
core 10 H6 0.05 zne
core 10 H6 0.05 zne_quadratic
core 10 H6 0.05 sv
core 10 B0 0 raw
core 10 B0 0.01 raw
core 10 B0 0.05 raw
core 11 B3 0 raw
core 11 B3 0 zne
core 11 B3 0 zne_quadratic
core 11 B3 0 sv
core 11 B3 0.01 raw
core 11 B3 0.01 zne
core 11 B3 0.01 zne_quadratic
core 11 B3 0.01 sv
core 11 B3 0.05 raw
core 11 B3 0.05 zne
core 11 B3 0.05 zne_quadratic
core 11 B3 0.05 sv
core 11 H6 0 raw
core 11 H6 0 zne
core 11 H6 0 zne_quadratic
core 11 H6 0 sv
core 11 H6 0.01 raw
core 11 H6 0.01 zne
core 11 H6 0.01 zne_quadratic
core 11 H6 0.01 sv
core 11 H6 0.05 raw
core 11 H6 0.05 zne
core 11 H6 0.05 zne_quadratic
core 11 H6 0.05 sv
core 11 B0 0 raw
core 11 B0 0.01 raw
core 11 B0 0.05 raw
core 12 B3 0 raw
core 12 B3 0 zne
core 12 B3 0 zne_quadratic
core 12 B3 0 sv
core 12 B3 0.01 raw
core 12 B3 0.01 zne
core 12 B3 0.01 zne_quadratic
core 12 B3 0.01 sv
core 12 B3 0.05 raw
core 12 B3 0.05 zne
core 12 B3 0.05 zne_quadratic
core 12 B3 0.05 sv
core 12 H6 0 raw
core 12 H6 0 zne
core 12 H6 0 zne_quadratic
core 12 H6 0 sv
core 12 H6 0.01 raw
core 12 H6 0.01 zne
core 12 H6 0.01 zne_quadratic
core 12 H6 0.01 sv
core 12 H6 0.05 raw
core 12 H6 0.05 zne
core 12 H6 0.05 zne_quadratic
core 12 H6 0.05 sv
core 12 B0 0 raw
core 12 B0 0.01 raw
core 12 B0 0.05 raw
core 13 B3 0 raw
core 13 B3 0 zne
core 13 B3 0 zne_quadratic
core 13 B3 0 sv
core 13 B3 0.01 raw
core 13 B3 0.01 zne
core 13 B3 0.01 zne_quadratic
core 13 B3 0.01 sv
core 13 B3 0.05 raw
core 13 B3 0.05 zne
core 13 B3 0.05 zne_quadratic
core 13 B3 0.05 sv
core 13 H6 0 raw
core 13 H6 0 zne
core 13 H6 0 zne_quadratic
core 13 H6 0 sv
core 13 H6 0.01 raw
core 13 H6 0.01 zne
core 13 H6 0.01 zne_quadratic
core 13 H6 0.01 sv
core 13 H6 0.05 raw
core 13 H6 0.05 zne
core 13 H6 0.05 zne_quadratic
core 13 H6 0.05 sv
core 13 B0 0 raw
core 13 B0 0.01 raw
core 13 B0 0.05 raw
core 14 B3 0 raw
core 14 B3 0 zne
core 14 B3 0 zne_quadratic
core 14 B3 0 sv
core 14 B3 0.01 raw
core 14 B3 0.01 zne
core 14 B3 0.01 zne_quadratic
core 14 B3 0.01 sv
core 14 B3 0.05 raw
core 14 B3 0.05 zne
core 14 B3 0.05 zne_quadratic
core 14 B3 0.05 sv
core 14 H6 0 raw
core 14 H6 0 zne
core 14 H6 0 zne_quadratic
core 14 H6 0 sv
core 14 H6 0.01 raw
core 14 H6 0.01 zne
core 14 H6 0.01 zne_quadratic
core 14 H6 0.01 sv
core 14 H6 0.05 raw
core 14 H6 0.05 zne
core 14 H6 0.05 zne_quadratic
core 14 H6 0.05 sv
core 14 B0 0 raw
core 14 B0 0.01 raw
core 14 B0 0.05 raw
core 15 B3 0 raw
core 15 B3 0 zne
core 15 B3 0 zne_quadratic
core 15 B3 0 sv
core 15 B3 0.01 raw
core 15 B3 0.01 zne
core 15 B3 0.01 zne_quadratic
core 15 B3 0.01 sv
core 15 B3 0.05 raw
core 15 B3 0.05 zne
core 15 B3 0.05 zne_quadratic
core 15 B3 0.05 sv
core 15 H6 0 raw
core 15 H6 0 zne
core 15 H6 0 zne_quadratic
core 15 H6 0 sv
core 15 H6 0.01 raw
core 15 H6 0.01 zne
core 15 H6 0.01 zne_quadratic
core 15 H6 0.01 sv
core 15 H6 0.05 raw
core 15 H6 0.05 zne
core 15 H6 0.05 zne_quadratic
core 15 H6 0.05 sv
core 15 B0 0 raw
core 15 B0 0.01 raw
core 15 B0 0.05 raw
core 16 B3 0 raw
core 16 B3 0 zne
core 16 B3 0 zne_quadratic
core 16 B3 0 sv
core 16 B3 0.01 raw
core 16 B3 0.01 zne
core 16 B3 0.01 zne_quadratic
core 16 B3 0.01 sv
core 16 B3 0.05 raw
core 16 B3 0.05 zne
core 16 B3 0.05 zne_quadratic
core 16 B3 0.05 sv
core 16 H6 0 raw
core 16 H6 0 zne
core 16 H6 0 zne_quadratic
core 16 H6 0 sv
core 16 H6 0.01 raw
core 16 H6 0.01 zne
core 16 H6 0.01 zne_quadratic
core 16 H6 0.01 sv
core 16 H6 0.05 raw
core 16 H6 0.05 zne
core 16 H6 0.05 zne_quadratic
core 16 H6 0.05 sv
core 16 B0 0 raw
core 16 B0 0.01 raw
core 16 B0 0.05 raw
core 17 B3 0 raw
core 17 B3 0 zne
core 17 B3 0 zne_quadratic
core 17 B3 0 sv
core 17 B3 0.01 raw
core 17 B3 0.01 zne
core 17 B3 0.01 zne_quadratic
core 17 B3 0.01 sv
core 17 B3 0.05 raw
core 17 B3 0.05 zne
core 17 B3 0.05 zne_quadratic
core 17 B3 0.05 sv
core 17 H6 0 raw
core 17 H6 0 zne
core 17 H6 0 zne_quadratic
core 17 H6 0 sv
core 17 H6 0.01 raw
core 17 H6 0.01 zne
core 17 H6 0.01 zne_quadratic
core 17 H6 0.01 sv
core 17 H6 0.05 raw
core 17 H6 0.05 zne
core 17 H6 0.05 zne_quadratic
core 17 H6 0.05 sv
core 17 B0 0 raw
core 17 B0 0.01 raw
core 17 B0 0.05 raw
core 18 B3 0 raw
core 18 B3 0 zne
core 18 B3 0 zne_quadratic
core 18 B3 0 sv
core 18 B3 0.01 raw
core 18 B3 0.01 zne
core 18 B3 0.01 zne_quadratic
core 18 B3 0.01 sv
core 18 B3 0.05 raw
core 18 B3 0.05 zne
core 18 B3 0.05 zne_quadratic
core 18 B3 0.05 sv
core 18 H6 0 raw
core 18 H6 0 zne
core 18 H6 0 zne_quadratic
core 18 H6 0 sv
core 18 H6 0.01 raw
core 18 H6 0.01 zne
core 18 H6 0.01 zne_quadratic
core 18 H6 0.01 sv
core 18 H6 0.05 raw
core 18 H6 0.05 zne
core 18 H6 0.05 zne_quadratic
core 18 H6 0.05 sv
core 18 B0 0 raw
core 18 B0 0.01 raw
core 18 B0 0.05 raw
core 19 B3 0 raw
core 19 B3 0 zne
core 19 B3 0 zne_quadratic
core 19 B3 0 sv
core 19 B3 0.01 raw
core 19 B3 0.01 zne
core 19 B3 0.01 zne_quadratic
core 19 B3 0.01 sv
core 19 B3 0.05 raw
core 19 B3 0.05 zne
core 19 B3 0.05 zne_quadratic
core 19 B3 0.05 sv
core 19 H6 0 raw
core 19 H6 0 zne
core 19 H6 0 zne_quadratic
core 19 H6 0 sv
core 19 H6 0.01 raw
core 19 H6 0.01 zne
core 19 H6 0.01 zne_quadratic
core 19 H6 0.01 sv
core 19 H6 0.05 raw
core 19 H6 0.05 zne
core 19 H6 0.05 zne_quadratic
core 19 H6 0.05 sv
core 19 B0 0 raw
core 19 B0 0.01 raw
core 19 B0 0.05 raw
core 20 B3 0 raw
core 20 B3 0 zne
core 20 B3 0 zne_quadratic
core 20 B3 0 sv
core 20 B3 0.01 raw
core 20 B3 0.01 zne
core 20 B3 0.01 zne_quadratic
core 20 B3 0.01 sv
core 20 B3 0.05 raw
core 20 B3 0.05 zne
core 20 B3 0.05 zne_quadratic
core 20 B3 0.05 sv
core 20 H6 0 raw
core 20 H6 0 zne
core 20 H6 0 zne_quadratic
core 20 H6 0 sv
core 20 H6 0.01 raw
core 20 H6 0.01 zne
core 20 H6 0.01 zne_quadratic
core 20 H6 0.01 sv
core 20 H6 0.05 raw
core 20 H6 0.05 zne
core 20 H6 0.05 zne_quadratic
core 20 H6 0.05 sv
core 20 B0 0 raw
core 20 B0 0.01 raw
core 20 B0 0.05 raw
core 21 B3 0 raw
core 21 B3 0 zne
core 21 B3 0 zne_quadratic
core 21 B3 0 sv
core 21 B3 0.01 raw
core 21 B3 0.01 zne
core 21 B3 0.01 zne_quadratic
core 21 B3 0.01 sv
core 21 B3 0.05 raw
core 21 B3 0.05 zne
core 21 B3 0.05 zne_quadratic
core 21 B3 0.05 sv
core 21 H6 0 raw
core 21 H6 0 zne
core 21 H6 0 zne_quadratic
core 21 H6 0 sv
core 21 H6 0.01 raw
core 21 H6 0.01 zne
core 21 H6 0.01 zne_quadratic
core 21 H6 0.01 sv
core 21 H6 0.05 raw
core 21 H6 0.05 zne
core 21 H6 0.05 zne_quadratic
core 21 H6 0.05 sv
core 21 B0 0 raw
core 21 B0 0.01 raw
core 21 B0 0.05 raw
core 22 B3 0 raw
core 22 B3 0 zne
core 22 B3 0 zne_quadratic
core 22 B3 0 sv
core 22 B3 0.01 raw
core 22 B3 0.01 zne
core 22 B3 0.01 zne_quadratic
core 22 B3 0.01 sv
core 22 B3 0.05 raw
core 22 B3 0.05 zne
core 22 B3 0.05 zne_quadratic
core 22 B3 0.05 sv
core 22 H6 0 raw
core 22 H6 0 zne
core 22 H6 0 zne_quadratic
core 22 H6 0 sv
core 22 H6 0.01 raw
core 22 H6 0.01 zne
core 22 H6 0.01 zne_quadratic
core 22 H6 0.01 sv
core 22 H6 0.05 raw
core 22 H6 0.05 zne
core 22 H6 0.05 zne_quadratic
core 22 H6 0.05 sv
core 22 B0 0 raw
core 22 B0 0.01 raw
core 22 B0 0.05 raw
core 23 B3 0 raw
core 23 B3 0 zne
core 23 B3 0 zne_quadratic
core 23 B3 0 sv
core 23 B3 0.01 raw
core 23 B3 0.01 zne
core 23 B3 0.01 zne_quadratic
core 23 B3 0.01 sv
core 23 B3 0.05 raw
core 23 B3 0.05 zne
core 23 B3 0.05 zne_quadratic
core 23 B3 0.05 sv
core 23 H6 0 raw
core 23 H6 0 zne
core 23 H6 0 zne_quadratic
core 23 H6 0 sv
core 23 H6 0.01 raw
core 23 H6 0.01 zne
core 23 H6 0.01 zne_quadratic
core 23 H6 0.01 sv
core 23 H6 0.05 raw
core 23 H6 0.05 zne
core 23 H6 0.05 zne_quadratic
core 23 H6 0.05 sv
core 23 B0 0 raw
core 23 B0 0.01 raw
core 23 B0 0.05 raw
core 24 B3 0 raw
core 24 B3 0 zne
core 24 B3 0 zne_quadratic
core 24 B3 0 sv
core 24 B3 0.01 raw
core 24 B3 0.01 zne
core 24 B3 0.01 zne_quadratic
core 24 B3 0.01 sv
core 24 B3 0.05 raw
core 24 B3 0.05 zne
core 24 B3 0.05 zne_quadratic
core 24 B3 0.05 sv
core 24 H6 0 raw
core 24 H6 0 zne
core 24 H6 0 zne_quadratic
core 24 H6 0 sv
core 24 H6 0.01 raw
core 24 H6 0.01 zne
core 24 H6 0.01 zne_quadratic
core 24 H6 0.01 sv
core 24 H6 0.05 raw
core 24 H6 0.05 zne
core 24 H6 0.05 zne_quadratic
core 24 H6 0.05 sv
core 24 B0 0 raw
core 24 B0 0.01 raw
core 24 B0 0.05 raw
core 25 B3 0 raw
core 25 B3 0 zne
core 25 B3 0 zne_quadratic
core 25 B3 0 sv
core 25 B3 0.01 raw
core 25 B3 0.01 zne
core 25 B3 0.01 zne_quadratic
core 25 B3 0.01 sv
core 25 B3 0.05 raw
core 25 B3 0.05 zne
core 25 B3 0.05 zne_quadratic
core 25 B3 0.05 sv
core 25 H6 0 raw
core 25 H6 0 zne
core 25 H6 0 zne_quadratic
core 25 H6 0 sv
core 25 H6 0.01 raw
core 25 H6 0.01 zne
core 25 H6 0.01 zne_quadratic
core 25 H6 0.01 sv
core 25 H6 0.05 raw
core 25 H6 0.05 zne
core 25 H6 0.05 zne_quadratic
core 25 H6 0.05 sv
core 25 B0 0 raw
core 25 B0 0.01 raw
core 25 B0 0.05 raw
core 26 B3 0 raw
core 26 B3 0 zne
core 26 B3 0 zne_quadratic
core 26 B3 0 sv
core 26 B3 0.01 raw
core 26 B3 0.01 zne
core 26 B3 0.01 zne_quadratic
core 26 B3 0.01 sv
core 26 B3 0.05 raw
core 26 B3 0.05 zne
core 26 B3 0.05 zne_quadratic
core 26 B3 0.05 sv
core 26 H6 0 raw
core 26 H6 0 zne
core 26 H6 0 zne_quadratic
core 26 H6 0 sv
core 26 H6 0.01 raw
core 26 H6 0.01 zne
core 26 H6 0.01 zne_quadratic
core 26 H6 0.01 sv
core 26 H6 0.05 raw
core 26 H6 0.05 zne
core 26 H6 0.05 zne_quadratic
core 26 H6 0.05 sv
core 26 B0 0 raw
core 26 B0 0.01 raw
core 26 B0 0.05 raw
core 27 B3 0 raw
core 27 B3 0 zne
core 27 B3 0 zne_quadratic
core 27 B3 0 sv
core 27 B3 0.01 raw
core 27 B3 0.01 zne
core 27 B3 0.01 zne_quadratic
core 27 B3 0.01 sv
core 27 B3 0.05 raw
core 27 B3 0.05 zne
core 27 B3 0.05 zne_quadratic
core 27 B3 0.05 sv
core 27 H6 0 raw
core 27 H6 0 zne
core 27 H6 0 zne_quadratic
core 27 H6 0 sv
core 27 H6 0.01 raw
core 27 H6 0.01 zne
core 27 H6 0.01 zne_quadratic
core 27 H6 0.01 sv
core 27 H6 0.05 raw
core 27 H6 0.05 zne
core 27 H6 0.05 zne_quadratic
core 27 H6 0.05 sv
core 27 B0 0 raw
core 27 B0 0.01 raw
core 27 B0 0.05 raw
core 28 B3 0 raw
core 28 B3 0 zne
core 28 B3 0 zne_quadratic
core 28 B3 0 sv
core 28 B3 0.01 raw
core 28 B3 0.01 zne
core 28 B3 0.01 zne_quadratic
core 28 B3 0.01 sv
core 28 B3 0.05 raw
core 28 B3 0.05 zne
core 28 B3 0.05 zne_quadratic
core 28 B3 0.05 sv
core 28 H6 0 raw
core 28 H6 0 zne
core 28 H6 0 zne_quadratic
core 28 H6 0 sv
core 28 H6 0.01 raw
core 28 H6 0.01 zne
core 28 H6 0.01 zne_quadratic
core 28 H6 0.01 sv
core 28 H6 0.05 raw
core 28 H6 0.05 zne
core 28 H6 0.05 zne_quadratic
core 28 H6 0.05 sv
core 28 B0 0 raw
core 28 B0 0.01 raw
core 28 B0 0.05 raw
core 29 B3 0 raw
core 29 B3 0 zne
core 29 B3 0 zne_quadratic
core 29 B3 0 sv
core 29 B3 0.01 raw
core 29 B3 0.01 zne
core 29 B3 0.01 zne_quadratic
core 29 B3 0.01 sv
core 29 B3 0.05 raw
core 29 B3 0.05 zne
core 29 B3 0.05 zne_quadratic
core 29 B3 0.05 sv
core 29 H6 0 raw
core 29 H6 0 zne
core 29 H6 0 zne_quadratic
core 29 H6 0 sv
core 29 H6 0.01 raw
core 29 H6 0.01 zne
core 29 H6 0.01 zne_quadratic
core 29 H6 0.01 sv
core 29 H6 0.05 raw
core 29 H6 0.05 zne
core 29 H6 0.05 zne_quadratic
core 29 H6 0.05 sv
core 29 B0 0 raw
core 29 B0 0.01 raw
core 29 B0 0.05 raw
core 30 B3 0 raw
core 30 B3 0 zne
core 30 B3 0 zne_quadratic
core 30 B3 0 sv
core 30 B3 0.01 raw
core 30 B3 0.01 zne
core 30 B3 0.01 zne_quadratic
core 30 B3 0.01 sv
core 30 B3 0.05 raw
core 30 B3 0.05 zne
core 30 B3 0.05 zne_quadratic
core 30 B3 0.05 sv
core 30 H6 0 raw
core 30 H6 0 zne
core 30 H6 0 zne_quadratic
core 30 H6 0 sv
core 30 H6 0.01 raw
core 30 H6 0.01 zne
core 30 H6 0.01 zne_quadratic
core 30 H6 0.01 sv
core 30 H6 0.05 raw
core 30 H6 0.05 zne
core 30 H6 0.05 zne_quadratic
core 30 H6 0.05 sv
core 30 B0 0 raw
core 30 B0 0.01 raw
core 30 B0 0.05 raw
core 31 B3 0 raw
core 31 B3 0 zne
core 31 B3 0 zne_quadratic
core 31 B3 0 sv
core 31 B3 0.01 raw
core 31 B3 0.01 zne
core 31 B3 0.01 zne_quadratic
core 31 B3 0.01 sv
core 31 B3 0.05 raw
core 31 B3 0.05 zne
core 31 B3 0.05 zne_quadratic
core 31 B3 0.05 sv
core 31 H6 0 raw
core 31 H6 0 zne
core 31 H6 0 zne_quadratic
core 31 H6 0 sv
core 31 H6 0.01 raw
core 31 H6 0.01 zne
core 31 H6 0.01 zne_quadratic
core 31 H6 0.01 sv
core 31 H6 0.05 raw
core 31 H6 0.05 zne
core 31 H6 0.05 zne_quadratic
core 31 H6 0.05 sv
core 31 B0 0 raw
core 31 B0 0.01 raw
core 31 B0 0.05 raw
core 32 B3 0 raw
core 32 B3 0 zne
core 32 B3 0 zne_quadratic
core 32 B3 0 sv
core 32 B3 0.01 raw
core 32 B3 0.01 zne
core 32 B3 0.01 zne_quadratic
core 32 B3 0.01 sv
core 32 B3 0.05 raw
core 32 B3 0.05 zne
core 32 B3 0.05 zne_quadratic
core 32 B3 0.05 sv
core 32 H6 0 raw
core 32 H6 0 zne
core 32 H6 0 zne_quadratic
core 32 H6 0 sv
core 32 H6 0.01 raw
core 32 H6 0.01 zne
core 32 H6 0.01 zne_quadratic
core 32 H6 0.01 sv
core 32 H6 0.05 raw
core 32 H6 0.05 zne
core 32 H6 0.05 zne_quadratic
core 32 H6 0.05 sv
core 32 B0 0 raw
core 32 B0 0.01 raw
core 32 B0 0.05 raw
core 33 B3 0 raw
core 33 B3 0 zne
core 33 B3 0 zne_quadratic
core 33 B3 0 sv
core 33 B3 0.01 raw
core 33 B3 0.01 zne
core 33 B3 0.01 zne_quadratic
core 33 B3 0.01 sv
core 33 B3 0.05 raw
core 33 B3 0.05 zne
core 33 B3 0.05 zne_quadratic
core 33 B3 0.05 sv
core 33 H6 0 raw
core 33 H6 0 zne
core 33 H6 0 zne_quadratic
core 33 H6 0 sv
core 33 H6 0.01 raw
core 33 H6 0.01 zne
core 33 H6 0.01 zne_quadratic
core 33 H6 0.01 sv
core 33 H6 0.05 raw
core 33 H6 0.05 zne
core 33 H6 0.05 zne_quadratic
core 33 H6 0.05 sv
core 33 B0 0 raw
core 33 B0 0.01 raw
core 33 B0 0.05 raw
core 34 B3 0 raw
core 34 B3 0 zne
core 34 B3 0 zne_quadratic
core 34 B3 0 sv
core 34 B3 0.01 raw
core 34 B3 0.01 zne
core 34 B3 0.01 zne_quadratic
core 34 B3 0.01 sv
core 34 B3 0.05 raw
core 34 B3 0.05 zne
core 34 B3 0.05 zne_quadratic
core 34 B3 0.05 sv
core 34 H6 0 raw
core 34 H6 0 zne
core 34 H6 0 zne_quadratic
core 34 H6 0 sv
core 34 H6 0.01 raw
core 34 H6 0.01 zne
core 34 H6 0.01 zne_quadratic
core 34 H6 0.01 sv
core 34 H6 0.05 raw
core 34 H6 0.05 zne
core 34 H6 0.05 zne_quadratic
core 34 H6 0.05 sv
core 34 B0 0 raw
core 34 B0 0.01 raw
core 34 B0 0.05 raw
core 35 B3 0 raw
core 35 B3 0 zne
core 35 B3 0 zne_quadratic
core 35 B3 0 sv
core 35 B3 0.01 raw
core 35 B3 0.01 zne
core 35 B3 0.01 zne_quadratic
core 35 B3 0.01 sv
core 35 B3 0.05 raw
core 35 B3 0.05 zne
core 35 B3 0.05 zne_quadratic
core 35 B3 0.05 sv
core 35 H6 0 raw
core 35 H6 0 zne
core 35 H6 0 zne_quadratic
core 35 H6 0 sv
core 35 H6 0.01 raw
core 35 H6 0.01 zne
core 35 H6 0.01 zne_quadratic
core 35 H6 0.01 sv
core 35 H6 0.05 raw
core 35 H6 0.05 zne
core 35 H6 0.05 zne_quadratic
core 35 H6 0.05 sv
core 35 B0 0 raw
core 35 B0 0.01 raw
core 35 B0 0.05 raw
core 36 B3 0 raw
core 36 B3 0 zne
core 36 B3 0 zne_quadratic
core 36 B3 0 sv
core 36 B3 0.01 raw
core 36 B3 0.01 zne
core 36 B3 0.01 zne_quadratic
core 36 B3 0.01 sv
core 36 B3 0.05 raw
core 36 B3 0.05 zne
core 36 B3 0.05 zne_quadratic
core 36 B3 0.05 sv
core 36 H6 0 raw
core 36 H6 0 zne
core 36 H6 0 zne_quadratic
core 36 H6 0 sv
core 36 H6 0.01 raw
core 36 H6 0.01 zne
core 36 H6 0.01 zne_quadratic
core 36 H6 0.01 sv
core 36 H6 0.05 raw
core 36 H6 0.05 zne
core 36 H6 0.05 zne_quadratic
core 36 H6 0.05 sv
core 36 B0 0 raw
core 36 B0 0.01 raw
core 36 B0 0.05 raw
core 37 B3 0 raw
core 37 B3 0 zne
core 37 B3 0 zne_quadratic
core 37 B3 0 sv
core 37 B3 0.01 raw
core 37 B3 0.01 zne
core 37 B3 0.01 zne_quadratic
core 37 B3 0.01 sv
core 37 B3 0.05 raw
core 37 B3 0.05 zne
core 37 B3 0.05 zne_quadratic
core 37 B3 0.05 sv
core 37 H6 0 raw
core 37 H6 0 zne
core 37 H6 0 zne_quadratic
core 37 H6 0 sv
core 37 H6 0.01 raw
core 37 H6 0.01 zne
core 37 H6 0.01 zne_quadratic
core 37 H6 0.01 sv
core 37 H6 0.05 raw
core 37 H6 0.05 zne
core 37 H6 0.05 zne_quadratic
core 37 H6 0.05 sv
core 37 B0 0 raw
core 37 B0 0.01 raw
core 37 B0 0.05 raw
core 38 B3 0 raw
core 38 B3 0 zne
core 38 B3 0 zne_quadratic
core 38 B3 0 sv
core 38 B3 0.01 raw
core 38 B3 0.01 zne
core 38 B3 0.01 zne_quadratic
core 38 B3 0.01 sv
core 38 B3 0.05 raw
core 38 B3 0.05 zne
core 38 B3 0.05 zne_quadratic
core 38 B3 0.05 sv
core 38 H6 0 raw
core 38 H6 0 zne
core 38 H6 0 zne_quadratic
core 38 H6 0 sv
core 38 H6 0.01 raw
core 38 H6 0.01 zne
core 38 H6 0.01 zne_quadratic
core 38 H6 0.01 sv
core 38 H6 0.05 raw
core 38 H6 0.05 zne
core 38 H6 0.05 zne_quadratic
core 38 H6 0.05 sv
core 38 B0 0 raw
core 38 B0 0.01 raw
core 38 B0 0.05 raw
core 39 B3 0 raw
core 39 B3 0 zne
core 39 B3 0 zne_quadratic
core 39 B3 0 sv
core 39 B3 0.01 raw
core 39 B3 0.01 zne
core 39 B3 0.01 zne_quadratic
core 39 B3 0.01 sv
core 39 B3 0.05 raw
core 39 B3 0.05 zne
core 39 B3 0.05 zne_quadratic
core 39 B3 0.05 sv
core 39 H6 0 raw
core 39 H6 0 zne
core 39 H6 0 zne_quadratic
core 39 H6 0 sv
core 39 H6 0.01 raw
core 39 H6 0.01 zne
core 39 H6 0.01 zne_quadratic
core 39 H6 0.01 sv
core 39 H6 0.05 raw
core 39 H6 0.05 zne
core 39 H6 0.05 zne_quadratic
core 39 H6 0.05 sv
core 39 B0 0 raw
core 39 B0 0.01 raw
core 39 B0 0.05 raw
core 40 B3 0 raw
core 40 B3 0 zne
core 40 B3 0 zne_quadratic
core 40 B3 0 sv
core 40 B3 0.01 raw
core 40 B3 0.01 zne
core 40 B3 0.01 zne_quadratic
core 40 B3 0.01 sv
core 40 B3 0.05 raw
core 40 B3 0.05 zne
core 40 B3 0.05 zne_quadratic
core 40 B3 0.05 sv
core 40 H6 0 raw
core 40 H6 0 zne
core 40 H6 0 zne_quadratic
core 40 H6 0 sv
core 40 H6 0.01 raw
core 40 H6 0.01 zne
core 40 H6 0.01 zne_quadratic
core 40 H6 0.01 sv
core 40 H6 0.05 raw
core 40 H6 0.05 zne
core 40 H6 0.05 zne_quadratic
core 40 H6 0.05 sv
core 40 B0 0 raw
core 40 B0 0.01 raw
core 40 B0 0.05 raw
core 41 B3 0 raw
core 41 B3 0 zne
core 41 B3 0 zne_quadratic
core 41 B3 0 sv
core 41 B3 0.01 raw
core 41 B3 0.01 zne
core 41 B3 0.01 zne_quadratic
core 41 B3 0.01 sv
core 41 B3 0.05 raw
core 41 B3 0.05 zne
core 41 B3 0.05 zne_quadratic
core 41 B3 0.05 sv
core 41 H6 0 raw
core 41 H6 0 zne
core 41 H6 0 zne_quadratic
core 41 H6 0 sv
core 41 H6 0.01 raw
core 41 H6 0.01 zne
core 41 H6 0.01 zne_quadratic
core 41 H6 0.01 sv
core 41 H6 0.05 raw
core 41 H6 0.05 zne
core 41 H6 0.05 zne_quadratic
core 41 H6 0.05 sv
core 41 B0 0 raw
core 41 B0 0.01 raw
core 41 B0 0.05 raw
core 42 B3 0 raw
core 42 B3 0 zne
core 42 B3 0 zne_quadratic
core 42 B3 0 sv
core 42 B3 0.01 raw
core 42 B3 0.01 zne
core 42 B3 0.01 zne_quadratic
core 42 B3 0.01 sv
core 42 B3 0.05 raw
core 42 B3 0.05 zne
core 42 B3 0.05 zne_quadratic
core 42 B3 0.05 sv
core 42 H6 0 raw
core 42 H6 0 zne
core 42 H6 0 zne_quadratic
core 42 H6 0 sv
core 42 H6 0.01 raw
core 42 H6 0.01 zne
core 42 H6 0.01 zne_quadratic
core 42 H6 0.01 sv
core 42 H6 0.05 raw
core 42 H6 0.05 zne
core 42 H6 0.05 zne_quadratic
core 42 H6 0.05 sv
core 42 B0 0 raw
core 42 B0 0.01 raw
core 42 B0 0.05 raw
core 43 B3 0 raw
core 43 B3 0 zne
core 43 B3 0 zne_quadratic
core 43 B3 0 sv
core 43 B3 0.01 raw
core 43 B3 0.01 zne
core 43 B3 0.01 zne_quadratic
core 43 B3 0.01 sv
core 43 B3 0.05 raw
core 43 B3 0.05 zne
core 43 B3 0.05 zne_quadratic
core 43 B3 0.05 sv
core 43 H6 0 raw
core 43 H6 0 zne
core 43 H6 0 zne_quadratic
core 43 H6 0 sv
core 43 H6 0.01 raw
core 43 H6 0.01 zne
core 43 H6 0.01 zne_quadratic
core 43 H6 0.01 sv
core 43 H6 0.05 raw
core 43 H6 0.05 zne
core 43 H6 0.05 zne_quadratic
core 43 H6 0.05 sv
core 43 B0 0 raw
core 43 B0 0.01 raw
core 43 B0 0.05 raw
core 44 B3 0 raw
core 44 B3 0 zne
core 44 B3 0 zne_quadratic
core 44 B3 0 sv
core 44 B3 0.01 raw
core 44 B3 0.01 zne
core 44 B3 0.01 zne_quadratic
core 44 B3 0.01 sv
core 44 B3 0.05 raw
core 44 B3 0.05 zne
core 44 B3 0.05 zne_quadratic
core 44 B3 0.05 sv
core 44 H6 0 raw
core 44 H6 0 zne
core 44 H6 0 zne_quadratic
core 44 H6 0 sv
core 44 H6 0.01 raw
core 44 H6 0.01 zne
core 44 H6 0.01 zne_quadratic
core 44 H6 0.01 sv
core 44 H6 0.05 raw
core 44 H6 0.05 zne
core 44 H6 0.05 zne_quadratic
core 44 H6 0.05 sv
core 44 B0 0 raw
core 44 B0 0.01 raw
core 44 B0 0.05 raw
core 45 B3 0 raw
core 45 B3 0 zne
core 45 B3 0 zne_quadratic
core 45 B3 0 sv
core 45 B3 0.01 raw
core 45 B3 0.01 zne
core 45 B3 0.01 zne_quadratic
core 45 B3 0.01 sv
core 45 B3 0.05 raw
core 45 B3 0.05 zne
core 45 B3 0.05 zne_quadratic
core 45 B3 0.05 sv
core 45 H6 0 raw
core 45 H6 0 zne
core 45 H6 0 zne_quadratic
core 45 H6 0 sv
core 45 H6 0.01 raw
core 45 H6 0.01 zne
core 45 H6 0.01 zne_quadratic
core 45 H6 0.01 sv
core 45 H6 0.05 raw
core 45 H6 0.05 zne
core 45 H6 0.05 zne_quadratic
core 45 H6 0.05 sv
core 45 B0 0 raw
core 45 B0 0.01 raw
core 45 B0 0.05 raw
core 46 B3 0 raw
core 46 B3 0 zne
core 46 B3 0 zne_quadratic
core 46 B3 0 sv
core 46 B3 0.01 raw
core 46 B3 0.01 zne
core 46 B3 0.01 zne_quadratic
core 46 B3 0.01 sv
core 46 B3 0.05 raw
core 46 B3 0.05 zne
core 46 B3 0.05 zne_quadratic
core 46 B3 0.05 sv
core 46 H6 0 raw
core 46 H6 0 zne
core 46 H6 0 zne_quadratic
core 46 H6 0 sv
core 46 H6 0.01 raw
core 46 H6 0.01 zne
core 46 H6 0.01 zne_quadratic
core 46 H6 0.01 sv
core 46 H6 0.05 raw
core 46 H6 0.05 zne
core 46 H6 0.05 zne_quadratic
core 46 H6 0.05 sv
core 46 B0 0 raw
core 46 B0 0.01 raw
core 46 B0 0.05 raw
core 47 B3 0 raw
core 47 B3 0 zne
core 47 B3 0 zne_quadratic
core 47 B3 0 sv
core 47 B3 0.01 raw
core 47 B3 0.01 zne
core 47 B3 0.01 zne_quadratic
core 47 B3 0.01 sv
core 47 B3 0.05 raw
core 47 B3 0.05 zne
core 47 B3 0.05 zne_quadratic
core 47 B3 0.05 sv
core 47 H6 0 raw
core 47 H6 0 zne
core 47 H6 0 zne_quadratic
core 47 H6 0 sv
core 47 H6 0.01 raw
core 47 H6 0.01 zne
core 47 H6 0.01 zne_quadratic
core 47 H6 0.01 sv
core 47 H6 0.05 raw
core 47 H6 0.05 zne
core 47 H6 0.05 zne_quadratic
core 47 H6 0.05 sv
core 47 B0 0 raw
core 47 B0 0.01 raw
core 47 B0 0.05 raw
