low_map 1 0.05
low_map 2 0.09
low_map 3 0.09
low_map 4 0.37
low_map 5 3.35
low_map 6 5.28
low_map 7 7.54
low_map 8 8.22
low_map 9 5.97
low_map 10 10.89
low_map 11 7.96
low_map 12 17.05
low_map 13 0.04
low_map 14 0.08
low_map 15 0.18
low_map 16 1.37
low_map 17 4.69
low_map 18 10.41
low_map 19 11.9
low_map 20 10.28
low_map 21 5.85
low_map 22 7.43
low_map 23 8.14
low_map 24 8.87
low_map 25 0.07
low_map 26 0.09
low_map 27 0.19
low_map 28 4.81
low_map 29 11.36
low_map 30 10.03
low_map 31 7.81
low_map 32 7.3
low_map 33 6.27
low_map 34 6.44
low_map 35 7.48
low_map 36 8.47
low_map 37 0.07
low_map 38 0.09
low_map 39 2.92
low_map 40 9.94
low_map 41 8.0
low_map 42 7.29
low_map 43 7.42
low_map 44 5.86
low_map 45 6.33
low_map 46 7.71
low_map 47 7.4
low_map 48 8.27
low_map 49 5.54
low_map 50 7.26
low_map 51 4.49
low_map 52 6.61
low_map 53 9.12
low_map 54 7.74
low_map 55 7.23
low_map 56 6.25
low_map 57 6.18
low_map 58 5.41
low_map 59 6.52
low_map 60 7.19
low_map 61 5.09
low_map 62 2.88
low_map 63 5.36
low_map 64 5.19
low_map 65 8.55
low_map 66 7.96
low_map 67 5.91
low_map 68 6.02
low_map 69 5.53
low_map 70 7.96
low_map 71 5.97
low_map 72 7.21
low_map 73 2.44
low_map 74 2.75
low_map 75 2.65
low_map 76 4.31
low_map 77 8.26
low_map 78 7.98
low_map 79 5.32
low_map 80 4.27
low_map 81 8.02
low_map 82 5.04
low_map 83 7.96
low_map 84 6.66
low_map 85 3.22
low_map 86 2.62
low_map 87 3.15
low_map 88 3.26
low_map 89 5.0
low_map 90 6.92
low_map 91 9.01
low_map 92 5.74
low_map 93 4.56
low_map 94 5.56
low_map 95 5.61
low_map 96 7.29
low_map 97 2.99
low_map 98 3.58
low_map 99 3.47
low_map 100 3.1
low_map 101 4.85
low_map 102 6.04
low_map 103 7.15
low_map 104 8.21
low_map 105 7.11
low_map 106 5.6
low_map 107 4.17
low_map 108 4.63
