fixed_energy_restarts 0.45 0.15 B3 877 False 0.52
fixed_energy_restarts 0.45 0.15 B3 991 False 1.05
fixed_energy_restarts 0.45 0.15 B3 1117 False 0.44
fixed_energy_restarts 0.45 0.15 C3 877 False 2.82
fixed_energy_restarts 0.45 0.15 C3 991 False 2.79
fixed_energy_restarts 0.45 0.15 C3 1117 False 2.82
fixed_energy_restarts 0.5 0.15 B3 877 False 0.38
fixed_energy_restarts 0.5 0.15 B3 991 False 0.58
fixed_energy_restarts 0.5 0.15 B3 1117 False 0.74
fixed_energy_restarts 0.5 0.15 C3 877 True 2.85
fixed_energy_restarts 0.5 0.15 C3 991 True 2.88
fixed_energy_restarts 0.5 0.15 C3 1117 True 2.83
fixed_energy_restarts 0.55 0.15 B3 877 False 0.39
fixed_energy_restarts 0.55 0.15 B3 991 False 0.29
fixed_energy_restarts 0.55 0.15 B3 1117 False 0.81
fixed_energy_restarts 0.55 0.15 C3 877 False 1.69
fixed_energy_restarts 0.55 0.15 C3 991 False 1.83
fixed_energy_restarts 0.55 0.15 C3 1117 False 2.35
fixed_energy_restarts 0.8 0.6 B3 877 False 0.25
fixed_energy_restarts 0.8 0.6 B3 991 False 0.94
fixed_energy_restarts 0.8 0.6 B3 1117 False 0.32
fixed_energy_restarts 0.8 0.6 C3 877 False 2.88
fixed_energy_restarts 0.8 0.6 C3 991 False 2.87
fixed_energy_restarts 0.8 0.6 C3 1117 False 2.6
fixed_energy_restarts 0.8 0.8 B3 877 False 0.21
fixed_energy_restarts 0.8 0.8 B3 991 False 0.33
fixed_energy_restarts 0.8 0.8 B3 1117 False 0.16
fixed_energy_restarts 0.8 0.8 C3 877 True 2.84
fixed_energy_restarts 0.8 0.8 C3 991 False 3.09
fixed_energy_restarts 0.8 0.8 C3 1117 False 2.92
fixed_energy_restarts 0.425 0.02 B3 877 True 0.0
fixed_energy_restarts 0.425 0.02 B3 991 True 0.0
fixed_energy_restarts 0.425 0.02 B3 1117 True 0.0
fixed_energy_restarts 0.425 0.02 C3 877 True 0.44
fixed_energy_restarts 0.425 0.02 C3 991 True 0.19
fixed_energy_restarts 0.425 0.02 C3 1117 True 0.58
fixed_energy_restarts 0.45 0.035 B3 877 True 0.0
fixed_energy_restarts 0.45 0.035 B3 991 True 0.0
fixed_energy_restarts 0.45 0.035 B3 1117 True 0.0
fixed_energy_restarts 0.45 0.035 C3 877 True 0.18
fixed_energy_restarts 0.45 0.035 C3 991 True 0.35
fixed_energy_restarts 0.45 0.035 C3 1117 True 0.2
fixed_energy_restarts 0.475 0.05 B3 877 True 0.0
fixed_energy_restarts 0.475 0.05 B3 991 True 0.0
fixed_energy_restarts 0.475 0.05 B3 1117 True 0.0
fixed_energy_restarts 0.475 0.05 C3 877 True 0.23
fixed_energy_restarts 0.475 0.05 C3 991 True 0.61
fixed_energy_restarts 0.475 0.05 C3 1117 True 0.29
fixed_energy_restarts 0.5 0.01 B3 877 False 1.06
fixed_energy_restarts 0.5 0.01 B3 991 False 1.07
fixed_energy_restarts 0.5 0.01 B3 1117 False 1.08
fixed_energy_restarts 0.5 0.01 C3 877 False 3.02
fixed_energy_restarts 0.5 0.01 C3 991 False 2.88
fixed_energy_restarts 0.5 0.01 C3 1117 False 2.83
fixed_energy_restarts 0.5 0.075 B3 877 False 0.69
fixed_energy_restarts 0.5 0.075 B3 991 False 1.0
fixed_energy_restarts 0.5 0.075 B3 1117 False 0.43
fixed_energy_restarts 0.5 0.075 C3 877 False 3.14
fixed_energy_restarts 0.5 0.075 C3 991 False 2.8
fixed_energy_restarts 0.5 0.075 C3 1117 False 3.04
fixed_energy_restarts 0.525 0.035 B3 877 True 0.02
fixed_energy_restarts 0.525 0.035 B3 991 True 0.01
fixed_energy_restarts 0.525 0.035 B3 1117 True 0.01
fixed_energy_restarts 0.525 0.035 C3 877 False 0.2
fixed_energy_restarts 0.525 0.035 C3 991 False 0.69
fixed_energy_restarts 0.525 0.035 C3 1117 False 0.7
fixed_energy_restarts 0.55 0.05 B3 877 True 0.01
fixed_energy_restarts 0.55 0.05 B3 991 True 0.01
fixed_energy_restarts 0.55 0.05 B3 1117 True 0.01
fixed_energy_restarts 0.55 0.05 C3 877 False 0.29
fixed_energy_restarts 0.55 0.05 C3 991 False 0.47
fixed_energy_restarts 0.55 0.05 C3 1117 False 0.42
fixed_energy_restarts 0.575 0.075 B3 877 True 0.01
fixed_energy_restarts 0.575 0.075 B3 991 True 0.01
fixed_energy_restarts 0.575 0.075 B3 1117 True 0.01
fixed_energy_restarts 0.575 0.075 C3 877 False 0.95
fixed_energy_restarts 0.575 0.075 C3 991 False 0.96
fixed_energy_restarts 0.575 0.075 C3 1117 False 0.98
fixed_energy_restarts 0.4 0.3 B3 877 False 1.07
fixed_energy_restarts 0.4 0.3 B3 991 False 0.44
fixed_energy_restarts 0.4 0.3 B3 1117 False 1.05
fixed_energy_restarts 0.4 0.3 C3 877 False 2.3
fixed_energy_restarts 0.4 0.3 C3 991 False 2.2
fixed_energy_restarts 0.4 0.3 C3 1117 False 2.21
fixed_energy_restarts 0.45 0.2 B3 877 False 0.43
fixed_energy_restarts 0.45 0.2 B3 991 False 0.71
fixed_energy_restarts 0.45 0.2 B3 1117 False 1.09
fixed_energy_restarts 0.45 0.2 C3 877 True 2.86
fixed_energy_restarts 0.45 0.2 C3 991 False 2.85
fixed_energy_restarts 0.45 0.2 C3 1117 False 2.86
fixed_energy_restarts 0.5 0.1 B3 877 False 0.53
fixed_energy_restarts 0.5 0.1 B3 991 False 0.75
fixed_energy_restarts 0.5 0.1 B3 1117 False 0.73
fixed_energy_restarts 0.5 0.1 C3 877 True 2.93
fixed_energy_restarts 0.5 0.1 C3 991 True 2.87
fixed_energy_restarts 0.5 0.1 C3 1117 True 2.88
fixed_energy_restarts 0.5 0.2 B3 877 False 0.28
fixed_energy_restarts 0.5 0.2 B3 991 False 0.74
fixed_energy_restarts 0.5 0.2 B3 1117 False 0.64
fixed_energy_restarts 0.5 0.2 C3 877 True 2.87
fixed_energy_restarts 0.5 0.2 C3 991 True 2.87
fixed_energy_restarts 0.5 0.2 C3 1117 True 2.87
fixed_energy_restarts 0.55 0.1 B3 877 False 0.02
fixed_energy_restarts 0.55 0.1 B3 991 False 0.03
fixed_energy_restarts 0.55 0.1 B3 1117 False 0.03
fixed_energy_restarts 0.55 0.1 C3 877 False 2.84
fixed_energy_restarts 0.55 0.1 C3 991 False 2.87
fixed_energy_restarts 0.55 0.1 C3 1117 False 3.0
fixed_energy_restarts 0.55 0.2 B3 877 False 0.51
fixed_energy_restarts 0.55 0.2 B3 991 False 0.3
fixed_energy_restarts 0.55 0.2 B3 1117 False 0.45
fixed_energy_restarts 0.55 0.2 C3 877 False 2.0
fixed_energy_restarts 0.55 0.2 C3 991 False 1.68
fixed_energy_restarts 0.55 0.2 C3 1117 False 1.86
fixed_energy_restarts 0.6 0.2 B3 877 False 0.46
fixed_energy_restarts 0.6 0.2 B3 991 False 0.85
fixed_energy_restarts 0.6 0.2 B3 1117 False 0.82
fixed_energy_restarts 0.6 0.2 C3 877 False 2.96
fixed_energy_restarts 0.6 0.2 C3 991 False 2.95
fixed_energy_restarts 0.6 0.2 C3 1117 False 2.89
fixed_energy_restarts 0.6 0.3 B3 877 False 0.34
fixed_energy_restarts 0.6 0.3 B3 991 False 0.36
fixed_energy_restarts 0.6 0.3 B3 1117 False 0.31
fixed_energy_restarts 0.6 0.3 C3 877 False 2.03
fixed_energy_restarts 0.6 0.3 C3 991 False 1.83
fixed_energy_restarts 0.6 0.3 C3 1117 False 2.07
fixed_energy_restarts 0.6 0.4 B3 877 False 0.67
fixed_energy_restarts 0.6 0.4 B3 991 False 0.32
fixed_energy_restarts 0.6 0.4 B3 1117 False 0.8
fixed_energy_restarts 0.6 0.4 C3 877 False 2.47
fixed_energy_restarts 0.6 0.4 C3 991 False 2.5
fixed_energy_restarts 0.6 0.4 C3 1117 False 1.62
fixed_energy_restarts 0.6 0.5 B3 877 False 0.44
fixed_energy_restarts 0.6 0.5 B3 991 False 0.38
fixed_energy_restarts 0.6 0.5 B3 1117 False 0.4
fixed_energy_restarts 0.6 0.5 C3 877 False 3.06
fixed_energy_restarts 0.6 0.5 C3 991 False 2.95
fixed_energy_restarts 0.6 0.5 C3 1117 False 2.95
fixed_energy_restarts 0.65 0.3 B3 877 False 0.16
fixed_energy_restarts 0.65 0.3 B3 991 False 0.98
fixed_energy_restarts 0.65 0.3 B3 1117 False 1.1
fixed_energy_restarts 0.65 0.3 C3 877 False 3.07
fixed_energy_restarts 0.65 0.3 C3 991 False 2.99
fixed_energy_restarts 0.65 0.3 C3 1117 False 3.01
fixed_energy_restarts 0.0 0.2 B3 877 True 0.0
fixed_energy_restarts 0.0 0.2 B3 991 True 0.0
fixed_energy_restarts 0.0 0.2 B3 1117 True 0.0
fixed_energy_restarts 0.0 0.2 C3 877 True 2.99
fixed_energy_restarts 0.0 0.2 C3 991 True 2.97
fixed_energy_restarts 0.0 0.2 C3 1117 True 2.98
fixed_energy_restarts 0.0 1.8 B3 877 True 0.04
fixed_energy_restarts 0.0 1.8 B3 991 True 0.04
fixed_energy_restarts 0.0 1.8 B3 1117 True 0.03
fixed_energy_restarts 0.0 1.8 C3 877 True 3.06
fixed_energy_restarts 0.0 1.8 C3 991 True 3.05
fixed_energy_restarts 0.0 1.8 C3 1117 True 3.0
fixed_energy_restarts 0.1 0.2 B3 877 True 0.0
fixed_energy_restarts 0.1 0.2 B3 991 True 0.0
fixed_energy_restarts 0.1 0.2 B3 1117 True 0.0
fixed_energy_restarts 0.1 0.2 C3 877 True 1.04
fixed_energy_restarts 0.1 0.2 C3 991 True 1.07
fixed_energy_restarts 0.1 0.2 C3 1117 True 1.06
fixed_energy_restarts 0.2 1.5 B3 877 True 0.07
fixed_energy_restarts 0.2 1.5 B3 991 False 0.02
fixed_energy_restarts 0.2 1.5 B3 1117 False 0.05
fixed_energy_restarts 0.2 1.5 C3 877 True 3.1
fixed_energy_restarts 0.2 1.5 C3 991 True 3.11
fixed_energy_restarts 0.2 1.5 C3 1117 True 3.02
fixed_energy_restarts 0.3 0.1 B3 877 True 0.0
fixed_energy_restarts 0.3 0.1 B3 991 True 0.0
fixed_energy_restarts 0.3 0.1 B3 1117 True 0.0
fixed_energy_restarts 0.3 0.1 C3 877 True 0.74
fixed_energy_restarts 0.3 0.1 C3 991 True 0.43
fixed_energy_restarts 0.3 0.1 C3 1117 True 0.75
fixed_energy_restarts 0.3 1.2 B3 877 True 0.26
fixed_energy_restarts 0.3 1.2 B3 991 True 0.53
fixed_energy_restarts 0.3 1.2 B3 1117 True 0.25
fixed_energy_restarts 0.3 1.2 C3 877 True 3.11
fixed_energy_restarts 0.3 1.2 C3 991 True 3.11
fixed_energy_restarts 0.3 1.2 C3 1117 True 3.08
fixed_energy_restarts 0.4 1.8 B3 877 True 0.53
fixed_energy_restarts 0.4 1.8 B3 991 True 0.54
fixed_energy_restarts 0.4 1.8 B3 1117 True 0.64
fixed_energy_restarts 0.4 1.8 C3 877 True 3.19
fixed_energy_restarts 0.4 1.8 C3 991 True 3.11
fixed_energy_restarts 0.4 1.8 C3 1117 True 3.14
fixed_energy_restarts 0.6 0.1 B3 877 True 0.01
fixed_energy_restarts 0.6 0.1 B3 991 True 0.01
fixed_energy_restarts 0.6 0.1 B3 1117 True 0.01
fixed_energy_restarts 0.6 0.1 C3 877 False 1.17
fixed_energy_restarts 0.6 0.1 C3 991 False 0.71
fixed_energy_restarts 0.6 0.1 C3 1117 False 0.62
fixed_energy_restarts 0.7 1.5 B3 877 True 0.6
fixed_energy_restarts 0.7 1.5 B3 991 True 0.58
fixed_energy_restarts 0.7 1.5 B3 1117 True 0.77
fixed_energy_restarts 0.7 1.5 C3 877 True 3.21
fixed_energy_restarts 0.7 1.5 C3 991 False 3.39
fixed_energy_restarts 0.7 1.5 C3 1117 True 3.33
fixed_energy_restarts 0.8 0.1 B3 877 True 0.01
fixed_energy_restarts 0.8 0.1 B3 991 True 0.01
fixed_energy_restarts 0.8 0.1 B3 1117 True 0.02
fixed_energy_restarts 0.8 0.1 C3 877 False 0.74
fixed_energy_restarts 0.8 0.1 C3 991 False 0.63
fixed_energy_restarts 0.8 0.1 C3 1117 False 0.75
fixed_energy_restarts 0.9 1.8 B3 877 True 1.01
fixed_energy_restarts 0.9 1.8 B3 991 True 0.83
fixed_energy_restarts 0.9 1.8 B3 1117 True 0.91
fixed_energy_restarts 0.9 1.8 C3 877 True 3.16
fixed_energy_restarts 0.9 1.8 C3 991 False 3.08
fixed_energy_restarts 0.9 1.8 C3 1117 True 3.07
fixed_energy_restarts 1.0 0.2 B3 877 True 0.02
fixed_energy_restarts 1.0 0.2 B3 991 True 0.01
fixed_energy_restarts 1.0 0.2 B3 1117 True 0.01
fixed_energy_restarts 1.0 0.2 C3 877 False 3.03
fixed_energy_restarts 1.0 0.2 C3 991 False 3.11
fixed_energy_restarts 1.0 0.2 C3 1117 False 3.08
