0 B3 0 0.03518372213169897 0.02841585314848912
0 B3 0.01 0.13510087695073364 0.0604065198218774
0 B3 0.05 0.11269835646626133 0.0673396996705751
0 H6 0 0.033796061229771364 0.02823358473853661
0 H6 0.01 0.14233487158128316 0.06739555975171585
0 H6 0.05 0.07798649259959312 0.05151602738421676
1 B3 0 0.0675167859932368 0.05634827874986651
1 B3 0.01 0.16790792549767736 0.07481069781022406
1 B3 0.05 0.10922131673513477 0.059069643845889225
1 H6 0 0.06744516690665414 0.056353323785950676
1 H6 0.01 0.13788598247781667 0.061965957459054144
1 H6 0.05 0.048589174080687594 0.027908658701362832
2 B3 0 0.0865015682156794 0.07217799311139972
2 B3 0.01 0.1999052518377451 0.10072273925859315
2 B3 0.05 0.16533654605466067 0.1073099754884291
2 H6 0 0.08623962842292786 0.07203726115253888
2 H6 0.01 0.12917246018812584 0.06790693669815037
2 H6 0.05 0.054300476060078706 0.033743171607116
3 B3 0 0.16900559088192285 0.14163371681554116
3 B3 0.01 0.2532429376752183 0.12574168233930616
3 B3 0.05 0.1321171735763324 0.07672239025898146
3 H6 0 0.17113045796990267 0.14300587390864816
3 H6 0.01 0.20700430284895793 0.11712982637330921
3 H6 0.05 0.09337333316072909 0.05998485538212571
4 B3 0 0.5274905860502357 0.4014614268176795
4 B3 0.01 0.4784278774090721 0.2814621446768537
4 B3 0.05 0.17445521624467658 0.10196114969529971
4 H6 0 0.651063270598855 0.49986402701744403
4 H6 0.01 0.4812494127397131 0.2977527326799281
4 H6 0.05 0.1709282822441075 0.10707351649332726
5 B3 0 0.8126430172842456 0.6350107439545687
5 B3 0.01 0.7221334003194928 0.4739397496165133
5 B3 0.05 0.3575686112618278 0.20667968077473103
5 H6 0 0.8872383889663011 0.6956280805405705
5 H6 0.01 0.6632472971520373 0.4077062027431642
5 H6 0.05 0.2598394582493933 0.16031469126620485
6 B3 0 0.7310350865061384 0.5137277035095482
6 B3 0.01 0.6649708087044768 0.4168441793671739
6 B3 0.05 0.3032821820262327 0.18748081581529646
6 H6 0 0.9866787277977342 0.8306621499855129
6 H6 0.01 0.7818018359644021 0.5711242508388356
6 H6 0.05 0.32353297775646295 0.22604896080977752
7 B3 0 0.9989934065808657 0.8544053903085913
7 B3 0.01 0.930531776008688 0.7406726162695494
7 B3 0.05 0.6226169990536127 0.4484707529580615
7 H6 0 0.9932395272308902 0.8473967881179469
7 H6 0.01 0.7773365018514865 0.5713690250586213
7 H6 0.05 0.3169755271136385 0.21292710151531413
8 B3 0 0.09231549225389374 0.06099070113599301
8 B3 0.01 0.16786451063933633 0.0685485466902578
8 B3 0.05 0.07558169798754633 0.04158275981707634
8 H6 0 0.07495770996358672 0.05318285717347865
8 H6 0.01 0.16109762735725164 0.08200954645840408
8 H6 0.05 0.06531854049004976 0.042617082123532976
9 B3 0 0.1357613525448969 0.10477710586890793
9 B3 0.01 0.24471241637171734 0.11917367100625445
9 B3 0.05 0.089074865302252 0.052369998667514045
9 H6 0 0.13353920646033754 0.10247431220579778
9 H6 0.01 0.19413274782374496 0.09099238322249531
9 H6 0.05 0.06484556539419407 0.038070957679901665
10 B3 0 0.017960330076922548 0.009894835888881785
10 B3 0.01 0.0960306539816633 0.05164832546621357
10 B3 0.05 0.25608240152466144 0.13684482430915657
10 H6 0 0.016866960928860475 0.009312207523128953
10 H6 0.01 0.13564880946964114 0.08580440394324905
10 H6 0.05 0.0869109534741643 0.049902241846871205
11 B3 0 0.05572504785178169 0.02793651376299279
11 B3 0.01 0.07542941754881957 0.03641747518000951
11 B3 0.05 0.10460554502139463 0.05788753122624034
11 H6 0 0.055989115200628006 0.028114297550936522
11 H6 0.01 0.05766066117444758 0.03324186040743934
11 H6 0.05 0.02215792024851696 0.013766534747298435
12 B3 0 0.9417328849277655 0.8880719394142851
12 B3 0.01 0.889928691319546 0.7333922244150034
12 B3 0.05 0.6435182149225829 0.47019981559884466
12 H6 0 0.9397946417292729 0.8860838642480438
12 H6 0.01 0.7707813601378999 0.597042564229316
12 H6 0.05 0.2183899313942299 0.15339786195297828
13 B3 0 0.9449741795684996 0.8990568756093716
13 B3 0.01 0.8876189576328712 0.7340303379979354
13 B3 0.05 0.607183499080552 0.4414978457387444
13 H6 0 0.9446026326070276 0.8988001155737353
13 H6 0.01 0.7462942813446023 0.5626780133689027
13 H6 0.05 0.17427275170805923 0.1128161078492714
