low_map 1
low_map 2
low_map 3
low_map 4
low_map 5
low_map 6
low_map 7
low_map 8
low_map 9
low_map 10
low_map 11
low_map 12
low_map 13
low_map 14
low_map 15
low_map 16
low_map 17
low_map 18
low_map 19
low_map 20
low_map 21
low_map 22
low_map 23
low_map 24
low_map 25
low_map 26
low_map 27
low_map 28
low_map 29
low_map 30
low_map 31
low_map 32
low_map 33
low_map 34
low_map 35
low_map 36
low_map 37
low_map 38
low_map 39
low_map 40
low_map 41
low_map 42
low_map 43
low_map 44
low_map 45
low_map 46
low_map 47
low_map 48
low_map 49
low_map 50
low_map 51
low_map 52
low_map 53
low_map 54
low_map 55
low_map 56
low_map 57
low_map 58
low_map 59
low_map 60
low_map 61
low_map 62
low_map 63
low_map 64
low_map 65
low_map 66
low_map 67
low_map 68
low_map 69
low_map 70
low_map 71
low_map 72
low_map 73
low_map 74
low_map 75
low_map 76
low_map 77
low_map 78
low_map 79
low_map 80
low_map 81
low_map 82
low_map 83
low_map 84
low_map 85
low_map 86
low_map 87
low_map 88
low_map 89
low_map 90
low_map 91
low_map 92
low_map 93
low_map 94
low_map 95
low_map 96
low_map 97
low_map 98
low_map 99
low_map 100
low_map 101
low_map 102
low_map 103
low_map 104
low_map 105
low_map 106
low_map 107
low_map 108
