windows 0 B3 0 raw
windows 0 B3 0 zne
windows 0 B3 0 zne_quadratic
windows 0 B3 0 sv
windows 0 B3 0.01 raw
windows 0 B3 0.01 zne
windows 0 B3 0.01 zne_quadratic
windows 0 B3 0.01 sv
windows 0 B3 0.05 raw
windows 0 B3 0.05 zne
windows 0 B3 0.05 zne_quadratic
windows 0 B3 0.05 sv
windows 0 H6 0 raw
windows 0 H6 0 zne
windows 0 H6 0 zne_quadratic
windows 0 H6 0 sv
windows 0 H6 0.01 raw
windows 0 H6 0.01 zne
windows 0 H6 0.01 zne_quadratic
windows 0 H6 0.01 sv
windows 0 H6 0.05 raw
windows 0 H6 0.05 zne
windows 0 H6 0.05 zne_quadratic
windows 0 H6 0.05 sv
windows 1 B3 0 raw
windows 1 B3 0 zne
windows 1 B3 0 zne_quadratic
windows 1 B3 0 sv
windows 1 B3 0.01 raw
windows 1 B3 0.01 zne
windows 1 B3 0.01 zne_quadratic
windows 1 B3 0.01 sv
windows 1 B3 0.05 raw
windows 1 B3 0.05 zne
windows 1 B3 0.05 zne_quadratic
windows 1 B3 0.05 sv
windows 1 H6 0 raw
windows 1 H6 0 zne
windows 1 H6 0 zne_quadratic
windows 1 H6 0 sv
windows 1 H6 0.01 raw
windows 1 H6 0.01 zne
windows 1 H6 0.01 zne_quadratic
windows 1 H6 0.01 sv
windows 1 H6 0.05 raw
windows 1 H6 0.05 zne
windows 1 H6 0.05 zne_quadratic
windows 1 H6 0.05 sv
windows 2 B3 0 raw
windows 2 B3 0 zne
windows 2 B3 0 zne_quadratic
windows 2 B3 0 sv
windows 2 B3 0.01 raw
windows 2 B3 0.01 zne
windows 2 B3 0.01 zne_quadratic
windows 2 B3 0.01 sv
windows 2 B3 0.05 raw
windows 2 B3 0.05 zne
windows 2 B3 0.05 zne_quadratic
windows 2 B3 0.05 sv
windows 2 H6 0 raw
windows 2 H6 0 zne
windows 2 H6 0 zne_quadratic
windows 2 H6 0 sv
windows 2 H6 0.01 raw
windows 2 H6 0.01 zne
windows 2 H6 0.01 zne_quadratic
windows 2 H6 0.01 sv
windows 2 H6 0.05 raw
windows 2 H6 0.05 zne
windows 2 H6 0.05 zne_quadratic
windows 2 H6 0.05 sv
windows 3 B3 0 raw
windows 3 B3 0 zne
windows 3 B3 0 zne_quadratic
windows 3 B3 0 sv
windows 3 B3 0.01 raw
windows 3 B3 0.01 zne
windows 3 B3 0.01 zne_quadratic
windows 3 B3 0.01 sv
windows 3 B3 0.05 raw
windows 3 B3 0.05 zne
windows 3 B3 0.05 zne_quadratic
windows 3 B3 0.05 sv
windows 3 H6 0 raw
windows 3 H6 0 zne
windows 3 H6 0 zne_quadratic
windows 3 H6 0 sv
windows 3 H6 0.01 raw
windows 3 H6 0.01 zne
windows 3 H6 0.01 zne_quadratic
windows 3 H6 0.01 sv
windows 3 H6 0.05 raw
windows 3 H6 0.05 zne
windows 3 H6 0.05 zne_quadratic
windows 3 H6 0.05 sv
windows 4 B3 0 raw
windows 4 B3 0 zne
windows 4 B3 0 zne_quadratic
windows 4 B3 0 sv
windows 4 B3 0.01 raw
windows 4 B3 0.01 zne
windows 4 B3 0.01 zne_quadratic
windows 4 B3 0.01 sv
windows 4 B3 0.05 raw
windows 4 B3 0.05 zne
windows 4 B3 0.05 zne_quadratic
windows 4 B3 0.05 sv
windows 4 H6 0 raw
windows 4 H6 0 zne
windows 4 H6 0 zne_quadratic
windows 4 H6 0 sv
windows 4 H6 0.01 raw
windows 4 H6 0.01 zne
windows 4 H6 0.01 zne_quadratic
windows 4 H6 0.01 sv
windows 4 H6 0.05 raw
windows 4 H6 0.05 zne
windows 4 H6 0.05 zne_quadratic
windows 4 H6 0.05 sv
windows 5 B3 0 raw
windows 5 B3 0 zne
windows 5 B3 0 zne_quadratic
windows 5 B3 0 sv
windows 5 B3 0.01 raw
windows 5 B3 0.01 zne
windows 5 B3 0.01 zne_quadratic
windows 5 B3 0.01 sv
windows 5 B3 0.05 raw
windows 5 B3 0.05 zne
windows 5 B3 0.05 zne_quadratic
windows 5 B3 0.05 sv
windows 5 H6 0 raw
windows 5 H6 0 zne
windows 5 H6 0 zne_quadratic
windows 5 H6 0 sv
windows 5 H6 0.01 raw
windows 5 H6 0.01 zne
windows 5 H6 0.01 zne_quadratic
windows 5 H6 0.01 sv
windows 5 H6 0.05 raw
windows 5 H6 0.05 zne
windows 5 H6 0.05 zne_quadratic
windows 5 H6 0.05 sv
windows 6 B3 0 raw
windows 6 B3 0 zne
windows 6 B3 0 zne_quadratic
windows 6 B3 0 sv
windows 6 B3 0.01 raw
windows 6 B3 0.01 zne
windows 6 B3 0.01 zne_quadratic
windows 6 B3 0.01 sv
windows 6 B3 0.05 raw
windows 6 B3 0.05 zne
windows 6 B3 0.05 zne_quadratic
windows 6 B3 0.05 sv
windows 6 H6 0 raw
windows 6 H6 0 zne
windows 6 H6 0 zne_quadratic
windows 6 H6 0 sv
windows 6 H6 0.01 raw
windows 6 H6 0.01 zne
windows 6 H6 0.01 zne_quadratic
windows 6 H6 0.01 sv
windows 6 H6 0.05 raw
windows 6 H6 0.05 zne
windows 6 H6 0.05 zne_quadratic
windows 6 H6 0.05 sv
windows 7 B3 0 raw
windows 7 B3 0 zne
windows 7 B3 0 zne_quadratic
windows 7 B3 0 sv
windows 7 B3 0.01 raw
windows 7 B3 0.01 zne
windows 7 B3 0.01 zne_quadratic
windows 7 B3 0.01 sv
windows 7 B3 0.05 raw
windows 7 B3 0.05 zne
windows 7 B3 0.05 zne_quadratic
windows 7 B3 0.05 sv
windows 7 H6 0 raw
windows 7 H6 0 zne
windows 7 H6 0 zne_quadratic
windows 7 H6 0 sv
windows 7 H6 0.01 raw
windows 7 H6 0.01 zne
windows 7 H6 0.01 zne_quadratic
windows 7 H6 0.01 sv
windows 7 H6 0.05 raw
windows 7 H6 0.05 zne
windows 7 H6 0.05 zne_quadratic
windows 7 H6 0.05 sv
windows 8 B3 0 raw
windows 8 B3 0 zne
windows 8 B3 0 zne_quadratic
windows 8 B3 0 sv
windows 8 B3 0.01 raw
windows 8 B3 0.01 zne
windows 8 B3 0.01 zne_quadratic
windows 8 B3 0.01 sv
windows 8 B3 0.05 raw
windows 8 B3 0.05 zne
windows 8 B3 0.05 zne_quadratic
windows 8 B3 0.05 sv
windows 8 H6 0 raw
windows 8 H6 0 zne
windows 8 H6 0 zne_quadratic
windows 8 H6 0 sv
windows 8 H6 0.01 raw
windows 8 H6 0.01 zne
windows 8 H6 0.01 zne_quadratic
windows 8 H6 0.01 sv
windows 8 H6 0.05 raw
windows 8 H6 0.05 zne
windows 8 H6 0.05 zne_quadratic
windows 8 H6 0.05 sv
windows 9 B3 0 raw
windows 9 B3 0 zne
windows 9 B3 0 zne_quadratic
windows 9 B3 0 sv
windows 9 B3 0.01 raw
windows 9 B3 0.01 zne
windows 9 B3 0.01 zne_quadratic
windows 9 B3 0.01 sv
windows 9 B3 0.05 raw
windows 9 B3 0.05 zne
windows 9 B3 0.05 zne_quadratic
windows 9 B3 0.05 sv
windows 9 H6 0 raw
windows 9 H6 0 zne
windows 9 H6 0 zne_quadratic
windows 9 H6 0 sv
windows 9 H6 0.01 raw
windows 9 H6 0.01 zne
windows 9 H6 0.01 zne_quadratic
windows 9 H6 0.01 sv
windows 9 H6 0.05 raw
windows 9 H6 0.05 zne
windows 9 H6 0.05 zne_quadratic
windows 9 H6 0.05 sv
windows 10 B3 0 raw
windows 10 B3 0 zne
windows 10 B3 0 zne_quadratic
windows 10 B3 0 sv
windows 10 B3 0.01 raw
windows 10 B3 0.01 zne
windows 10 B3 0.01 zne_quadratic
windows 10 B3 0.01 sv
windows 10 B3 0.05 raw
windows 10 B3 0.05 zne
windows 10 B3 0.05 zne_quadratic
windows 10 B3 0.05 sv
windows 10 H6 0 raw
windows 10 H6 0 zne
windows 10 H6 0 zne_quadratic
windows 10 H6 0 sv
windows 10 H6 0.01 raw
windows 10 H6 0.01 zne
windows 10 H6 0.01 zne_quadratic
windows 10 H6 0.01 sv
windows 10 H6 0.05 raw
windows 10 H6 0.05 zne
windows 10 H6 0.05 zne_quadratic
windows 10 H6 0.05 sv
windows 11 B3 0 raw
windows 11 B3 0 zne
windows 11 B3 0 zne_quadratic
windows 11 B3 0 sv
windows 11 B3 0.01 raw
windows 11 B3 0.01 zne
windows 11 B3 0.01 zne_quadratic
windows 11 B3 0.01 sv
windows 11 B3 0.05 raw
windows 11 B3 0.05 zne
windows 11 B3 0.05 zne_quadratic
windows 11 B3 0.05 sv
windows 11 H6 0 raw
windows 11 H6 0 zne
windows 11 H6 0 zne_quadratic
windows 11 H6 0 sv
windows 11 H6 0.01 raw
windows 11 H6 0.01 zne
windows 11 H6 0.01 zne_quadratic
windows 11 H6 0.01 sv
windows 11 H6 0.05 raw
windows 11 H6 0.05 zne
windows 11 H6 0.05 zne_quadratic
windows 11 H6 0.05 sv
windows 12 B3 0 raw
windows 12 B3 0 zne
windows 12 B3 0 zne_quadratic
windows 12 B3 0 sv
windows 12 B3 0.01 raw
windows 12 B3 0.01 zne
windows 12 B3 0.01 zne_quadratic
windows 12 B3 0.01 sv
windows 12 B3 0.05 raw
windows 12 B3 0.05 zne
windows 12 B3 0.05 zne_quadratic
windows 12 B3 0.05 sv
windows 12 H6 0 raw
windows 12 H6 0 zne
windows 12 H6 0 zne_quadratic
windows 12 H6 0 sv
windows 12 H6 0.01 raw
windows 12 H6 0.01 zne
windows 12 H6 0.01 zne_quadratic
windows 12 H6 0.01 sv
windows 12 H6 0.05 raw
windows 12 H6 0.05 zne
windows 12 H6 0.05 zne_quadratic
windows 12 H6 0.05 sv
windows 13 B3 0 raw
windows 13 B3 0 zne
windows 13 B3 0 zne_quadratic
windows 13 B3 0 sv
windows 13 B3 0.01 raw
windows 13 B3 0.01 zne
windows 13 B3 0.01 zne_quadratic
windows 13 B3 0.01 sv
windows 13 B3 0.05 raw
windows 13 B3 0.05 zne
windows 13 B3 0.05 zne_quadratic
windows 13 B3 0.05 sv
windows 13 H6 0 raw
windows 13 H6 0 zne
windows 13 H6 0 zne_quadratic
windows 13 H6 0 sv
windows 13 H6 0.01 raw
windows 13 H6 0.01 zne
windows 13 H6 0.01 zne_quadratic
windows 13 H6 0.01 sv
windows 13 H6 0.05 raw
windows 13 H6 0.05 zne
windows 13 H6 0.05 zne_quadratic
windows 13 H6 0.05 sv
windows 14 B3 0 raw
windows 14 B3 0 zne
windows 14 B3 0 zne_quadratic
windows 14 B3 0 sv
windows 14 B3 0.01 raw
windows 14 B3 0.01 zne
windows 14 B3 0.01 zne_quadratic
windows 14 B3 0.01 sv
windows 14 B3 0.05 raw
windows 14 B3 0.05 zne
windows 14 B3 0.05 zne_quadratic
windows 14 B3 0.05 sv
windows 14 H6 0 raw
windows 14 H6 0 zne
windows 14 H6 0 zne_quadratic
windows 14 H6 0 sv
windows 14 H6 0.01 raw
windows 14 H6 0.01 zne
windows 14 H6 0.01 zne_quadratic
windows 14 H6 0.01 sv
windows 14 H6 0.05 raw
windows 14 H6 0.05 zne
windows 14 H6 0.05 zne_quadratic
windows 14 H6 0.05 sv
windows 15 B3 0 raw
windows 15 B3 0 zne
windows 15 B3 0 zne_quadratic
windows 15 B3 0 sv
windows 15 B3 0.01 raw
windows 15 B3 0.01 zne
windows 15 B3 0.01 zne_quadratic
windows 15 B3 0.01 sv
windows 15 B3 0.05 raw
windows 15 B3 0.05 zne
windows 15 B3 0.05 zne_quadratic
windows 15 B3 0.05 sv
windows 15 H6 0 raw
windows 15 H6 0 zne
windows 15 H6 0 zne_quadratic
windows 15 H6 0 sv
windows 15 H6 0.01 raw
windows 15 H6 0.01 zne
windows 15 H6 0.01 zne_quadratic
windows 15 H6 0.01 sv
windows 15 H6 0.05 raw
windows 15 H6 0.05 zne
windows 15 H6 0.05 zne_quadratic
windows 15 H6 0.05 sv
windows 16 B3 0 raw
windows 16 B3 0 zne
windows 16 B3 0 zne_quadratic
windows 16 B3 0 sv
windows 16 B3 0.01 raw
windows 16 B3 0.01 zne
windows 16 B3 0.01 zne_quadratic
windows 16 B3 0.01 sv
windows 16 B3 0.05 raw
windows 16 B3 0.05 zne
windows 16 B3 0.05 zne_quadratic
windows 16 B3 0.05 sv
windows 16 H6 0 raw
windows 16 H6 0 zne
windows 16 H6 0 zne_quadratic
windows 16 H6 0 sv
windows 16 H6 0.01 raw
windows 16 H6 0.01 zne
windows 16 H6 0.01 zne_quadratic
windows 16 H6 0.01 sv
windows 16 H6 0.05 raw
windows 16 H6 0.05 zne
windows 16 H6 0.05 zne_quadratic
windows 16 H6 0.05 sv
windows 17 B3 0 raw
windows 17 B3 0 zne
windows 17 B3 0 zne_quadratic
windows 17 B3 0 sv
windows 17 B3 0.01 raw
windows 17 B3 0.01 zne
windows 17 B3 0.01 zne_quadratic
windows 17 B3 0.01 sv
windows 17 B3 0.05 raw
windows 17 B3 0.05 zne
windows 17 B3 0.05 zne_quadratic
windows 17 B3 0.05 sv
windows 17 H6 0 raw
windows 17 H6 0 zne
windows 17 H6 0 zne_quadratic
windows 17 H6 0 sv
windows 17 H6 0.01 raw
windows 17 H6 0.01 zne
windows 17 H6 0.01 zne_quadratic
windows 17 H6 0.01 sv
windows 17 H6 0.05 raw
windows 17 H6 0.05 zne
windows 17 H6 0.05 zne_quadratic
windows 17 H6 0.05 sv
windows 18 B3 0 raw
windows 18 B3 0 zne
windows 18 B3 0 zne_quadratic
windows 18 B3 0 sv
windows 18 B3 0.01 raw
windows 18 B3 0.01 zne
windows 18 B3 0.01 zne_quadratic
windows 18 B3 0.01 sv
windows 18 B3 0.05 raw
windows 18 B3 0.05 zne
windows 18 B3 0.05 zne_quadratic
windows 18 B3 0.05 sv
windows 18 H6 0 raw
windows 18 H6 0 zne
windows 18 H6 0 zne_quadratic
windows 18 H6 0 sv
windows 18 H6 0.01 raw
windows 18 H6 0.01 zne
windows 18 H6 0.01 zne_quadratic
windows 18 H6 0.01 sv
windows 18 H6 0.05 raw
windows 18 H6 0.05 zne
windows 18 H6 0.05 zne_quadratic
windows 18 H6 0.05 sv
windows 19 B3 0 raw
windows 19 B3 0 zne
windows 19 B3 0 zne_quadratic
windows 19 B3 0 sv
windows 19 B3 0.01 raw
windows 19 B3 0.01 zne
windows 19 B3 0.01 zne_quadratic
windows 19 B3 0.01 sv
windows 19 B3 0.05 raw
windows 19 B3 0.05 zne
windows 19 B3 0.05 zne_quadratic
windows 19 B3 0.05 sv
windows 19 H6 0 raw
windows 19 H6 0 zne
windows 19 H6 0 zne_quadratic
windows 19 H6 0 sv
windows 19 H6 0.01 raw
windows 19 H6 0.01 zne
windows 19 H6 0.01 zne_quadratic
windows 19 H6 0.01 sv
windows 19 H6 0.05 raw
windows 19 H6 0.05 zne
windows 19 H6 0.05 zne_quadratic
windows 19 H6 0.05 sv
windows 20 B3 0 raw
windows 20 B3 0 zne
windows 20 B3 0 zne_quadratic
windows 20 B3 0 sv
windows 20 B3 0.01 raw
windows 20 B3 0.01 zne
windows 20 B3 0.01 zne_quadratic
windows 20 B3 0.01 sv
windows 20 B3 0.05 raw
windows 20 B3 0.05 zne
windows 20 B3 0.05 zne_quadratic
windows 20 B3 0.05 sv
windows 20 H6 0 raw
windows 20 H6 0 zne
windows 20 H6 0 zne_quadratic
windows 20 H6 0 sv
windows 20 H6 0.01 raw
windows 20 H6 0.01 zne
windows 20 H6 0.01 zne_quadratic
windows 20 H6 0.01 sv
windows 20 H6 0.05 raw
windows 20 H6 0.05 zne
windows 20 H6 0.05 zne_quadratic
windows 20 H6 0.05 sv
windows 21 B3 0 raw
windows 21 B3 0 zne
windows 21 B3 0 zne_quadratic
windows 21 B3 0 sv
windows 21 B3 0.01 raw
windows 21 B3 0.01 zne
windows 21 B3 0.01 zne_quadratic
windows 21 B3 0.01 sv
windows 21 B3 0.05 raw
windows 21 B3 0.05 zne
windows 21 B3 0.05 zne_quadratic
windows 21 B3 0.05 sv
windows 21 H6 0 raw
windows 21 H6 0 zne
windows 21 H6 0 zne_quadratic
windows 21 H6 0 sv
windows 21 H6 0.01 raw
windows 21 H6 0.01 zne
windows 21 H6 0.01 zne_quadratic
windows 21 H6 0.01 sv
windows 21 H6 0.05 raw
windows 21 H6 0.05 zne
windows 21 H6 0.05 zne_quadratic
windows 21 H6 0.05 sv
windows 22 B3 0 raw
windows 22 B3 0 zne
windows 22 B3 0 zne_quadratic
windows 22 B3 0 sv
windows 22 B3 0.01 raw
windows 22 B3 0.01 zne
windows 22 B3 0.01 zne_quadratic
windows 22 B3 0.01 sv
windows 22 B3 0.05 raw
windows 22 B3 0.05 zne
windows 22 B3 0.05 zne_quadratic
windows 22 B3 0.05 sv
windows 22 H6 0 raw
windows 22 H6 0 zne
windows 22 H6 0 zne_quadratic
windows 22 H6 0 sv
windows 22 H6 0.01 raw
windows 22 H6 0.01 zne
windows 22 H6 0.01 zne_quadratic
windows 22 H6 0.01 sv
windows 22 H6 0.05 raw
windows 22 H6 0.05 zne
windows 22 H6 0.05 zne_quadratic
windows 22 H6 0.05 sv
windows 23 B3 0 raw
windows 23 B3 0 zne
windows 23 B3 0 zne_quadratic
windows 23 B3 0 sv
windows 23 B3 0.01 raw
windows 23 B3 0.01 zne
windows 23 B3 0.01 zne_quadratic
windows 23 B3 0.01 sv
windows 23 B3 0.05 raw
windows 23 B3 0.05 zne
windows 23 B3 0.05 zne_quadratic
windows 23 B3 0.05 sv
windows 23 H6 0 raw
windows 23 H6 0 zne
windows 23 H6 0 zne_quadratic
windows 23 H6 0 sv
windows 23 H6 0.01 raw
windows 23 H6 0.01 zne
windows 23 H6 0.01 zne_quadratic
windows 23 H6 0.01 sv
windows 23 H6 0.05 raw
windows 23 H6 0.05 zne
windows 23 H6 0.05 zne_quadratic
windows 23 H6 0.05 sv
windows 24 B3 0 raw
windows 24 B3 0 zne
windows 24 B3 0 zne_quadratic
windows 24 B3 0 sv
windows 24 B3 0.01 raw
windows 24 B3 0.01 zne
windows 24 B3 0.01 zne_quadratic
windows 24 B3 0.01 sv
windows 24 B3 0.05 raw
windows 24 B3 0.05 zne
windows 24 B3 0.05 zne_quadratic
windows 24 B3 0.05 sv
windows 24 H6 0 raw
windows 24 H6 0 zne
windows 24 H6 0 zne_quadratic
windows 24 H6 0 sv
windows 24 H6 0.01 raw
windows 24 H6 0.01 zne
windows 24 H6 0.01 zne_quadratic
windows 24 H6 0.01 sv
windows 24 H6 0.05 raw
windows 24 H6 0.05 zne
windows 24 H6 0.05 zne_quadratic
windows 24 H6 0.05 sv
windows 25 B3 0 raw
windows 25 B3 0 zne
windows 25 B3 0 zne_quadratic
windows 25 B3 0 sv
windows 25 B3 0.01 raw
windows 25 B3 0.01 zne
windows 25 B3 0.01 zne_quadratic
windows 25 B3 0.01 sv
windows 25 B3 0.05 raw
windows 25 B3 0.05 zne
windows 25 B3 0.05 zne_quadratic
windows 25 B3 0.05 sv
windows 25 H6 0 raw
windows 25 H6 0 zne
windows 25 H6 0 zne_quadratic
windows 25 H6 0 sv
windows 25 H6 0.01 raw
windows 25 H6 0.01 zne
windows 25 H6 0.01 zne_quadratic
windows 25 H6 0.01 sv
windows 25 H6 0.05 raw
windows 25 H6 0.05 zne
windows 25 H6 0.05 zne_quadratic
windows 25 H6 0.05 sv
windows 26 B3 0 raw
windows 26 B3 0 zne
windows 26 B3 0 zne_quadratic
windows 26 B3 0 sv
windows 26 B3 0.01 raw
windows 26 B3 0.01 zne
windows 26 B3 0.01 zne_quadratic
windows 26 B3 0.01 sv
windows 26 B3 0.05 raw
windows 26 B3 0.05 zne
windows 26 B3 0.05 zne_quadratic
windows 26 B3 0.05 sv
windows 26 H6 0 raw
windows 26 H6 0 zne
windows 26 H6 0 zne_quadratic
windows 26 H6 0 sv
windows 26 H6 0.01 raw
windows 26 H6 0.01 zne
windows 26 H6 0.01 zne_quadratic
windows 26 H6 0.01 sv
windows 26 H6 0.05 raw
windows 26 H6 0.05 zne
windows 26 H6 0.05 zne_quadratic
windows 26 H6 0.05 sv
windows 27 B3 0 raw
windows 27 B3 0 zne
windows 27 B3 0 zne_quadratic
windows 27 B3 0 sv
windows 27 B3 0.01 raw
windows 27 B3 0.01 zne
windows 27 B3 0.01 zne_quadratic
windows 27 B3 0.01 sv
windows 27 B3 0.05 raw
windows 27 B3 0.05 zne
windows 27 B3 0.05 zne_quadratic
windows 27 B3 0.05 sv
windows 27 H6 0 raw
windows 27 H6 0 zne
windows 27 H6 0 zne_quadratic
windows 27 H6 0 sv
windows 27 H6 0.01 raw
windows 27 H6 0.01 zne
windows 27 H6 0.01 zne_quadratic
windows 27 H6 0.01 sv
windows 27 H6 0.05 raw
windows 27 H6 0.05 zne
windows 27 H6 0.05 zne_quadratic
windows 27 H6 0.05 sv
windows 28 B3 0 raw
windows 28 B3 0 zne
windows 28 B3 0 zne_quadratic
windows 28 B3 0 sv
windows 28 B3 0.01 raw
windows 28 B3 0.01 zne
windows 28 B3 0.01 zne_quadratic
windows 28 B3 0.01 sv
windows 28 B3 0.05 raw
windows 28 B3 0.05 zne
windows 28 B3 0.05 zne_quadratic
windows 28 B3 0.05 sv
windows 28 H6 0 raw
windows 28 H6 0 zne
windows 28 H6 0 zne_quadratic
windows 28 H6 0 sv
windows 28 H6 0.01 raw
windows 28 H6 0.01 zne
windows 28 H6 0.01 zne_quadratic
windows 28 H6 0.01 sv
windows 28 H6 0.05 raw
windows 28 H6 0.05 zne
windows 28 H6 0.05 zne_quadratic
windows 28 H6 0.05 sv
windows 29 B3 0 raw
windows 29 B3 0 zne
windows 29 B3 0 zne_quadratic
windows 29 B3 0 sv
windows 29 B3 0.01 raw
windows 29 B3 0.01 zne
windows 29 B3 0.01 zne_quadratic
windows 29 B3 0.01 sv
windows 29 B3 0.05 raw
windows 29 B3 0.05 zne
windows 29 B3 0.05 zne_quadratic
windows 29 B3 0.05 sv
windows 29 H6 0 raw
windows 29 H6 0 zne
windows 29 H6 0 zne_quadratic
windows 29 H6 0 sv
windows 29 H6 0.01 raw
windows 29 H6 0.01 zne
windows 29 H6 0.01 zne_quadratic
windows 29 H6 0.01 sv
windows 29 H6 0.05 raw
windows 29 H6 0.05 zne
windows 29 H6 0.05 zne_quadratic
windows 29 H6 0.05 sv
windows 30 B3 0 raw
windows 30 B3 0 zne
windows 30 B3 0 zne_quadratic
windows 30 B3 0 sv
windows 30 B3 0.01 raw
windows 30 B3 0.01 zne
windows 30 B3 0.01 zne_quadratic
windows 30 B3 0.01 sv
windows 30 B3 0.05 raw
windows 30 B3 0.05 zne
windows 30 B3 0.05 zne_quadratic
windows 30 B3 0.05 sv
windows 30 H6 0 raw
windows 30 H6 0 zne
windows 30 H6 0 zne_quadratic
windows 30 H6 0 sv
windows 30 H6 0.01 raw
windows 30 H6 0.01 zne
windows 30 H6 0.01 zne_quadratic
windows 30 H6 0.01 sv
windows 30 H6 0.05 raw
windows 30 H6 0.05 zne
windows 30 H6 0.05 zne_quadratic
windows 30 H6 0.05 sv
windows 31 B3 0 raw
windows 31 B3 0 zne
windows 31 B3 0 zne_quadratic
windows 31 B3 0 sv
windows 31 B3 0.01 raw
windows 31 B3 0.01 zne
windows 31 B3 0.01 zne_quadratic
windows 31 B3 0.01 sv
windows 31 B3 0.05 raw
windows 31 B3 0.05 zne
windows 31 B3 0.05 zne_quadratic
windows 31 B3 0.05 sv
windows 31 H6 0 raw
windows 31 H6 0 zne
windows 31 H6 0 zne_quadratic
windows 31 H6 0 sv
windows 31 H6 0.01 raw
windows 31 H6 0.01 zne
windows 31 H6 0.01 zne_quadratic
windows 31 H6 0.01 sv
windows 31 H6 0.05 raw
windows 31 H6 0.05 zne
windows 31 H6 0.05 zne_quadratic
windows 31 H6 0.05 sv
windows 32 B3 0 raw
windows 32 B3 0 zne
windows 32 B3 0 zne_quadratic
windows 32 B3 0 sv
windows 32 B3 0.01 raw
windows 32 B3 0.01 zne
windows 32 B3 0.01 zne_quadratic
windows 32 B3 0.01 sv
windows 32 B3 0.05 raw
windows 32 B3 0.05 zne
windows 32 B3 0.05 zne_quadratic
windows 32 B3 0.05 sv
windows 32 H6 0 raw
windows 32 H6 0 zne
windows 32 H6 0 zne_quadratic
windows 32 H6 0 sv
windows 32 H6 0.01 raw
windows 32 H6 0.01 zne
windows 32 H6 0.01 zne_quadratic
windows 32 H6 0.01 sv
windows 32 H6 0.05 raw
windows 32 H6 0.05 zne
windows 32 H6 0.05 zne_quadratic
windows 32 H6 0.05 sv
windows 33 B3 0 raw
windows 33 B3 0 zne
windows 33 B3 0 zne_quadratic
windows 33 B3 0 sv
windows 33 B3 0.01 raw
windows 33 B3 0.01 zne
windows 33 B3 0.01 zne_quadratic
windows 33 B3 0.01 sv
windows 33 B3 0.05 raw
windows 33 B3 0.05 zne
windows 33 B3 0.05 zne_quadratic
windows 33 B3 0.05 sv
windows 33 H6 0 raw
windows 33 H6 0 zne
windows 33 H6 0 zne_quadratic
windows 33 H6 0 sv
windows 33 H6 0.01 raw
windows 33 H6 0.01 zne
windows 33 H6 0.01 zne_quadratic
windows 33 H6 0.01 sv
windows 33 H6 0.05 raw
windows 33 H6 0.05 zne
windows 33 H6 0.05 zne_quadratic
windows 33 H6 0.05 sv
windows 34 B3 0 raw
windows 34 B3 0 zne
windows 34 B3 0 zne_quadratic
windows 34 B3 0 sv
windows 34 B3 0.01 raw
windows 34 B3 0.01 zne
windows 34 B3 0.01 zne_quadratic
windows 34 B3 0.01 sv
windows 34 B3 0.05 raw
windows 34 B3 0.05 zne
windows 34 B3 0.05 zne_quadratic
windows 34 B3 0.05 sv
windows 34 H6 0 raw
windows 34 H6 0 zne
windows 34 H6 0 zne_quadratic
windows 34 H6 0 sv
windows 34 H6 0.01 raw
windows 34 H6 0.01 zne
windows 34 H6 0.01 zne_quadratic
windows 34 H6 0.01 sv
windows 34 H6 0.05 raw
windows 34 H6 0.05 zne
windows 34 H6 0.05 zne_quadratic
windows 34 H6 0.05 sv
windows 35 B3 0 raw
windows 35 B3 0 zne
windows 35 B3 0 zne_quadratic
windows 35 B3 0 sv
windows 35 B3 0.01 raw
windows 35 B3 0.01 zne
windows 35 B3 0.01 zne_quadratic
windows 35 B3 0.01 sv
windows 35 B3 0.05 raw
windows 35 B3 0.05 zne
windows 35 B3 0.05 zne_quadratic
windows 35 B3 0.05 sv
windows 35 H6 0 raw
windows 35 H6 0 zne
windows 35 H6 0 zne_quadratic
windows 35 H6 0 sv
windows 35 H6 0.01 raw
windows 35 H6 0.01 zne
windows 35 H6 0.01 zne_quadratic
windows 35 H6 0.01 sv
windows 35 H6 0.05 raw
windows 35 H6 0.05 zne
windows 35 H6 0.05 zne_quadratic
windows 35 H6 0.05 sv
windows 36 B3 0 raw
windows 36 B3 0 zne
windows 36 B3 0 zne_quadratic
windows 36 B3 0 sv
windows 36 B3 0.01 raw
windows 36 B3 0.01 zne
windows 36 B3 0.01 zne_quadratic
windows 36 B3 0.01 sv
windows 36 B3 0.05 raw
windows 36 B3 0.05 zne
windows 36 B3 0.05 zne_quadratic
windows 36 B3 0.05 sv
windows 36 H6 0 raw
windows 36 H6 0 zne
windows 36 H6 0 zne_quadratic
windows 36 H6 0 sv
windows 36 H6 0.01 raw
windows 36 H6 0.01 zne
windows 36 H6 0.01 zne_quadratic
windows 36 H6 0.01 sv
windows 36 H6 0.05 raw
windows 36 H6 0.05 zne
windows 36 H6 0.05 zne_quadratic
windows 36 H6 0.05 sv
windows 37 B3 0 raw
windows 37 B3 0 zne
windows 37 B3 0 zne_quadratic
windows 37 B3 0 sv
windows 37 B3 0.01 raw
windows 37 B3 0.01 zne
windows 37 B3 0.01 zne_quadratic
windows 37 B3 0.01 sv
windows 37 B3 0.05 raw
windows 37 B3 0.05 zne
windows 37 B3 0.05 zne_quadratic
windows 37 B3 0.05 sv
windows 37 H6 0 raw
windows 37 H6 0 zne
windows 37 H6 0 zne_quadratic
windows 37 H6 0 sv
windows 37 H6 0.01 raw
windows 37 H6 0.01 zne
windows 37 H6 0.01 zne_quadratic
windows 37 H6 0.01 sv
windows 37 H6 0.05 raw
windows 37 H6 0.05 zne
windows 37 H6 0.05 zne_quadratic
windows 37 H6 0.05 sv
windows 38 B3 0 raw
windows 38 B3 0 zne
windows 38 B3 0 zne_quadratic
windows 38 B3 0 sv
windows 38 B3 0.01 raw
windows 38 B3 0.01 zne
windows 38 B3 0.01 zne_quadratic
windows 38 B3 0.01 sv
windows 38 B3 0.05 raw
windows 38 B3 0.05 zne
windows 38 B3 0.05 zne_quadratic
windows 38 B3 0.05 sv
windows 38 H6 0 raw
windows 38 H6 0 zne
windows 38 H6 0 zne_quadratic
windows 38 H6 0 sv
windows 38 H6 0.01 raw
windows 38 H6 0.01 zne
windows 38 H6 0.01 zne_quadratic
windows 38 H6 0.01 sv
windows 38 H6 0.05 raw
windows 38 H6 0.05 zne
windows 38 H6 0.05 zne_quadratic
windows 38 H6 0.05 sv
windows 39 B3 0 raw
windows 39 B3 0 zne
windows 39 B3 0 zne_quadratic
windows 39 B3 0 sv
windows 39 B3 0.01 raw
windows 39 B3 0.01 zne
windows 39 B3 0.01 zne_quadratic
windows 39 B3 0.01 sv
windows 39 B3 0.05 raw
windows 39 B3 0.05 zne
windows 39 B3 0.05 zne_quadratic
windows 39 B3 0.05 sv
windows 39 H6 0 raw
windows 39 H6 0 zne
windows 39 H6 0 zne_quadratic
windows 39 H6 0 sv
windows 39 H6 0.01 raw
windows 39 H6 0.01 zne
windows 39 H6 0.01 zne_quadratic
windows 39 H6 0.01 sv
windows 39 H6 0.05 raw
windows 39 H6 0.05 zne
windows 39 H6 0.05 zne_quadratic
windows 39 H6 0.05 sv
windows 40 B3 0 raw
windows 40 B3 0 zne
windows 40 B3 0 zne_quadratic
windows 40 B3 0 sv
windows 40 B3 0.01 raw
windows 40 B3 0.01 zne
windows 40 B3 0.01 zne_quadratic
windows 40 B3 0.01 sv
windows 40 B3 0.05 raw
windows 40 B3 0.05 zne
windows 40 B3 0.05 zne_quadratic
windows 40 B3 0.05 sv
windows 40 H6 0 raw
windows 40 H6 0 zne
windows 40 H6 0 zne_quadratic
windows 40 H6 0 sv
windows 40 H6 0.01 raw
windows 40 H6 0.01 zne
windows 40 H6 0.01 zne_quadratic
windows 40 H6 0.01 sv
windows 40 H6 0.05 raw
windows 40 H6 0.05 zne
windows 40 H6 0.05 zne_quadratic
windows 40 H6 0.05 sv
windows 41 B3 0 raw
windows 41 B3 0 zne
windows 41 B3 0 zne_quadratic
windows 41 B3 0 sv
windows 41 B3 0.01 raw
windows 41 B3 0.01 zne
windows 41 B3 0.01 zne_quadratic
windows 41 B3 0.01 sv
windows 41 B3 0.05 raw
windows 41 B3 0.05 zne
windows 41 B3 0.05 zne_quadratic
windows 41 B3 0.05 sv
windows 41 H6 0 raw
windows 41 H6 0 zne
windows 41 H6 0 zne_quadratic
windows 41 H6 0 sv
windows 41 H6 0.01 raw
windows 41 H6 0.01 zne
windows 41 H6 0.01 zne_quadratic
windows 41 H6 0.01 sv
windows 41 H6 0.05 raw
windows 41 H6 0.05 zne
windows 41 H6 0.05 zne_quadratic
windows 41 H6 0.05 sv
windows 42 B3 0 raw
windows 42 B3 0 zne
windows 42 B3 0 zne_quadratic
windows 42 B3 0 sv
windows 42 B3 0.01 raw
windows 42 B3 0.01 zne
windows 42 B3 0.01 zne_quadratic
windows 42 B3 0.01 sv
windows 42 B3 0.05 raw
windows 42 B3 0.05 zne
windows 42 B3 0.05 zne_quadratic
windows 42 B3 0.05 sv
windows 42 H6 0 raw
windows 42 H6 0 zne
windows 42 H6 0 zne_quadratic
windows 42 H6 0 sv
windows 42 H6 0.01 raw
windows 42 H6 0.01 zne
windows 42 H6 0.01 zne_quadratic
windows 42 H6 0.01 sv
windows 42 H6 0.05 raw
windows 42 H6 0.05 zne
windows 42 H6 0.05 zne_quadratic
windows 42 H6 0.05 sv
windows 43 B3 0 raw
windows 43 B3 0 zne
windows 43 B3 0 zne_quadratic
windows 43 B3 0 sv
windows 43 B3 0.01 raw
windows 43 B3 0.01 zne
windows 43 B3 0.01 zne_quadratic
windows 43 B3 0.01 sv
windows 43 B3 0.05 raw
windows 43 B3 0.05 zne
windows 43 B3 0.05 zne_quadratic
windows 43 B3 0.05 sv
windows 43 H6 0 raw
windows 43 H6 0 zne
windows 43 H6 0 zne_quadratic
windows 43 H6 0 sv
windows 43 H6 0.01 raw
windows 43 H6 0.01 zne
windows 43 H6 0.01 zne_quadratic
windows 43 H6 0.01 sv
windows 43 H6 0.05 raw
windows 43 H6 0.05 zne
windows 43 H6 0.05 zne_quadratic
windows 43 H6 0.05 sv
windows 44 B3 0 raw
windows 44 B3 0 zne
windows 44 B3 0 zne_quadratic
windows 44 B3 0 sv
windows 44 B3 0.01 raw
windows 44 B3 0.01 zne
windows 44 B3 0.01 zne_quadratic
windows 44 B3 0.01 sv
windows 44 B3 0.05 raw
windows 44 B3 0.05 zne
windows 44 B3 0.05 zne_quadratic
windows 44 B3 0.05 sv
windows 44 H6 0 raw
windows 44 H6 0 zne
windows 44 H6 0 zne_quadratic
windows 44 H6 0 sv
windows 44 H6 0.01 raw
windows 44 H6 0.01 zne
windows 44 H6 0.01 zne_quadratic
windows 44 H6 0.01 sv
windows 44 H6 0.05 raw
windows 44 H6 0.05 zne
windows 44 H6 0.05 zne_quadratic
windows 44 H6 0.05 sv
windows 45 B3 0 raw
windows 45 B3 0 zne
windows 45 B3 0 zne_quadratic
windows 45 B3 0 sv
windows 45 B3 0.01 raw
windows 45 B3 0.01 zne
windows 45 B3 0.01 zne_quadratic
windows 45 B3 0.01 sv
windows 45 B3 0.05 raw
windows 45 B3 0.05 zne
windows 45 B3 0.05 zne_quadratic
windows 45 B3 0.05 sv
windows 45 H6 0 raw
windows 45 H6 0 zne
windows 45 H6 0 zne_quadratic
windows 45 H6 0 sv
windows 45 H6 0.01 raw
windows 45 H6 0.01 zne
windows 45 H6 0.01 zne_quadratic
windows 45 H6 0.01 sv
windows 45 H6 0.05 raw
windows 45 H6 0.05 zne
windows 45 H6 0.05 zne_quadratic
windows 45 H6 0.05 sv
windows 46 B3 0 raw
windows 46 B3 0 zne
windows 46 B3 0 zne_quadratic
windows 46 B3 0 sv
windows 46 B3 0.01 raw
windows 46 B3 0.01 zne
windows 46 B3 0.01 zne_quadratic
windows 46 B3 0.01 sv
windows 46 B3 0.05 raw
windows 46 B3 0.05 zne
windows 46 B3 0.05 zne_quadratic
windows 46 B3 0.05 sv
windows 46 H6 0 raw
windows 46 H6 0 zne
windows 46 H6 0 zne_quadratic
windows 46 H6 0 sv
windows 46 H6 0.01 raw
windows 46 H6 0.01 zne
windows 46 H6 0.01 zne_quadratic
windows 46 H6 0.01 sv
windows 46 H6 0.05 raw
windows 46 H6 0.05 zne
windows 46 H6 0.05 zne_quadratic
windows 46 H6 0.05 sv
windows 47 B3 0 raw
windows 47 B3 0 zne
windows 47 B3 0 zne_quadratic
windows 47 B3 0 sv
windows 47 B3 0.01 raw
windows 47 B3 0.01 zne
windows 47 B3 0.01 zne_quadratic
windows 47 B3 0.01 sv
windows 47 B3 0.05 raw
windows 47 B3 0.05 zne
windows 47 B3 0.05 zne_quadratic
windows 47 B3 0.05 sv
windows 47 H6 0 raw
windows 47 H6 0 zne
windows 47 H6 0 zne_quadratic
windows 47 H6 0 sv
windows 47 H6 0.01 raw
windows 47 H6 0.01 zne
windows 47 H6 0.01 zne_quadratic
windows 47 H6 0.01 sv
windows 47 H6 0.05 raw
windows 47 H6 0.05 zne
windows 47 H6 0.05 zne_quadratic
windows 47 H6 0.05 sv
windows 48 B3 0 raw
windows 48 B3 0 zne
windows 48 B3 0 zne_quadratic
windows 48 B3 0 sv
windows 48 B3 0.01 raw
windows 48 B3 0.01 zne
windows 48 B3 0.01 zne_quadratic
windows 48 B3 0.01 sv
windows 48 B3 0.05 raw
windows 48 B3 0.05 zne
windows 48 B3 0.05 zne_quadratic
windows 48 B3 0.05 sv
windows 48 H6 0 raw
windows 48 H6 0 zne
windows 48 H6 0 zne_quadratic
windows 48 H6 0 sv
windows 48 H6 0.01 raw
windows 48 H6 0.01 zne
windows 48 H6 0.01 zne_quadratic
windows 48 H6 0.01 sv
windows 48 H6 0.05 raw
windows 48 H6 0.05 zne
windows 48 H6 0.05 zne_quadratic
windows 48 H6 0.05 sv
windows 49 B3 0 raw
windows 49 B3 0 zne
windows 49 B3 0 zne_quadratic
windows 49 B3 0 sv
windows 49 B3 0.01 raw
windows 49 B3 0.01 zne
windows 49 B3 0.01 zne_quadratic
windows 49 B3 0.01 sv
windows 49 B3 0.05 raw
windows 49 B3 0.05 zne
windows 49 B3 0.05 zne_quadratic
windows 49 B3 0.05 sv
windows 49 H6 0 raw
windows 49 H6 0 zne
windows 49 H6 0 zne_quadratic
windows 49 H6 0 sv
windows 49 H6 0.01 raw
windows 49 H6 0.01 zne
windows 49 H6 0.01 zne_quadratic
windows 49 H6 0.01 sv
windows 49 H6 0.05 raw
windows 49 H6 0.05 zne
windows 49 H6 0.05 zne_quadratic
windows 49 H6 0.05 sv
windows 50 B3 0 raw
windows 50 B3 0 zne
windows 50 B3 0 zne_quadratic
windows 50 B3 0 sv
windows 50 B3 0.01 raw
windows 50 B3 0.01 zne
windows 50 B3 0.01 zne_quadratic
windows 50 B3 0.01 sv
windows 50 B3 0.05 raw
windows 50 B3 0.05 zne
windows 50 B3 0.05 zne_quadratic
windows 50 B3 0.05 sv
windows 50 H6 0 raw
windows 50 H6 0 zne
windows 50 H6 0 zne_quadratic
windows 50 H6 0 sv
windows 50 H6 0.01 raw
windows 50 H6 0.01 zne
windows 50 H6 0.01 zne_quadratic
windows 50 H6 0.01 sv
windows 50 H6 0.05 raw
windows 50 H6 0.05 zne
windows 50 H6 0.05 zne_quadratic
windows 50 H6 0.05 sv
