confirmation 0 C0 0.443 0.013 1.22
confirmation 0 C1 0.443 0.013 3.43
confirmation 0 H6 0.443 0.013 5.9
confirmation 1 C0 0.443 0.028 1.65
confirmation 1 C1 0.443 0.028 3.95
confirmation 1 H6 0.443 0.028 38.89
confirmation 2 C0 0.443 0.044 4.34
confirmation 2 C1 0.443 0.044 8.04
confirmation 2 H6 0.443 0.044 43.65
confirmation 3 C0 0.443 0.068 8.04
confirmation 3 C1 0.443 0.068 13.21
confirmation 3 H6 0.443 0.068 71.41
confirmation 4 C0 0.443 0.093 11.71
confirmation 4 C1 0.443 0.093 14.86
confirmation 4 H6 0.443 0.093 91.44
confirmation 5 C0 0.443 0.138 6.53
confirmation 5 C1 0.443 0.138 13.02
confirmation 5 H6 0.443 0.138 89.76
confirmation 6 C0 0.459 0.013 1.71
confirmation 6 C1 0.459 0.013 1.8
confirmation 6 H6 0.459 0.013 6.18
confirmation 7 C0 0.459 0.028 3.35
confirmation 7 C1 0.459 0.028 5.2
confirmation 7 H6 0.459 0.028 16.41
confirmation 8 C0 0.459 0.044 5.75
confirmation 8 C1 0.459 0.044 9.79
confirmation 8 H6 0.459 0.044 52.14
confirmation 9 C0 0.459 0.068 9.16
confirmation 9 C1 0.459 0.068 13.83
confirmation 9 H6 0.459 0.068 58.83
confirmation 10 C0 0.459 0.093 9.28
confirmation 10 C1 0.459 0.093 12.82
confirmation 10 H6 0.459 0.093 60.87
confirmation 11 C0 0.459 0.138 6.84
confirmation 11 C1 0.459 0.138 10.22
confirmation 11 H6 0.459 0.138 72.64
confirmation 12 C0 0.4757 0.013 3.7
confirmation 12 C1 0.4757 0.013 3.81
confirmation 12 H6 0.4757 0.013 10.87
confirmation 13 C0 0.4757 0.028 6.13
confirmation 13 C1 0.4757 0.028 8.87
confirmation 13 H6 0.4757 0.028 47.79
confirmation 14 C0 0.4757 0.044 9.14
confirmation 14 C1 0.4757 0.044 11.63
confirmation 14 H6 0.4757 0.044 62.43
confirmation 15 C0 0.4757 0.068 7.07
confirmation 15 C1 0.4757 0.068 11.06
confirmation 15 H6 0.4757 0.068 94.7
confirmation 16 C0 0.4757 0.093 9.66
confirmation 16 C1 0.4757 0.093 15.67
confirmation 16 H6 0.4757 0.093 88.95
confirmation 17 C0 0.4757 0.138 5.81
confirmation 17 C1 0.4757 0.138 11.94
confirmation 17 H6 0.4757 0.138 94.58
confirmation 18 C0 0.491 0.013 6.83
confirmation 18 C1 0.491 0.013 8.29
confirmation 18 H6 0.491 0.013 53.65
confirmation 19 C0 0.491 0.028 10.94
confirmation 19 C1 0.491 0.028 15.36
confirmation 19 H6 0.491 0.028 62.33
confirmation 20 C0 0.491 0.044 8.38
confirmation 20 C1 0.491 0.044 10.86
confirmation 20 H6 0.491 0.044 67.46
confirmation 21 C0 0.491 0.068 7.94
confirmation 21 C1 0.491 0.068 11.41
confirmation 21 H6 0.491 0.068 80.37
confirmation 22 C0 0.491 0.093 7.84
confirmation 22 C1 0.491 0.093 11.05
confirmation 22 H6 0.491 0.093 85.04
confirmation 23 C0 0.491 0.138 6.97
confirmation 23 C1 0.491 0.138 9.57
confirmation 23 H6 0.491 0.138 66.96
confirmation 24 C0 0.507 0.013 4.04
confirmation 24 C1 0.507 0.013 6.8
confirmation 24 H6 0.507 0.013 55.72
confirmation 25 C0 0.507 0.028 6.86
confirmation 25 C1 0.507 0.028 18.96
confirmation 25 H6 0.507 0.028 92.61
confirmation 26 C0 0.507 0.044 9.08
confirmation 26 C1 0.507 0.044 16.53
confirmation 26 H6 0.507 0.044 70.13
confirmation 27 C0 0.507 0.068 13.21
confirmation 27 C1 0.507 0.068 15.59
confirmation 27 H6 0.507 0.068 83.51
confirmation 28 C0 0.507 0.093 8.56
confirmation 28 C1 0.507 0.093 12.69
confirmation 28 H6 0.507 0.093 74.48
confirmation 29 C0 0.507 0.138 5.84
confirmation 29 C1 0.507 0.138 13.08
confirmation 29 H6 0.507 0.138 48.52
confirmation 30 C0 0.523 0.013 3.98
confirmation 30 C1 0.523 0.013 9.5
confirmation 30 H6 0.523 0.013 14.62
confirmation 31 C0 0.523 0.028 4.51
confirmation 31 C1 0.523 0.028 8.17
confirmation 31 H6 0.523 0.028 76.15
confirmation 32 C0 0.523 0.044 5.22
confirmation 32 C1 0.523 0.044 12.28
confirmation 32 H6 0.523 0.044 80.84
confirmation 33 C0 0.523 0.068 6.82
confirmation 33 C1 0.523 0.068 11.8
confirmation 33 H6 0.523 0.068 71.04
confirmation 34 C0 0.523 0.093 7.38
confirmation 34 C1 0.523 0.093 11.31
confirmation 34 H6 0.523 0.093 54.83
confirmation 35 C0 0.523 0.138 4.35
confirmation 35 C1 0.523 0.138 9.1
confirmation 35 H6 0.523 0.138 66.61
confirmation 36 C0 0.539 0.013 3.38
confirmation 36 C1 0.539 0.013 9.96
confirmation 36 H6 0.539 0.013 33.54
confirmation 37 C0 0.539 0.028 3.24
confirmation 37 C1 0.539 0.028 7.18
confirmation 37 H6 0.539 0.028 51.72
confirmation 38 C0 0.539 0.044 4.58
confirmation 38 C1 0.539 0.044 8.31
confirmation 38 H6 0.539 0.044 67.0
confirmation 39 C0 0.539 0.068 7.69
confirmation 39 C1 0.539 0.068 12.37
confirmation 39 H6 0.539 0.068 65.77
confirmation 40 C0 0.539 0.093 5.97
confirmation 40 C1 0.539 0.093 9.14
confirmation 40 H6 0.539 0.093 64.59
confirmation 41 C0 0.539 0.138 4.55
confirmation 41 C1 0.539 0.138 9.29
confirmation 41 H6 0.539 0.138 76.6
confirmation 42 C0 0.555 0.013 3.04
confirmation 42 C1 0.555 0.013 9.28
confirmation 42 H6 0.555 0.013 47.7
confirmation 43 C0 0.555 0.028 3.09
confirmation 43 C1 0.555 0.028 7.4
confirmation 43 H6 0.555 0.028 43.41
confirmation 44 C0 0.555 0.044 5.38
confirmation 44 C1 0.555 0.044 7.39
confirmation 44 H6 0.555 0.044 65.61
confirmation 45 C0 0.555 0.068 7.64
confirmation 45 C1 0.555 0.068 15.1
confirmation 45 H6 0.555 0.068 105.76
confirmation 46 C0 0.555 0.093 7.72
confirmation 46 C1 0.555 0.093 13.31
confirmation 46 H6 0.555 0.093 103.5
confirmation 47 C0 0.555 0.138 4.79
confirmation 47 C1 0.555 0.138 10.12
confirmation 47 H6 0.555 0.138 86.57
confirmation 48 C0 0.663 0.235 6.38
confirmation 48 C1 0.663 0.235 10.96
confirmation 48 H6 0.663 0.235 6.38
confirmation 49 C0 0.663 0.305 5.66
confirmation 49 C1 0.663 0.305 12.53
confirmation 49 H6 0.663 0.305 5.66
confirmation 50 C0 0.663 0.375 5.89
confirmation 50 C1 0.663 0.375 7.99
confirmation 50 H6 0.663 0.375 5.89
confirmation 51 C0 0.663 0.445 4.25
confirmation 51 C1 0.663 0.445 8.89
confirmation 51 H6 0.663 0.445 4.25
confirmation 52 C0 0.663 0.515 5.43
confirmation 52 C1 0.663 0.515 9.73
confirmation 52 H6 0.663 0.515 5.43
confirmation 53 C0 0.663 0.585 5.08
confirmation 53 C1 0.663 0.585 11.42
confirmation 53 H6 0.663 0.585 5.08
confirmation 54 C0 0.763 0.235 3.43
confirmation 54 C1 0.763 0.235 8.5
confirmation 54 H6 0.763 0.235 3.43
confirmation 55 C0 0.763 0.305 5.16
confirmation 55 C1 0.763 0.305 9.93
confirmation 55 H6 0.763 0.305 5.16
confirmation 56 C0 0.763 0.375 4.17
confirmation 56 C1 0.763 0.375 9.61
confirmation 56 H6 0.763 0.375 4.17
confirmation 57 C0 0.763 0.445 3.44
confirmation 57 C1 0.763 0.445 10.7
confirmation 57 H6 0.763 0.445 3.44
confirmation 58 C0 0.763 0.515 4.61
confirmation 58 C1 0.763 0.515 7.27
confirmation 58 H6 0.763 0.515 4.61
confirmation 59 C0 0.763 0.585 2.44
confirmation 59 C1 0.763 0.585 7.67
confirmation 59 H6 0.763 0.585 2.44
confirmation 60 C0 0.863 0.235 4.42
confirmation 60 C1 0.863 0.235 10.14
confirmation 60 H6 0.863 0.235 4.42
confirmation 61 C0 0.863 0.305 5.02
confirmation 61 C1 0.863 0.305 10.97
confirmation 61 H6 0.863 0.305 5.02
confirmation 62 C0 0.863 0.375 3.79
confirmation 62 C1 0.863 0.375 8.5
confirmation 62 H6 0.863 0.375 3.79
confirmation 63 C0 0.863 0.445 2.91
confirmation 63 C1 0.863 0.445 7.53
confirmation 63 H6 0.863 0.445 2.91
confirmation 64 C0 0.863 0.515 3.24
confirmation 64 C1 0.863 0.515 6.59
confirmation 64 H6 0.863 0.515 3.24
confirmation 65 C0 0.863 0.585 2.89
confirmation 65 C1 0.863 0.585 7.96
confirmation 65 H6 0.863 0.585 2.89
confirmation 66 C0 0.963 0.235 2.83
confirmation 66 C1 0.963 0.235 10.59
confirmation 66 H6 0.963 0.235 2.83
confirmation 67 C0 0.963 0.305 4.52
confirmation 67 C1 0.963 0.305 8.37
confirmation 67 H6 0.963 0.305 4.52
confirmation 68 C0 0.963 0.375 3.78
confirmation 68 C1 0.963 0.375 9.31
confirmation 68 H6 0.963 0.375 3.78
confirmation 69 C0 0.963 0.445 4.48
confirmation 69 C1 0.963 0.445 11.57
confirmation 69 H6 0.963 0.445 4.48
confirmation 70 C0 0.963 0.515 3.27
confirmation 70 C1 0.963 0.515 8.07
confirmation 70 H6 0.963 0.515 3.27
confirmation 71 C0 0.963 0.585 4.3
confirmation 71 C1 0.963 0.585 12.6
confirmation 71 H6 0.963 0.585 4.3
confirmation 72 C0 0.083 0.085 1.89
confirmation 72 C1 0.083 0.085 3.29
confirmation 72 H6 0.083 0.085 1.89
confirmation 73 C0 0.083 0.175 3.4
confirmation 73 C1 0.083 0.175 4.98
confirmation 73 H6 0.083 0.175 3.4
confirmation 74 C0 0.083 1.675 13.28
confirmation 74 C1 0.083 1.675 16.63
confirmation 74 H6 0.083 1.675 13.28
confirmation 75 C0 0.083 1.875 13.47
confirmation 75 C1 0.083 1.875 11.98
confirmation 75 H6 0.083 1.875 13.47
confirmation 76 C0 0.183 0.085 1.84
confirmation 76 C1 0.183 0.085 4.69
confirmation 76 H6 0.183 0.085 1.84
confirmation 77 C0 0.183 0.175 6.54
confirmation 77 C1 0.183 0.175 8.05
confirmation 77 H6 0.183 0.175 6.54
confirmation 78 C0 0.183 1.675 11.23
confirmation 78 C1 0.183 1.675 12.33
confirmation 78 H6 0.183 1.675 11.23
confirmation 79 C0 0.183 1.875 11.88
confirmation 79 C1 0.183 1.875 17.25
confirmation 79 H6 0.183 1.875 11.88
confirmation 80 C0 0.283 0.085 2.31
confirmation 80 C1 0.283 0.085 5.86
confirmation 80 H6 0.283 0.085 2.31
confirmation 81 C0 0.283 0.175 6.03
confirmation 81 C1 0.283 0.175 10.34
confirmation 81 H6 0.283 0.175 6.03
confirmation 82 C0 0.283 1.675 14.1
confirmation 82 C1 0.283 1.675 15.69
confirmation 82 H6 0.283 1.675 14.1
confirmation 83 C0 0.283 1.875 13.58
confirmation 83 C1 0.283 1.875 16.18
confirmation 83 H6 0.283 1.875 13.58
confirmation 84 C0 0.383 0.085 3.61
confirmation 84 C1 0.383 0.085 7.56
confirmation 84 H6 0.383 0.085 3.61
confirmation 85 C0 0.383 0.175 8.41
confirmation 85 C1 0.383 0.175 13.79
confirmation 85 H6 0.383 0.175 8.41
confirmation 86 C0 0.383 1.675 13.17
confirmation 86 C1 0.383 1.675 16.93
confirmation 86 H6 0.383 1.675 13.17
confirmation 87 C0 0.383 1.875 12.0
confirmation 87 C1 0.383 1.875 15.47
confirmation 87 H6 0.383 1.875 12.0
confirmation 88 C0 0.683 0.085 4.05
confirmation 88 C1 0.683 0.085 9.27
confirmation 88 H6 0.683 0.085 4.05
confirmation 89 C0 0.683 0.175 5.3
confirmation 89 C1 0.683 0.175 13.25
confirmation 89 H6 0.683 0.175 5.3
confirmation 90 C0 0.683 1.675 12.41
confirmation 90 C1 0.683 1.675 17.93
confirmation 90 H6 0.683 1.675 12.41
confirmation 91 C0 0.683 1.875 13.76
confirmation 91 C1 0.683 1.875 19.51
confirmation 91 H6 0.683 1.875 13.76
confirmation 92 C0 0.883 0.085 1.51
confirmation 92 C1 0.883 0.085 5.04
confirmation 92 H6 0.883 0.085 1.51
confirmation 93 C0 0.883 0.175 2.51
confirmation 93 C1 0.883 0.175 6.39
confirmation 93 H6 0.883 0.175 2.51
confirmation 94 C0 0.883 1.675 7.81
confirmation 94 C1 0.883 1.675 13.84
confirmation 94 H6 0.883 1.675 7.81
confirmation 95 C0 0.883 1.875 9.27
confirmation 95 C1 0.883 1.875 13.8
confirmation 95 H6 0.883 1.875 9.27
