n12 0 C0 0.443 0.013 11.75
n12 0 C1 0.443 0.013 11.73
n12 0 H6 0.443 0.013 59.95
n12 1 C0 0.443 0.093 37.71
n12 1 C1 0.443 0.093 54.7
n12 1 H6 0.443 0.093 343.96
n12 2 C0 0.459 0.044 42.09
n12 2 C1 0.459 0.044 48.63
n12 2 H6 0.459 0.044 311.87
n12 3 C0 0.4757 0.013 11.97
n12 3 C1 0.4757 0.013 27.69
n12 3 H6 0.4757 0.013 88.52
n12 4 C0 0.4757 0.093 35.23
n12 4 C1 0.4757 0.093 46.84
n12 4 H6 0.4757 0.093 388.2
n12 5 C0 0.491 0.044 30.67
n12 5 C1 0.491 0.044 66.23
n12 5 H6 0.491 0.044 456.5
n12 6 C0 0.507 0.013 16.07
n12 6 C1 0.507 0.013 32.02
n12 6 H6 0.507 0.013 143.22
n12 7 C0 0.507 0.093 26.57
n12 7 C1 0.507 0.093 71.58
n12 7 H6 0.507 0.093 409.89
n12 8 C0 0.523 0.044 13.72
n12 8 C1 0.523 0.044 48.75
n12 8 H6 0.523 0.044 377.17
n12 9 C0 0.539 0.013 24.75
n12 9 C1 0.539 0.013 30.41
n12 9 H6 0.539 0.013 90.78
n12 10 C0 0.539 0.093 16.07
n12 10 C1 0.539 0.093 56.71
n12 10 H6 0.539 0.093 464.59
n12 11 C0 0.555 0.044 17.39
n12 11 C1 0.555 0.044 53.19
n12 11 H6 0.555 0.044 358.56
n12 12 C0 0.663 0.235 9.24
n12 12 C1 0.663 0.235 27.38
n12 12 H6 0.663 0.235 9.24
n12 13 C0 0.663 0.375 14.28
n12 13 C1 0.663 0.375 40.66
n12 13 H6 0.663 0.375 14.28
n12 14 C0 0.663 0.515 21.92
n12 14 C1 0.663 0.515 48.83
n12 14 H6 0.663 0.515 21.92
n12 15 C0 0.763 0.235 11.06
n12 15 C1 0.763 0.235 33.44
n12 15 H6 0.763 0.235 11.06
n12 16 C0 0.763 0.375 10.69
n12 16 C1 0.763 0.375 36.28
n12 16 H6 0.763 0.375 10.69
n12 17 C0 0.763 0.515 9.35
n12 17 C1 0.763 0.515 38.86
n12 17 H6 0.763 0.515 9.35
n12 18 C0 0.863 0.235 12.7
n12 18 C1 0.863 0.235 43.93
n12 18 H6 0.863 0.235 12.7
n12 19 C0 0.863 0.375 12.04
n12 19 C1 0.863 0.375 33.41
n12 19 H6 0.863 0.375 12.04
n12 20 C0 0.863 0.515 7.81
n12 20 C1 0.863 0.515 40.8
n12 20 H6 0.863 0.515 7.81
n12 21 C0 0.963 0.235 6.47
n12 21 C1 0.963 0.235 36.49
n12 21 H6 0.963 0.235 6.47
n12 22 C0 0.963 0.375 6.41
n12 22 C1 0.963 0.375 31.14
n12 22 H6 0.963 0.375 6.41
n12 23 C0 0.963 0.515 6.81
n12 23 C1 0.963 0.515 33.31
n12 23 H6 0.963 0.515 6.81
n12 24 C0 0.083 0.085 5.32
n12 24 C1 0.083 0.085 10.25
n12 24 H6 0.083 0.085 5.32
n12 25 C0 0.083 1.675 23.58
n12 25 C1 0.083 1.675 44.78
n12 25 H6 0.083 1.675 23.58
n12 26 C0 0.183 0.085 9.44
n12 26 C1 0.183 0.085 17.54
n12 26 H6 0.183 0.085 9.44
n12 27 C0 0.183 1.675 16.66
n12 27 C1 0.183 1.675 31.41
n12 27 H6 0.183 1.675 16.66
n12 28 C0 0.283 0.085 6.84
n12 28 C1 0.283 0.085 23.66
n12 28 H6 0.283 0.085 6.84
n12 29 C0 0.283 1.675 39.81
n12 29 C1 0.283 1.675 59.87
n12 29 H6 0.283 1.675 39.81
n12 30 C0 0.383 0.085 15.11
n12 30 C1 0.383 0.085 39.07
n12 30 H6 0.383 0.085 15.11
n12 31 C0 0.383 1.675 46.28
n12 31 C1 0.383 1.675 63.29
n12 31 H6 0.383 1.675 46.28
n12 32 C0 0.683 0.085 18.32
n12 32 C1 0.683 0.085 41.68
n12 32 H6 0.683 0.085 18.32
n12 33 C0 0.683 1.675 30.46
n12 33 C1 0.683 1.675 58.31
n12 33 H6 0.683 1.675 30.46
n12 34 C0 0.883 0.085 18.25
n12 34 C1 0.883 0.085 33.43
n12 34 H6 0.883 0.085 18.25
n12 35 C0 0.883 1.675 21.67
n12 35 C1 0.883 1.675 52.95
n12 35 H6 0.883 1.675 21.67
