oracle_expressivity 0.45 0.15 B3 977 False 0.26
oracle_expressivity 0.45 0.15 C3 977 True 3.03
oracle_expressivity 0.5 0.15 B3 977 False 0.33
oracle_expressivity 0.5 0.15 C3 977 True 2.83
oracle_expressivity 0.55 0.15 B3 977 False 0.22
oracle_expressivity 0.55 0.15 C3 977 False 1.62
oracle_expressivity 0.8 0.6 B3 977 False 0.1
oracle_expressivity 0.8 0.6 C3 977 False 2.14
oracle_expressivity 0.8 0.8 B3 977 False 0.19
oracle_expressivity 0.8 0.8 C3 977 True 2.9
oracle_expressivity 0.425 0.02 B3 977 True 0.0
oracle_expressivity 0.425 0.02 C3 977 True 0.53
oracle_expressivity 0.45 0.035 B3 977 True 0.0
oracle_expressivity 0.45 0.035 C3 977 True 0.34
oracle_expressivity 0.475 0.05 B3 977 True 0.0
oracle_expressivity 0.475 0.05 C3 977 True 0.12
oracle_expressivity 0.5 0.01 B3 977 False 0.26
oracle_expressivity 0.5 0.01 C3 977 True 3.24
oracle_expressivity 0.5 0.075 B3 977 False 0.18
oracle_expressivity 0.5 0.075 C3 977 True 2.97
oracle_expressivity 0.525 0.035 B3 977 True 0.02
oracle_expressivity 0.525 0.035 C3 977 True 0.76
oracle_expressivity 0.55 0.05 B3 977 True 0.02
oracle_expressivity 0.55 0.05 C3 977 True 0.8
