low_map 0 C0 0.4 0.01 0.91
low_map 0 H6 0.4 0.01 2.08
low_map 1 C0 0.4 0.02 1.27
low_map 1 H6 0.4 0.02 3.1
low_map 2 C0 0.4 0.035 1.13
low_map 2 H6 0.4 0.035 37.44
low_map 3 C0 0.4 0.05 1.78
low_map 3 H6 0.4 0.05 33.16
low_map 4 C0 0.4 0.075 4.51
low_map 4 H6 0.4 0.075 60.49
low_map 5 C0 0.4 0.1 4.78
low_map 5 H6 0.4 0.1 65.7
low_map 6 C0 0.4 0.125 6.83
low_map 6 H6 0.4 0.125 64.32
low_map 7 C0 0.4 0.15 8.71
low_map 7 H6 0.4 0.15 75.62
low_map 8 C0 0.4 0.2 5.68
low_map 8 H6 0.4 0.2 58.61
low_map 9 C0 0.4 0.25 6.39
low_map 9 H6 0.4 0.25 79.78
low_map 10 C0 0.4 0.3 6.09
low_map 10 H6 0.4 0.3 40.38
low_map 11 C0 0.4 0.35 6.39
low_map 11 H6 0.4 0.35 61.47
low_map 12 C0 0.425 0.01 2.11
low_map 12 H6 0.425 0.01 6.11
low_map 13 C0 0.425 0.02 1.09
low_map 13 H6 0.425 0.02 5.28
low_map 14 C0 0.425 0.035 2.11
low_map 14 H6 0.425 0.035 25.16
low_map 15 C0 0.425 0.05 4.55
low_map 15 H6 0.425 0.05 47.26
low_map 16 C0 0.425 0.075 6.89
low_map 16 H6 0.425 0.075 64.28
low_map 17 C0 0.425 0.1 9.71
low_map 17 H6 0.425 0.1 77.4
low_map 18 C0 0.425 0.125 10.9
low_map 18 H6 0.425 0.125 85.28
low_map 19 C0 0.425 0.15 10.06
low_map 19 H6 0.425 0.15 72.78
low_map 20 C0 0.425 0.2 5.19
low_map 20 H6 0.425 0.2 51.31
low_map 21 C0 0.425 0.25 7.58
low_map 21 H6 0.425 0.25 78.35
low_map 22 C0 0.425 0.3 7.17
low_map 22 H6 0.425 0.3 64.8
low_map 23 C0 0.425 0.35 5.9
low_map 23 H6 0.425 0.35 71.84
low_map 24 C0 0.45 0.01 2.12
low_map 24 H6 0.45 0.01 7.89
low_map 25 C0 0.45 0.02 1.36
low_map 25 H6 0.45 0.02 20.76
low_map 26 C0 0.45 0.035 3.02
low_map 26 H6 0.45 0.035 11.16
low_map 27 C0 0.45 0.05 7.03
low_map 27 H6 0.45 0.05 62.62
low_map 28 C0 0.45 0.075 8.98
low_map 28 H6 0.45 0.075 68.93
low_map 29 C0 0.45 0.1 9.12
low_map 29 H6 0.45 0.1 80.57
low_map 30 C0 0.45 0.125 7.53
low_map 30 H6 0.45 0.125 71.49
low_map 31 C0 0.45 0.15 7.08
low_map 31 H6 0.45 0.15 56.23
low_map 32 C0 0.45 0.2 4.82
low_map 32 H6 0.45 0.2 74.49
low_map 33 C0 0.45 0.25 4.7
low_map 33 H6 0.45 0.25 64.48
low_map 34 C0 0.45 0.3 8.06
low_map 34 H6 0.45 0.3 89.72
low_map 35 C0 0.45 0.35 9.62
low_map 35 H6 0.45 0.35 77.04
low_map 36 C0 0.475 0.01 0.71
low_map 36 H6 0.475 0.01 13.82
low_map 37 C0 0.475 0.02 2.99
low_map 37 H6 0.475 0.02 20.71
low_map 38 C0 0.475 0.035 9.66
low_map 38 H6 0.475 0.035 46.09
low_map 39 C0 0.475 0.05 8.85
low_map 39 H6 0.475 0.05 67.2
low_map 40 C0 0.475 0.075 6.97
low_map 40 H6 0.475 0.075 74.4
low_map 41 C0 0.475 0.1 7.06
low_map 41 H6 0.475 0.1 79.53
low_map 42 C0 0.475 0.125 6.33
low_map 42 H6 0.475 0.125 77.13
low_map 43 C0 0.475 0.15 5.36
low_map 43 H6 0.475 0.15 64.77
low_map 44 C0 0.475 0.2 6.29
low_map 44 H6 0.475 0.2 81.45
low_map 45 C0 0.475 0.25 7.51
low_map 45 H6 0.475 0.25 82.23
low_map 46 C0 0.475 0.3 8.22
low_map 46 H6 0.475 0.3 93.55
low_map 47 C0 0.475 0.35 8.48
low_map 47 H6 0.475 0.35 80.61
low_map 48 C0 0.5 0.01 4.88
low_map 48 H6 0.5 0.01 81.98
low_map 49 C0 0.5 0.02 6.63
low_map 49 H6 0.5 0.02 60.42
low_map 50 C0 0.5 0.035 6.07
low_map 50 H6 0.5 0.035 65.26
low_map 51 C0 0.5 0.05 9.04
low_map 51 H6 0.5 0.05 57.79
low_map 52 C0 0.5 0.075 7.95
low_map 52 H6 0.5 0.075 66.48
low_map 53 C0 0.5 0.1 9.53
low_map 53 H6 0.5 0.1 65.55
low_map 54 C0 0.5 0.125 5.81
low_map 54 H6 0.5 0.125 77.73
low_map 55 C0 0.5 0.15 6.13
low_map 55 H6 0.5 0.15 60.45
low_map 56 C0 0.5 0.2 6.33
low_map 56 H6 0.5 0.2 58.67
low_map 57 C0 0.5 0.25 4.87
low_map 57 H6 0.5 0.25 55.03
low_map 58 C0 0.5 0.3 6.29
low_map 58 H6 0.5 0.3 71.57
low_map 59 C0 0.5 0.35 6.61
low_map 59 H6 0.5 0.35 68.98
low_map 60 C0 0.525 0.01 2.96
low_map 60 H6 0.525 0.01 16.88
low_map 61 C0 0.525 0.02 3.17
low_map 61 H6 0.525 0.02 48.67
low_map 62 C0 0.525 0.035 5.99
low_map 62 H6 0.525 0.035 50.76
low_map 63 C0 0.525 0.05 5.83
low_map 63 H6 0.525 0.05 58.19
low_map 64 C0 0.525 0.075 5.26
low_map 64 H6 0.525 0.075 75.14
low_map 65 C0 0.525 0.1 6.73
low_map 65 H6 0.525 0.1 58.9
low_map 66 C0 0.525 0.125 5.54
low_map 66 H6 0.525 0.125 64.35
low_map 67 C0 0.525 0.15 5.01
low_map 67 H6 0.525 0.15 68.15
low_map 68 C0 0.525 0.2 7.14
low_map 68 H6 0.525 0.2 77.69
low_map 69 C0 0.525 0.25 7.19
low_map 69 H6 0.525 0.25 51.3
low_map 70 C0 0.525 0.3 5.6
low_map 70 H6 0.525 0.3 58.42
low_map 71 C0 0.525 0.35 7.14
low_map 71 H6 0.525 0.35 72.03
low_map 72 C0 0.55 0.01 2.84
low_map 72 H6 0.55 0.01 13.72
low_map 73 C0 0.55 0.02 2.34
low_map 73 H6 0.55 0.02 19.38
low_map 74 C0 0.55 0.035 3.26
low_map 74 H6 0.55 0.035 50.84
low_map 75 C0 0.55 0.05 5.65
low_map 75 H6 0.55 0.05 54.31
low_map 76 C0 0.55 0.075 7.13
low_map 76 H6 0.55 0.075 81.16
low_map 77 C0 0.55 0.1 7.28
low_map 77 H6 0.55 0.1 130.39
low_map 78 C0 0.55 0.125 3.99
low_map 78 H6 0.55 0.125 82.45
low_map 79 C0 0.55 0.15 3.82
low_map 79 H6 0.55 0.15 56.8
low_map 80 C0 0.55 0.2 6.81
low_map 80 H6 0.55 0.2 53.65
low_map 81 C0 0.55 0.25 5.74
low_map 81 H6 0.55 0.25 52.74
low_map 82 C0 0.55 0.3 5.18
low_map 82 H6 0.55 0.3 55.83
low_map 83 C0 0.55 0.35 4.78
low_map 83 H6 0.55 0.35 46.11
low_map 84 C0 0.575 0.01 2.07
low_map 84 H6 0.575 0.01 26.32
low_map 85 C0 0.575 0.02 3.38
low_map 85 H6 0.575 0.02 10.32
low_map 86 C0 0.575 0.035 3.93
low_map 86 H6 0.575 0.035 36.08
low_map 87 C0 0.575 0.05 3.61
low_map 87 H6 0.575 0.05 52.96
low_map 88 C0 0.575 0.075 4.92
low_map 88 H6 0.575 0.075 73.16
low_map 89 C0 0.575 0.1 6.33
low_map 89 H6 0.575 0.1 98.15
low_map 90 C0 0.575 0.125 6.59
low_map 90 H6 0.575 0.125 88.32
low_map 91 C0 0.575 0.15 5.08
low_map 91 H6 0.575 0.15 135.41
low_map 92 C0 0.575 0.2 3.94
low_map 92 H6 0.575 0.2 58.35
low_map 93 C0 0.575 0.25 5.44
low_map 93 H6 0.575 0.25 63.13
low_map 94 C0 0.575 0.3 4.27
low_map 94 H6 0.575 0.3 47.48
low_map 95 C0 0.575 0.35 5.84
low_map 95 H6 0.575 0.35 45.15
low_map 96 C0 0.6 0.01 3.26
low_map 96 H6 0.6 0.01 9.38
low_map 97 C0 0.6 0.02 3.35
low_map 97 H6 0.6 0.02 17.0
low_map 98 C0 0.6 0.035 2.99
low_map 98 H6 0.6 0.035 26.99
low_map 99 C0 0.6 0.05 4.85
low_map 99 H6 0.6 0.05 49.2
low_map 100 C0 0.6 0.075 4.33
low_map 100 H6 0.6 0.075 52.19
low_map 101 C0 0.6 0.1 6.58
low_map 101 H6 0.6 0.1 85.29
low_map 102 C0 0.6 0.125 6.52
low_map 102 H6 0.6 0.125 108.97
low_map 103 C0 0.6 0.15 8.76
low_map 103 H6 0.6 0.15 141.0
low_map 104 C0 0.6 0.2 5.66
low_map 104 H6 0.6 0.2 63.62
low_map 105 C0 0.6 0.25 3.55
low_map 105 H6 0.6 0.25 62.03
low_map 106 C0 0.6 0.3 4.01
low_map 106 H6 0.6 0.3 63.44
low_map 107 C0 0.6 0.35 4.17
low_map 107 H6 0.6 0.35 38.91
