n12_window 0 C0 0.55 0.01 18.04
n12_window 0 C1 0.55 0.01 46.95
n12_window 0 H6 0.55 0.01 182.18
n12_window 1 C0 0.55 0.0125 28.73
n12_window 1 C1 0.55 0.0125 43.65
n12_window 1 H6 0.55 0.0125 155.78
n12_window 2 C0 0.55 0.025 15.58
n12_window 2 C1 0.55 0.025 46.37
n12_window 2 H6 0.55 0.025 79.06
n12_window 3 C0 0.55 0.0375 18.22
n12_window 3 C1 0.55 0.0375 51.05
n12_window 3 H6 0.55 0.0375 219.98
n12_window 4 C0 0.55 0.05 19.46
n12_window 4 C1 0.55 0.05 56.07
n12_window 4 H6 0.55 0.05 225.28
n12_window 5 C0 0.55 0.0625 13.11
n12_window 5 C1 0.55 0.0625 40.99
n12_window 5 H6 0.55 0.0625 241.33
n12_window 6 C0 0.55 0.075 18.1
n12_window 6 C1 0.55 0.075 52.83
n12_window 6 H6 0.55 0.075 394.01
n12_window 7 C0 0.55 0.0875 16.03
n12_window 7 C1 0.55 0.0875 44.83
n12_window 7 H6 0.55 0.0875 421.75
n12_window 8 C0 0.55 0.1 20.86
n12_window 8 C1 0.55 0.1 51.01
n12_window 8 H6 0.55 0.1 319.41
n12_window 9 C0 0.55 0.1125 16.49
n12_window 9 C1 0.55 0.1125 77.06
n12_window 9 H6 0.55 0.1125 380.19
n12_window 10 C0 0.55 0.125 12.49
n12_window 10 C1 0.55 0.125 45.49
n12_window 10 H6 0.55 0.125 395.7
n12_window 11 C0 0.55 0.1375 13.38
n12_window 11 C1 0.55 0.1375 44.2
n12_window 11 H6 0.55 0.1375 390.2
n12_window 12 C0 0.55 0.15 12.9
n12_window 12 C1 0.55 0.15 44.33
n12_window 12 H6 0.55 0.15 324.76
n12_window 13 C0 0.55 0.1625 19.73
n12_window 13 C1 0.55 0.1625 46.83
n12_window 13 H6 0.55 0.1625 316.25
n12_window 14 C0 0.55 0.175 20.75
n12_window 14 C1 0.55 0.175 38.09
n12_window 14 H6 0.55 0.175 247.64
n12_window 15 C0 0.55 0.1875 21.86
n12_window 15 C1 0.55 0.1875 34.64
n12_window 15 H6 0.55 0.1875 336.6
