map 0 H6 0.0 0.1 0.74
map 1 H6 0.0 0.2 1.24
map 2 H6 0.0 0.30000000000000004 1.76
map 3 H6 0.0 0.4 2.54
map 4 H6 0.0 0.5 3.37
map 5 H6 0.0 0.6000000000000001 2.43
map 6 H6 0.0 0.7000000000000001 2.5
map 7 H6 0.0 0.8 4.04
map 8 H6 0.0 0.9 4.69
map 9 H6 0.0 1.0 5.52
map 10 H6 0.0 1.1 5.54
map 11 H6 0.0 1.2000000000000002 6.79
map 12 H6 0.0 1.3 8.07
map 13 H6 0.0 1.4000000000000001 9.14
map 14 H6 0.0 1.5 8.98
map 15 H6 0.0 1.6 9.48
map 16 H6 0.0 1.7000000000000002 9.39
map 17 H6 0.0 1.8 8.39
map 18 H6 0.0 1.9000000000000001 8.24
map 19 H6 0.0 2.0 7.88
map 20 H6 0.05 0.1 0.89
map 21 H6 0.05 0.2 2.14
map 22 H6 0.05 0.30000000000000004 2.17
map 23 H6 0.05 0.4 4.17
map 24 H6 0.05 0.5 3.82
map 25 H6 0.05 0.6000000000000001 3.5
map 26 H6 0.05 0.7000000000000001 3.87
map 27 H6 0.05 0.8 3.98
map 28 H6 0.05 0.9 4.19
map 29 H6 0.05 1.0 5.58
map 30 H6 0.05 1.1 5.07
map 31 H6 0.05 1.2000000000000002 8.5
map 32 H6 0.05 1.3 7.8
map 33 H6 0.05 1.4000000000000001 8.06
map 34 H6 0.05 1.5 8.0
map 35 H6 0.05 1.6 8.75
map 36 H6 0.05 1.7000000000000002 9.91
map 37 H6 0.05 1.8 10.01
map 38 H6 0.05 1.9000000000000001 8.94
map 39 H6 0.05 2.0 8.95
map 40 H6 0.1 0.1 1.14
map 41 H6 0.1 0.2 2.19
map 42 H6 0.1 0.30000000000000004 3.79
map 43 H6 0.1 0.4 5.26
map 44 H6 0.1 0.5 3.79
map 45 H6 0.1 0.6000000000000001 3.75
map 46 H6 0.1 0.7000000000000001 4.03
map 47 H6 0.1 0.8 4.25
map 48 H6 0.1 0.9 6.33
map 49 H6 0.1 1.0 7.49
map 50 H6 0.1 1.1 7.54
map 51 H6 0.1 1.2000000000000002 8.27
map 52 H6 0.1 1.3 8.89
map 53 H6 0.1 1.4000000000000001 7.94
map 54 H6 0.1 1.5 11.03
map 55 H6 0.1 1.6 9.46
map 56 H6 0.1 1.7000000000000002 8.34
map 57 H6 0.1 1.8 8.56
map 58 H6 0.1 1.9000000000000001 6.29
map 59 H6 0.1 2.0 6.51
map 60 H6 0.15000000000000002 0.1 1.2
map 61 H6 0.15000000000000002 0.2 2.94
map 62 H6 0.15000000000000002 0.30000000000000004 4.05
map 63 H6 0.15000000000000002 0.4 4.94
map 64 H6 0.15000000000000002 0.5 4.43
map 65 H6 0.15000000000000002 0.6000000000000001 4.72
map 66 H6 0.15000000000000002 0.7000000000000001 4.49
map 67 H6 0.15000000000000002 0.8 8.32
map 68 H6 0.15000000000000002 0.9 7.64
map 69 H6 0.15000000000000002 1.0 10.11
map 70 H6 0.15000000000000002 1.1 12.24
map 71 H6 0.15000000000000002 1.2000000000000002 12.53
map 72 H6 0.15000000000000002 1.3 10.95
map 73 H6 0.15000000000000002 1.4000000000000001 9.37
map 74 H6 0.15000000000000002 1.5 10.15
map 75 H6 0.15000000000000002 1.6 7.36
map 76 H6 0.15000000000000002 1.7000000000000002 5.93
map 77 H6 0.15000000000000002 1.8 5.41
map 78 H6 0.15000000000000002 1.9000000000000001 5.71
map 79 H6 0.15000000000000002 2.0 6.25
map 80 H6 0.2 0.1 1.77
map 81 H6 0.2 0.2 5.25
map 82 H6 0.2 0.30000000000000004 6.57
map 83 H6 0.2 0.4 5.3
map 84 H6 0.2 0.5 5.75
map 85 H6 0.2 0.6000000000000001 5.65
map 86 H6 0.2 0.7000000000000001 6.32
map 87 H6 0.2 0.8 7.69
map 88 H6 0.2 0.9 10.08
map 89 H6 0.2 1.0 8.68
map 90 H6 0.2 1.1 6.84
map 91 H6 0.2 1.2000000000000002 8.56
map 92 H6 0.2 1.3 8.03
map 93 H6 0.2 1.4000000000000001 9.4
map 94 H6 0.2 1.5 10.04
map 95 H6 0.2 1.6 11.14
map 96 H6 0.2 1.7000000000000002 12.14
map 97 H6 0.2 1.8 10.79
map 98 H6 0.2 1.9000000000000001 10.36
map 99 H6 0.2 2.0 9.82
map 100 H6 0.25 0.1 2.01
map 101 H6 0.25 0.2 3.86
map 102 H6 0.25 0.30000000000000004 6.29
map 103 H6 0.25 0.4 5.01
map 104 H6 0.25 0.5 3.43
map 105 H6 0.25 0.6000000000000001 5.99
map 106 H6 0.25 0.7000000000000001 9.12
map 107 H6 0.25 0.8 7.81
map 108 H6 0.25 0.9 9.74
map 109 H6 0.25 1.0 8.78
map 110 H6 0.25 1.1 9.62
map 111 H6 0.25 1.2000000000000002 12.32
map 112 H6 0.25 1.3 13.42
map 113 H6 0.25 1.4000000000000001 14.43
map 114 H6 0.25 1.5 14.01
map 115 H6 0.25 1.6 15.33
map 116 H6 0.25 1.7000000000000002 13.29
map 117 H6 0.25 1.8 14.48
map 118 H6 0.25 1.9000000000000001 13.22
map 119 H6 0.25 2.0 13.31
map 120 H6 0.30000000000000004 0.1 3.52
map 121 H6 0.30000000000000004 0.2 6.64
map 122 H6 0.30000000000000004 0.30000000000000004 7.94
map 123 H6 0.30000000000000004 0.4 6.07
map 124 H6 0.30000000000000004 0.5 7.64
map 125 H6 0.30000000000000004 0.6000000000000001 9.24
map 126 H6 0.30000000000000004 0.7000000000000001 9.34
map 127 H6 0.30000000000000004 0.8 10.83
map 128 H6 0.30000000000000004 0.9 12.35
map 129 H6 0.30000000000000004 1.0 13.53
map 130 H6 0.30000000000000004 1.1 14.58
map 131 H6 0.30000000000000004 1.2000000000000002 13.71
map 132 H6 0.30000000000000004 1.3 14.88
map 133 H6 0.30000000000000004 1.4000000000000001 14.25
map 134 H6 0.30000000000000004 1.5 15.24
map 135 H6 0.30000000000000004 1.6 14.89
map 136 H6 0.30000000000000004 1.7000000000000002 13.99
map 137 H6 0.30000000000000004 1.8 13.95
map 138 H6 0.30000000000000004 1.9000000000000001 15.62
map 139 H6 0.30000000000000004 2.0 14.93
map 140 H6 0.35000000000000003 0.1 4.62
map 141 H6 0.35000000000000003 0.2 9.16
map 142 H6 0.35000000000000003 0.30000000000000004 9.03
map 143 H6 0.35000000000000003 0.4 10.75
map 144 H6 0.35000000000000003 0.5 7.95
map 145 H6 0.35000000000000003 0.6000000000000001 10.54
map 146 H6 0.35000000000000003 0.7000000000000001 10.31
map 147 H6 0.35000000000000003 0.8 12.15
map 148 H6 0.35000000000000003 0.9 16.16
map 149 H6 0.35000000000000003 1.0 15.37
map 150 H6 0.35000000000000003 1.1 14.86
map 151 H6 0.35000000000000003 1.2000000000000002 14.64
map 152 H6 0.35000000000000003 1.3 14.56
map 153 H6 0.35000000000000003 1.4000000000000001 14.38
map 154 H6 0.35000000000000003 1.5 14.83
map 155 H6 0.35000000000000003 1.6 13.88
map 156 H6 0.35000000000000003 1.7000000000000002 13.85
map 157 H6 0.35000000000000003 1.8 13.11
map 158 H6 0.35000000000000003 1.9000000000000001 12.27
map 159 H6 0.35000000000000003 2.0 13.08
map 160 H6 0.4 0.1 65.7
map 161 H6 0.4 0.2 58.61
map 162 H6 0.4 0.30000000000000004 80.03
map 163 H6 0.4 0.4 11.47
map 164 H6 0.4 0.5 9.86
map 165 H6 0.4 0.6000000000000001 12.68
map 166 H6 0.4 0.7000000000000001 13.14
map 167 H6 0.4 0.8 13.73
map 168 H6 0.4 0.9 15.89
map 169 H6 0.4 1.0 14.99
map 170 H6 0.4 1.1 13.06
map 171 H6 0.4 1.2000000000000002 15.08
map 172 H6 0.4 1.3 14.31
map 173 H6 0.4 1.4000000000000001 14.24
map 174 H6 0.4 1.5 14.38
map 175 H6 0.4 1.6 13.75
map 176 H6 0.4 1.7000000000000002 13.57
map 177 H6 0.4 1.8 12.33
map 178 H6 0.4 1.9000000000000001 13.83
map 179 H6 0.4 2.0 12.16
map 180 H6 0.45 0.1 80.57
map 181 H6 0.45 0.2 74.49
map 182 H6 0.45 0.30000000000000004 91.64
map 183 H6 0.45 0.4 11.44
map 184 H6 0.45 0.5 12.41
map 185 H6 0.45 0.6000000000000001 12.27
map 186 H6 0.45 0.7000000000000001 14.51
map 187 H6 0.45 0.8 12.27
map 188 H6 0.45 0.9 12.87
map 189 H6 0.45 1.0 13.49
map 190 H6 0.45 1.1 15.44
map 191 H6 0.45 1.2000000000000002 14.62
map 192 H6 0.45 1.3 13.65
map 193 H6 0.45 1.4000000000000001 12.93
map 194 H6 0.45 1.5 13.87
map 195 H6 0.45 1.6 13.26
map 196 H6 0.45 1.7000000000000002 13.41
map 197 H6 0.45 1.8 15.88
map 198 H6 0.45 1.9000000000000001 14.61
map 199 H6 0.45 2.0 13.58
map 200 H6 0.5 0.1 65.55
map 201 H6 0.5 0.2 58.67
map 202 H6 0.5 0.30000000000000004 97.22
map 203 H6 0.5 0.4 8.24
map 204 H6 0.5 0.5 11.6
map 205 H6 0.5 0.6000000000000001 11.14
map 206 H6 0.5 0.7000000000000001 12.47
map 207 H6 0.5 0.8 11.67
map 208 H6 0.5 0.9 12.27
map 209 H6 0.5 1.0 11.91
map 210 H6 0.5 1.1 12.71
map 211 H6 0.5 1.2000000000000002 12.84
map 212 H6 0.5 1.3 12.0
map 213 H6 0.5 1.4000000000000001 12.48
map 214 H6 0.5 1.5 12.61
map 215 H6 0.5 1.6 13.17
map 216 H6 0.5 1.7000000000000002 12.42
map 217 H6 0.5 1.8 12.63
map 218 H6 0.5 1.9000000000000001 11.75
map 219 H6 0.5 2.0 13.76
map 220 H6 0.55 0.1 130.39
map 221 H6 0.55 0.2 53.65
map 222 H6 0.55 0.30000000000000004 54.92
map 223 H6 0.55 0.4 9.06
map 224 H6 0.55 0.5 10.75
map 225 H6 0.55 0.6000000000000001 11.29
map 226 H6 0.55 0.7000000000000001 10.31
map 227 H6 0.55 0.8 10.8
map 228 H6 0.55 0.9 13.67
map 229 H6 0.55 1.0 12.5
map 230 H6 0.55 1.1 13.37
map 231 H6 0.55 1.2000000000000002 14.62
map 232 H6 0.55 1.3 14.3
map 233 H6 0.55 1.4000000000000001 14.21
map 234 H6 0.55 1.5 13.81
map 235 H6 0.55 1.6 12.6
map 236 H6 0.55 1.7000000000000002 12.0
map 237 H6 0.55 1.8 13.17
map 238 H6 0.55 1.9000000000000001 12.37
map 239 H6 0.55 2.0 11.97
map 240 H6 0.6000000000000001 0.1 151.32
map 241 H6 0.6000000000000001 0.2 128.14
map 242 H6 0.6000000000000001 0.30000000000000004 88.73
map 243 H6 0.6000000000000001 0.4 8.01
map 244 H6 0.6000000000000001 0.5 12.04
map 245 H6 0.6000000000000001 0.6000000000000001 12.52
map 246 H6 0.6000000000000001 0.7000000000000001 9.83
map 247 H6 0.6000000000000001 0.8 12.78
map 248 H6 0.6000000000000001 0.9 10.63
map 249 H6 0.6000000000000001 1.0 8.43
map 250 H6 0.6000000000000001 1.1 10.92
map 251 H6 0.6000000000000001 1.2000000000000002 11.53
map 252 H6 0.6000000000000001 1.3 13.22
map 253 H6 0.6000000000000001 1.4000000000000001 13.94
map 254 H6 0.6000000000000001 1.5 12.45
map 255 H6 0.6000000000000001 1.6 13.21
map 256 H6 0.6000000000000001 1.7000000000000002 13.79
map 257 H6 0.6000000000000001 1.8 13.08
map 258 H6 0.6000000000000001 1.9000000000000001 13.78
map 259 H6 0.6000000000000001 2.0 12.63
map 260 H6 0.65 0.1 6.24
map 261 H6 0.65 0.2 6.51
map 262 H6 0.65 0.30000000000000004 8.44
map 263 H6 0.65 0.4 4.27
map 264 H6 0.65 0.5 8.21
map 265 H6 0.65 0.6000000000000001 8.57
map 266 H6 0.65 0.7000000000000001 7.09
map 267 H6 0.65 0.8 9.97
map 268 H6 0.65 0.9 11.06
map 269 H6 0.65 1.0 11.44
map 270 H6 0.65 1.1 10.98
map 271 H6 0.65 1.2000000000000002 10.48
map 272 H6 0.65 1.3 11.14
map 273 H6 0.65 1.4000000000000001 12.37
map 274 H6 0.65 1.5 11.34
map 275 H6 0.65 1.6 15.47
map 276 H6 0.65 1.7000000000000002 12.69
map 277 H6 0.65 1.8 11.84
map 278 H6 0.65 1.9000000000000001 12.79
map 279 H6 0.65 2.0 12.61
map 280 H6 0.7000000000000001 0.1 3.7
map 281 H6 0.7000000000000001 0.2 6.28
map 282 H6 0.7000000000000001 0.30000000000000004 6.59
map 283 H6 0.7000000000000001 0.4 3.99
map 284 H6 0.7000000000000001 0.5 3.49
map 285 H6 0.7000000000000001 0.6000000000000001 4.87
map 286 H6 0.7000000000000001 0.7000000000000001 5.09
map 287 H6 0.7000000000000001 0.8 5.28
map 288 H6 0.7000000000000001 0.9 6.82
map 289 H6 0.7000000000000001 1.0 7.95
map 290 H6 0.7000000000000001 1.1 7.45
map 291 H6 0.7000000000000001 1.2000000000000002 8.42
map 292 H6 0.7000000000000001 1.3 9.24
map 293 H6 0.7000000000000001 1.4000000000000001 10.62
map 294 H6 0.7000000000000001 1.5 9.31
map 295 H6 0.7000000000000001 1.6 10.16
map 296 H6 0.7000000000000001 1.7000000000000002 9.69
map 297 H6 0.7000000000000001 1.8 10.68
map 298 H6 0.7000000000000001 1.9000000000000001 10.91
map 299 H6 0.7000000000000001 2.0 11.45
map 300 H6 0.75 0.1 3.6
map 301 H6 0.75 0.2 6.41
map 302 H6 0.75 0.30000000000000004 5.37
map 303 H6 0.75 0.4 3.17
map 304 H6 0.75 0.5 4.18
map 305 H6 0.75 0.6000000000000001 3.62
map 306 H6 0.75 0.7000000000000001 7.23
map 307 H6 0.75 0.8 7.11
map 308 H6 0.75 0.9 5.95
map 309 H6 0.75 1.0 7.67
map 310 H6 0.75 1.1 8.17
map 311 H6 0.75 1.2000000000000002 8.23
map 312 H6 0.75 1.3 9.02
map 313 H6 0.75 1.4000000000000001 10.95
map 314 H6 0.75 1.5 9.86
map 315 H6 0.75 1.6 9.7
map 316 H6 0.75 1.7000000000000002 9.72
map 317 H6 0.75 1.8 10.89
map 318 H6 0.75 1.9000000000000001 11.23
map 319 H6 0.75 2.0 11.34
map 320 H6 0.8 0.1 4.44
map 321 H6 0.8 0.2 3.6
map 322 H6 0.8 0.30000000000000004 5.02
map 323 H6 0.8 0.4 4.33
map 324 H6 0.8 0.5 3.13
map 325 H6 0.8 0.6000000000000001 4.04
map 326 H6 0.8 0.7000000000000001 4.64
map 327 H6 0.8 0.8 5.03
map 328 H6 0.8 0.9 6.25
map 329 H6 0.8 1.0 6.25
map 330 H6 0.8 1.1 6.41
map 331 H6 0.8 1.2000000000000002 8.85
map 332 H6 0.8 1.3 10.32
map 333 H6 0.8 1.4000000000000001 9.63
map 334 H6 0.8 1.5 10.1
map 335 H6 0.8 1.6 9.91
map 336 H6 0.8 1.7000000000000002 9.94
map 337 H6 0.8 1.8 11.24
map 338 H6 0.8 1.9000000000000001 11.71
map 339 H6 0.8 2.0 10.66
map 340 H6 0.8500000000000001 0.1 2.88
map 341 H6 0.8500000000000001 0.2 2.99
map 342 H6 0.8500000000000001 0.30000000000000004 5.02
map 343 H6 0.8500000000000001 0.4 5.16
map 344 H6 0.8500000000000001 0.5 3.81
map 345 H6 0.8500000000000001 0.6000000000000001 4.26
map 346 H6 0.8500000000000001 0.7000000000000001 4.13
map 347 H6 0.8500000000000001 0.8 3.96
map 348 H6 0.8500000000000001 0.9 4.09
map 349 H6 0.8500000000000001 1.0 5.39
map 350 H6 0.8500000000000001 1.1 6.4
map 351 H6 0.8500000000000001 1.2000000000000002 6.37
map 352 H6 0.8500000000000001 1.3 6.82
map 353 H6 0.8500000000000001 1.4000000000000001 8.28
map 354 H6 0.8500000000000001 1.5 8.5
map 355 H6 0.8500000000000001 1.6 8.46
map 356 H6 0.8500000000000001 1.7000000000000002 9.96
map 357 H6 0.8500000000000001 1.8 9.61
map 358 H6 0.8500000000000001 1.9000000000000001 9.98
map 359 H6 0.8500000000000001 2.0 10.54
map 360 H6 0.9 0.1 1.36
map 361 H6 0.9 0.2 2.63
map 362 H6 0.9 0.30000000000000004 5.04
map 363 H6 0.9 0.4 4.73
map 364 H6 0.9 0.5 4.57
map 365 H6 0.9 0.6000000000000001 3.27
map 366 H6 0.9 0.7000000000000001 3.59
map 367 H6 0.9 0.8 3.42
map 368 H6 0.9 0.9 3.4
map 369 H6 0.9 1.0 4.26
map 370 H6 0.9 1.1 4.11
map 371 H6 0.9 1.2000000000000002 5.33
map 372 H6 0.9 1.3 6.8
map 373 H6 0.9 1.4000000000000001 7.63
map 374 H6 0.9 1.5 8.13
map 375 H6 0.9 1.6 9.31
map 376 H6 0.9 1.7000000000000002 8.4
map 377 H6 0.9 1.8 10.24
map 378 H6 0.9 1.9000000000000001 8.43
map 379 H6 0.9 2.0 10.08
map 380 H6 0.9500000000000001 0.1 1.25
map 381 H6 0.9500000000000001 0.2 2.8
map 382 H6 0.9500000000000001 0.30000000000000004 4.33
map 383 H6 0.9500000000000001 0.4 4.9
map 384 H6 0.9500000000000001 0.5 4.06
map 385 H6 0.9500000000000001 0.6000000000000001 4.16
map 386 H6 0.9500000000000001 0.7000000000000001 3.89
map 387 H6 0.9500000000000001 0.8 2.9
map 388 H6 0.9500000000000001 0.9 4.17
map 389 H6 0.9500000000000001 1.0 3.95
map 390 H6 0.9500000000000001 1.1 3.77
map 391 H6 0.9500000000000001 1.2000000000000002 5.17
map 392 H6 0.9500000000000001 1.3 5.43
map 393 H6 0.9500000000000001 1.4000000000000001 6.42
map 394 H6 0.9500000000000001 1.5 6.03
map 395 H6 0.9500000000000001 1.6 8.67
map 396 H6 0.9500000000000001 1.7000000000000002 7.14
map 397 H6 0.9500000000000001 1.8 9.75
map 398 H6 0.9500000000000001 1.9000000000000001 8.88
map 399 H6 0.9500000000000001 2.0 8.93
map 400 H6 1.0 0.1 1.28
map 401 H6 1.0 0.2 2.38
map 402 H6 1.0 0.30000000000000004 2.82
map 403 H6 1.0 0.4 3.69
map 404 H6 1.0 0.5 3.32
map 405 H6 1.0 0.6000000000000001 4.44
map 406 H6 1.0 0.7000000000000001 3.73
map 407 H6 1.0 0.8 2.95
map 408 H6 1.0 0.9 3.8
map 409 H6 1.0 1.0 4.37
map 410 H6 1.0 1.1 5.1
map 411 H6 1.0 1.2000000000000002 3.38
map 412 H6 1.0 1.3 5.74
map 413 H6 1.0 1.4000000000000001 5.19
map 414 H6 1.0 1.5 5.42
map 415 H6 1.0 1.6 7.09
map 416 H6 1.0 1.7000000000000002 8.78
map 417 H6 1.0 1.8 8.28
map 418 H6 1.0 1.9000000000000001 9.59
map 419 H6 1.0 2.0 9.07
