map 1
map 2
map 3
map 4
map 5
map 6
map 7
map 8
map 9
map 10
map 11
map 12
map 13
map 14
map 15
map 16
map 17
map 18
map 19
map 20
map 21
map 22
map 23
map 24
map 25
map 26
map 27
map 28
map 29
map 30
map 31
map 32
map 33
map 34
map 35
map 36
map 37
map 38
map 39
map 40
map 41
map 42
map 43
map 44
map 45
map 46
map 47
map 48
map 49
map 50
map 51
map 52
map 53
map 54
map 55
map 56
map 57
map 58
map 59
map 60
map 61
map 62
map 63
map 64
map 65
map 66
map 67
map 68
map 69
map 70
map 71
map 72
map 73
map 74
map 75
map 76
map 77
map 78
map 79
map 80
map 81
map 82
map 83
map 84
map 85
map 86
map 87
map 88
map 89
map 90
map 91
map 92
map 93
map 94
map 95
map 96
map 97
map 98
map 99
map 100
map 101
map 102
map 103
map 104
map 105
map 106
map 107
map 108
map 109
map 110
map 111
map 112
map 113
map 114
map 115
map 116
map 117
map 118
map 119
map 120
map 121
map 122
map 123
map 124
map 125
map 126
map 127
map 128
map 129
map 130
map 131
map 132
map 133
map 134
map 135
map 136
map 137
map 138
map 139
map 140
map 141
map 142
map 143
map 144
map 145
map 146
map 147
map 148
map 149
map 150
map 151
map 152
map 153
map 154
map 155
map 156
map 157
map 158
map 159
map 160
map 161
map 162
map 163
map 164
map 165
map 166
map 167
map 168
map 169
map 170
map 171
map 172
map 173
map 174
map 175
map 176
map 177
map 178
map 179
map 180
map 181
map 182
map 183
map 184
map 185
map 186
map 187
map 188
map 189
map 190
map 191
map 192
map 193
map 194
map 195
map 196
map 197
map 198
map 199
map 200
map 201
map 202
map 203
map 204
map 205
map 206
map 207
map 208
map 209
map 210
map 211
map 212
map 213
map 214
map 215
map 216
map 217
map 218
map 219
map 220
map 221
map 222
map 223
map 224
map 225
map 226
map 227
map 228
map 229
map 230
map 231
map 232
map 233
map 234
map 235
map 236
map 237
map 238
map 239
map 240
map 241
map 242
map 243
map 244
map 245
map 246
map 247
map 248
map 249
map 250
map 251
map 252
map 253
map 254
map 255
map 256
map 257
map 258
map 259
map 260
map 261
map 262
map 263
map 264
map 265
map 266
map 267
map 268
map 269
map 270
map 271
map 272
map 273
map 274
map 275
map 276
map 277
map 278
map 279
map 280
map 281
map 282
map 283
map 284
map 285
map 286
map 287
map 288
map 289
map 290
map 291
map 292
map 293
map 294
map 295
map 296
map 297
map 298
map 299
map 300
map 301
map 302
map 303
map 304
map 305
map 306
map 307
map 308
map 309
map 310
map 311
map 312
map 313
map 314
map 315
map 316
map 317
map 318
map 319
map 320
map 321
map 322
map 323
map 324
map 325
map 326
map 327
map 328
map 329
map 330
map 331
map 332
map 333
map 334
map 335
map 336
map 337
map 338
map 339
map 340
map 341
map 342
map 343
map 344
map 345
map 346
map 347
map 348
map 349
map 350
map 351
map 352
map 353
map 354
map 355
map 356
map 357
map 358
map 359
map 360
map 361
map 362
map 363
map 364
map 365
map 366
map 367
map 368
map 369
map 370
map 371
map 372
map 373
map 374
map 375
map 376
map 377
map 378
map 379
map 380
map 381
map 382
map 383
map 384
map 385
map 386
map 387
map 388
map 389
map 390
map 391
map 392
map 393
map 394
map 395
map 396
map 397
map 398
map 399
map 400
map 401
map 402
map 403
map 404
map 405
map 406
map 407
map 408
map 409
map 410
map 411
map 412
map 413
map 414
map 415
map 416
map 417
map 418
map 419
map 420
