development 1 8.4
development 2 8.45
development 3 5.34
development 4 3.32
development 5 5.02
development 6 0.11
development 7 0.23
development 8 10.75
development 9 9.49
development 10 10.75
development 11 3.78
development 12 4.09
development 13 6.48
development 14 9.37
development 15 10.03
development 16 10.64
development 17 8.2
development 18 8.88
development 19 7.86
development 20 8.04
development 21 5.04
development 22 7.82
development 23 10.71
development 24 8.57
development 25 0.9
development 26 10.48
development 27 2.94
development 28 9.29
development 29 1.93
development 30 13.97
development 31 12.42
development 32 7.25
development 33 12.82
development 34 3.12
development 35 9.17
development 36 1.3
