{
  "timestamp": "2026-09-23T05:57:13.270022+00:00",
  "run_id": "stage6_20260922T221830Z",
  "started": "2026-09-22T22:18:30.473067+00:00",
  "deadline": "2026-09-23T10:18:30.473067+00:00",
  "elapsed_wall_seconds": 27522.796985,
  "summary": {
    "new_candidate_optimization": {
      "unique_records": 3215,
      "coordinates": 443,
      "records_without_timing": 0,
      "summed_record_seconds": 32211.749109465687,
      "nfev": 42618749,
      "iterations": 38599752,
      "pool_gradients": 13062105,
      "simulated_shots": 0,
      "gate_weighted_simulated_shots": 0
    },
    "B3_optimization": {
      "unique_records": 1270,
      "coordinates": 378,
      "records_without_timing": 0,
      "summed_record_seconds": 3305.235379434249,
      "nfev": 5450083,
      "iterations": 5068872,
      "pool_gradients": 2945088,
      "simulated_shots": 0,
      "gate_weighted_simulated_shots": 0
    },
    "fixed_energy_restart": {
      "unique_records": 216,
      "coordinates": 36,
      "records_without_timing": 0,
      "summed_record_seconds": 275.7645695038955,
      "nfev": 296729,
      "iterations": 279073,
      "pool_gradients": 0,
      "simulated_shots": 0,
      "gate_weighted_simulated_shots": 0
    },
    "oracle_fidelity_fit_not_deployable": {
      "unique_records": 24,
      "coordinates": 12,
      "records_without_timing": 0,
      "summed_record_seconds": 22.860883500776254,
      "nfev": 23604,
      "iterations": 22030,
      "pool_gradients": 0,
      "simulated_shots": 0,
      "gate_weighted_simulated_shots": 0
    },
    "energy_continuation": {
      "unique_records": 72,
      "coordinates": 36,
      "records_without_timing": 0,
      "summed_record_seconds": 45.67703741492005,
      "nfev": 45845,
      "iterations": 42751,
      "pool_gradients": 0,
      "simulated_shots": 0,
      "gate_weighted_simulated_shots": 0
    },
    "ED_reference": {
      "unique_records": 1513,
      "coordinates": 1513,
      "records_without_timing": 0,
      "summed_record_seconds": 7.699917844845913,
      "nfev": 0,
      "iterations": 0,
      "pool_gradients": 0,
      "simulated_shots": 0,
      "gate_weighted_simulated_shots": 0
    },
    "density_and_measurement_probabilities": {
      "unique_records": 5113,
      "coordinates": 213,
      "records_without_timing": 0,
      "summed_record_seconds": 3883.3843641742133,
      "nfev": 0,
      "iterations": 0,
      "pool_gradients": 0,
      "simulated_shots": 0,
      "gate_weighted_simulated_shots": 0
    },
    "finite_measurement": {
      "unique_records": 4942,
      "coordinates": 205,
      "records_without_timing": 0,
      "summed_record_seconds": 214.22225978673669,
      "nfev": 0,
      "iterations": 0,
      "pool_gradients": 0,
      "simulated_shots": 12767040000,
      "gate_weighted_simulated_shots": 2180940703744
    },
    "ideal_ED_measurement": {
      "unique_records": 163,
      "coordinates": 163,
      "records_without_timing": 163,
      "summed_record_seconds": 0,
      "nfev": 0,
      "iterations": 0,
      "pool_gradients": 0,
      "simulated_shots": 573760000,
      "gate_weighted_simulated_shots": 0
    },
    "MPS": {
      "unique_records": 78,
      "coordinates": 49,
      "records_without_timing": 0,
      "summed_record_seconds": 11211.645466666145,
      "nfev": 0,
      "iterations": 0,
      "pool_gradients": 0,
      "simulated_shots": 0,
      "gate_weighted_simulated_shots": 0
    },
    "fresh_HVA_control": {
      "unique_records": 47,
      "coordinates": 47,
      "records_without_timing": 0,
      "summed_record_seconds": 19.587599301186856,
      "nfev": 53539,
      "iterations": 48099,
      "pool_gradients": 0,
      "simulated_shots": 0,
      "gate_weighted_simulated_shots": 0
    },
    "oracle_binary_query": {
      "unique_records": 84,
      "coordinates": 1,
      "records_without_timing": 0,
      "summed_record_seconds": 54.84156211721711,
      "nfev": 0,
      "iterations": 0,
      "pool_gradients": 0,
      "simulated_shots": 5967360000,
      "gate_weighted_simulated_shots": 624974400000
    }
  },
  "incomplete_execution_records": {
    "results/stage6_v1/floating_boundary_scan/bounded_failures.json": [],
    "results/stage6_v1/floating_boundary_scan/followup_failures.json": [],
    "results/stage6_v1/floating_boundary_scan/controls_failures.json": [
      {
        "arguments": {
          "n": 128,
          "k": 0.8,
          "h": 0.35,
          "chi": 512,
          "initial": "plus",
          "sweeps": 24,
          "max_seconds": 600,
          "resume": "results/stage6_v1/floating_boundary_scan/cache/1dc156606ebdad12cbb2d5d73f5c2d0ff688c16c4f62910834583b0d999ab055.pkl"
        },
        "error": "Command '['.venv-tn/bin/python', 'scripts/run_stage6_mps_bounded.py', '--jobfile', 'results/stage6_v1/floating_boundary_scan/control_jobs/a9106f74931f6150c31b1305720cabc199778edb910422776843b6ea2fc71f4d.job.json']' timed out after 779.9999567090417 seconds",
        "disposition": "executed_incomplete"
      }
    ]
  },
  "scope": "Unique archived execution records. Sum of individual measured seconds is not elapsed wall time and does not include all orchestration/plotting/test overhead or incomplete runs without a final archive. Those failure records are retained separately here; unavailable timings are not zero. Reused H6 components are counted once. Derived quadratic ZNE estimates add zero quantum samples. All shots are classical simulator draws, not hardware execution.",
  "resources": {
    "max_heavy_processes": 2,
    "working_memory_cap_bytes": 6442450944,
    "blas_threads_requested": 1,
    "cpus": 10,
    "disk_free": 314048851968
  }
}
