{
  "timestamp": "2026-09-23T07:06:19.223657+00:00",
  "run_id": "stage6_20260922T221830Z",
  "started": "2026-09-22T22:18:30.473067+00:00",
  "deadline": "2026-09-23T10:18:30.473067+00:00",
  "elapsed_wall_seconds": 31668.750603,
  "summary": {
    "new_candidate_optimization": {
      "unique_records": 4289,
      "coordinates": 778,
      "coordinate_count_scope": "Distinct complete literal(n,kappa,h) tuples; not repeated shots. Pair-only records have no single-coordinate count.",
      "coordinate_groups_14_decimals_reporting_only": 762,
      "records_without_single_coordinate": 0,
      "records_without_timing": 0,
      "summed_record_seconds": 37354.287802516075,
      "nfev": 50603432,
      "iterations": 46066432,
      "pool_gradients": 15999810,
      "simulated_shots": 0,
      "gate_weighted_simulated_shots": 0
    },
    "B3_optimization": {
      "unique_records": 1270,
      "coordinates": 378,
      "coordinate_count_scope": "Distinct complete literal(n,kappa,h) tuples; not repeated shots. Pair-only records have no single-coordinate count.",
      "coordinate_groups_14_decimals_reporting_only": 378,
      "records_without_single_coordinate": 0,
      "records_without_timing": 0,
      "summed_record_seconds": 3305.235379434249,
      "nfev": 5450083,
      "iterations": 5068872,
      "pool_gradients": 2945088,
      "simulated_shots": 0,
      "gate_weighted_simulated_shots": 0
    },
    "fixed_energy_restart": {
      "unique_records": 216,
      "coordinates": 36,
      "coordinate_count_scope": "Distinct complete literal(n,kappa,h) tuples; not repeated shots. Pair-only records have no single-coordinate count.",
      "coordinate_groups_14_decimals_reporting_only": 36,
      "records_without_single_coordinate": 0,
      "records_without_timing": 0,
      "summed_record_seconds": 275.7645695038955,
      "nfev": 296729,
      "iterations": 279073,
      "pool_gradients": 0,
      "simulated_shots": 0,
      "gate_weighted_simulated_shots": 0
    },
    "oracle_fidelity_fit_not_deployable": {
      "unique_records": 24,
      "coordinates": 12,
      "coordinate_count_scope": "Distinct complete literal(n,kappa,h) tuples; not repeated shots. Pair-only records have no single-coordinate count.",
      "coordinate_groups_14_decimals_reporting_only": 12,
      "records_without_single_coordinate": 0,
      "records_without_timing": 0,
      "summed_record_seconds": 22.860883500776254,
      "nfev": 23604,
      "iterations": 22030,
      "pool_gradients": 0,
      "simulated_shots": 0,
      "gate_weighted_simulated_shots": 0
    },
    "energy_continuation": {
      "unique_records": 72,
      "coordinates": 36,
      "coordinate_count_scope": "Distinct complete literal(n,kappa,h) tuples; not repeated shots. Pair-only records have no single-coordinate count.",
      "coordinate_groups_14_decimals_reporting_only": 36,
      "records_without_single_coordinate": 0,
      "records_without_timing": 0,
      "summed_record_seconds": 45.67703741492005,
      "nfev": 45845,
      "iterations": 42751,
      "pool_gradients": 0,
      "simulated_shots": 0,
      "gate_weighted_simulated_shots": 0
    },
    "ED_reference": {
      "unique_records": 1513,
      "coordinates": 1513,
      "coordinate_count_scope": "Distinct complete literal(n,kappa,h) tuples; not repeated shots. Pair-only records have no single-coordinate count.",
      "coordinate_groups_14_decimals_reporting_only": 1513,
      "records_without_single_coordinate": 0,
      "records_without_timing": 0,
      "summed_record_seconds": 7.699917844845913,
      "nfev": 0,
      "iterations": 0,
      "pool_gradients": 0,
      "simulated_shots": 0,
      "gate_weighted_simulated_shots": 0
    },
    "density_and_measurement_probabilities": {
      "unique_records": 5817,
      "coordinates": 266,
      "coordinate_count_scope": "Distinct complete literal(n,kappa,h) tuples; not repeated shots. Pair-only records have no single-coordinate count.",
      "coordinate_groups_14_decimals_reporting_only": 253,
      "records_without_single_coordinate": 0,
      "records_without_timing": 0,
      "summed_record_seconds": 6982.35802391835,
      "nfev": 0,
      "iterations": 0,
      "pool_gradients": 0,
      "simulated_shots": 0,
      "gate_weighted_simulated_shots": 0
    },
    "finite_measurement": {
      "unique_records": 5652,
      "coordinates": 260,
      "coordinate_count_scope": "Distinct complete literal(n,kappa,h) tuples; not repeated shots. Pair-only records have no single-coordinate count.",
      "coordinate_groups_14_decimals_reporting_only": 247,
      "records_without_single_coordinate": 0,
      "records_without_timing": 0,
      "summed_record_seconds": 239.39892070385395,
      "nfev": 0,
      "iterations": 0,
      "pool_gradients": 0,
      "simulated_shots": 14481280000,
      "gate_weighted_simulated_shots": 2504855319040
    },
    "ideal_ED_measurement": {
      "unique_records": 175,
      "coordinates": 175,
      "coordinate_count_scope": "Distinct complete literal(n,kappa,h) tuples; not repeated shots. Pair-only records have no single-coordinate count.",
      "coordinate_groups_14_decimals_reporting_only": 175,
      "records_without_single_coordinate": 0,
      "records_without_timing": 175,
      "summed_record_seconds": 0,
      "nfev": 0,
      "iterations": 0,
      "pool_gradients": 0,
      "simulated_shots": 616000000,
      "gate_weighted_simulated_shots": 0
    },
    "MPS": {
      "unique_records": 78,
      "coordinates": 49,
      "coordinate_count_scope": "Distinct complete literal(n,kappa,h) tuples; not repeated shots. Pair-only records have no single-coordinate count.",
      "coordinate_groups_14_decimals_reporting_only": 49,
      "records_without_single_coordinate": 0,
      "records_without_timing": 0,
      "summed_record_seconds": 11211.645466666145,
      "nfev": 0,
      "iterations": 0,
      "pool_gradients": 0,
      "simulated_shots": 0,
      "gate_weighted_simulated_shots": 0
    },
    "fresh_HVA_control": {
      "unique_records": 47,
      "coordinates": 47,
      "coordinate_count_scope": "Distinct complete literal(n,kappa,h) tuples; not repeated shots. Pair-only records have no single-coordinate count.",
      "coordinate_groups_14_decimals_reporting_only": 47,
      "records_without_single_coordinate": 0,
      "records_without_timing": 0,
      "summed_record_seconds": 19.587599301186856,
      "nfev": 53539,
      "iterations": 48099,
      "pool_gradients": 0,
      "simulated_shots": 0,
      "gate_weighted_simulated_shots": 0
    },
    "oracle_binary_query": {
      "unique_records": 84,
      "coordinates": 0,
      "coordinate_count_scope": "Distinct complete literal(n,kappa,h) tuples; not repeated shots. Pair-only records have no single-coordinate count.",
      "coordinate_groups_14_decimals_reporting_only": 0,
      "records_without_single_coordinate": 84,
      "records_without_timing": 0,
      "summed_record_seconds": 54.84156211721711,
      "nfev": 0,
      "iterations": 0,
      "pool_gradients": 0,
      "simulated_shots": 5967360000,
      "gate_weighted_simulated_shots": 624974400000
    }
  },
  "incomplete_execution_records": {
    "results/stage6_v1/floating_boundary_scan/bounded_failures.json": [],
    "results/stage6_v1/floating_boundary_scan/followup_failures.json": [],
    "results/stage6_v1/floating_boundary_scan/controls_failures.json": [
      {
        "arguments": {
          "n": 128,
          "k": 0.8,
          "h": 0.35,
          "chi": 512,
          "initial": "plus",
          "sweeps": 24,
          "max_seconds": 600,
          "resume": "results/stage6_v1/floating_boundary_scan/cache/1dc156606ebdad12cbb2d5d73f5c2d0ff688c16c4f62910834583b0d999ab055.pkl"
        },
        "error": "Command '['.venv-tn/bin/python', 'scripts/run_stage6_mps_bounded.py', '--jobfile', 'results/stage6_v1/floating_boundary_scan/control_jobs/a9106f74931f6150c31b1305720cabc199778edb910422776843b6ea2fc71f4d.job.json']' timed out after 779.9999567090417 seconds",
        "disposition": "executed_incomplete"
      }
    ]
  },
  "scope": "Unique archived execution records. Sum of individual measured seconds is not elapsed wall time and does not include all orchestration/plotting/test overhead or incomplete runs without a final archive. Those failure records are retained separately here; unavailable timings are not zero. Reused H6 components are counted once. Derived quadratic ZNE estimates add zero quantum samples. All shots are classical simulator draws, not hardware execution.",
  "resources": {
    "max_heavy_processes": 2,
    "working_memory_cap_bytes": 6442450944,
    "blas_threads_requested": 1,
    "cpus": 10,
    "disk_free": 314048851968
  }
}
