{
  "status": "PASS",
  "environment": {
    "python": "3.12.14",
    "python_build": "3.12.14 (main, Aug 25 2026, 13:50:33) [Clang 22.1.3 ]",
    "numpy": "2.3.5",
    "scipy": "1.17.0",
    "platform": "macOS-26.6.2-arm64-arm-64bit",
    "machine": "arm64",
    "bit_generator": "PCG64"
  },
  "history_read_probe": "DENIED",
  "allowed_external": "Declared installed Python environment/system libraries only; no historical scientific inputs",
  "PYTHONPATH": "cleared",
  "commands": [
    [
      "scripts/release.py",
      "verify-data",
      "--out",
      "build/clean_receipt"
    ],
    [
      "scripts/release.py",
      "verify-physics",
      "--quick",
      "--out",
      "build/clean_receipt"
    ],
    [
      "scripts/release.py",
      "verify-exact-replay",
      "--out",
      "build/clean_receipt"
    ],
    [
      "scripts/execute_notebook.py"
    ]
  ],
  "notebook": {
    "status": "PASS",
    "seconds": 42.49503437499516,
    "python": "3.12.14 (main, Aug 25 2026, 13:50:33) [Clang 22.1.3 ]",
    "code_cells": 9,
    "errors": 0
  },
  "exact_rng_replay": "SKIPPED_ENV_MISMATCH",
  "manifest_unchanged": true,
  "seconds": 59.61006974999327
}
