Measured backend [{'L': 2, 'p': 0.01, 'pure_setup_state_seconds': 0.001834833004977554, 'density_numpy_seconds': 0.040583499998319894, 'density_pennylane_seconds': 0.48032720800256357, 'post_seconds': 0.005935541994404048, 'max_matrix_error': 3.4219155413784725e-14}, {'L': 4, 'p': 0.01, 'pure_setup_state_seconds': 0.00031687499722465873, 'density_numpy_seconds': 0.07937033398775384, 'density_pennylane_seconds': 0.958002208994003, 'post_seconds': 0.004384625004604459, 'max_matrix_error': 4.69659034247625e-14}, {'L': 6, 'p': 0.01, 'pure_setup_state_seconds': 0.00028141698567196727, 'density_numpy_seconds': 0.11559008300537243, 'density_pennylane_seconds': 1.445778541994514, 'post_seconds': 0.004437584022525698, 'max_matrix_error': 3.853688229755637e-14}]
A complete [{'group': 'A1_parameter_resume', 'kappa': 0.3, 'h': 0.4, 'runs': 3, 'joint_pass': 1, 'optimizer_success': 3, 'best_energy': -6.117059490287209, 'median_delta_e': 0.0013143577472317647, 'median_fidelity': 0.9921145624796722, 'new_seconds': 0.20901441801106557}, {'group': 'A2_independent_cold', 'kappa': 0.3, 'h': 0.4, 'runs': 6, 'joint_pass': 4, 'optimizer_success': 5, 'best_energy': -6.1171920067790655, 'median_delta_e': 0.0003937231051361345, 'median_fidelity': 0.9989783896353855, 'new_seconds': 1.5636833349708468}, {'group': 'A3_continuation', 'kappa': 0.3, 'h': 0.4, 'runs': 3, 'joint_pass': 3, 'optimizer_success': 3, 'best_energy': -6.1172462654847255, 'median_delta_e': 3.6553372926517724e-05, 'median_fidelity': 0.9999313882241436, 'new_seconds': 0.4623089579981752}, {'group': 'A3_continuation', 'kappa': 0.3, 'h': 0.45, 'runs': 3, 'joint_pass': 3, 'optimizer_success': 3, 'best_energy': -6.291439484679223, 'median_delta_e': 2.9927912092442277e-05, 'median_fidelity': 0.9999384983506369, 'new_seconds': 0.9564067089813761}, {'group': 'Aextra_independent_cold', 'kappa': 0, 'h': 1.0, 'runs': 3, 'joint_pass': 1, 'optimizer_success': 3, 'best_energy': -10.247766830157055, 'median_delta_e': 0.002132410495300663, 'median_fidelity': 0.9968097344695169, 'new_seconds': 0.47186795898596756}, {'group': 'Aextra_independent_cold', 'kappa': 0.8, 'h': 0.4, 'runs': 3, 'joint_pass': 2, 'optimizer_success': 3, 'best_energy': -6.8515832791534095, 'median_delta_e': 0.0002738246196138938, 'median_fidelity': 0.99904457237881, 'new_seconds': 1.0185457909828983}, {'group': 'Aextra_independent_cold', 'kappa': 0.8, 'h': 0.6, 'runs': 3, 'joint_pass': 2, 'optimizer_success': 3, 'best_energy': -7.577893047419282, 'median_delta_e': 0.0004055163712766152, 'median_fidelity': 0.9993425316688597, 'new_seconds': 0.6566015830321703}, {'group': 'Aextra_independent_cold', 'kappa': 0.8, 'h': 0.8, 'runs': 3, 'joint_pass': 1, 'optimizer_success': 3, 'best_energy': -8.688428541773003, 'median_delta_e': 0.0035131646193991006, 'median_fidelity': 0.9943710874366491, 'new_seconds': 0.4889323329553008}, {'group': 'Aextra_parameter_resume', 'kappa': 0, 'h': 1.0, 'runs': 3, 'joint_pass': 1, 'optimizer_success': 3, 'best_energy': -10.251661426110056, 'median_delta_e': 0.0009702472357875358, 'median_fidelity': 0.9989087872516044, 'new_seconds': 0.0744909170025494}, {'group': 'Aextra_parameter_resume', 'kappa': 0.8, 'h': 0.4, 'runs': 3, 'joint_pass': 2, 'optimizer_success': 3, 'best_energy': -6.851237893196221, 'median_delta_e': 0.00031475838147465574, 'median_fidelity': 0.9987191006505411, 'new_seconds': 0.43823466697358526}, {'group': 'Aextra_parameter_resume', 'kappa': 0.8, 'h': 0.6, 'runs': 3, 'joint_pass': 0, 'optimizer_success': 3, 'best_energy': -7.5683944428647285, 'median_delta_e': 0.003740837638534167, 'median_fidelity': 0.9887835951419279, 'new_seconds': 0.029683418018976226}, {'group': 'Aextra_parameter_resume', 'kappa': 0.8, 'h': 0.8, 'runs': 3, 'joint_pass': 2, 'optimizer_success': 3, 'best_energy': -8.688533548643422, 'median_delta_e': 0.0006477828065927227, 'median_fidelity': 0.9991779973245465, 'new_seconds': 0.31802074998267926}]
B noise B_p0_L2_s211 0 executed F=0.5791
B noise B_p0_L2_s211 0.01 executed F=0.3495
B noise B_p0_L2_s211 0.05 executed F=0.05366
B noise B_p0_L4_s307 0 executed F=0.9883
B noise B_p0_L4_s307 0.01 executed F=0.3622
B noise B_p0_L4_s307 0.05 executed F=0.0141
B noise B_p0_L6_s211 0 executed F=1
B noise B_p0_L6_s211 0.01 executed F=0.1805
B noise B_p0_L6_s211 0.05 executed F=0.004635
B noise B_p1_L2_s307 0 executed F=0.9993
B noise B_p1_L2_s307 0.01 executed F=0.6442
B noise B_p1_L2_s307 0.05 executed F=0.119
B noise B_p1_L4_s211 0 executed F=1
B noise B_p1_L4_s211 0.01 executed F=0.4064
B noise B_p1_L4_s211 0.05 executed F=0.02057
B noise B_p1_L6_s211 0 executed F=1
B noise B_p1_L6_s211 0.01 executed F=0.1752
B noise B_p1_L6_s211 0.05 executed F=0.004366
B noise B_p2_L2_s101 0 executed F=0.7301
B noise B_p2_L2_s101 0.01 executed F=0.4271
B noise B_p2_L2_s101 0.05 executed F=0.05917
B noise B_p2_L4_s211 0 executed F=0.9152
B noise B_p2_L4_s211 0.01 executed F=0.3476
B noise B_p2_L4_s211 0.05 executed F=0.01495
B noise B_p2_L6_s211 0 executed F=1
B noise B_p2_L6_s211 0.01 executed F=0.195
B noise B_p2_L6_s211 0.05 executed F=0.004859
B noise B_p3_L2_s307 0 executed F=0.9997
B noise B_p3_L2_s307 0.01 executed F=0.5684
B noise B_p3_L2_s307 0.05 executed F=0.06474
B noise B_p3_L4_s211 0 executed F=1
B noise B_p3_L4_s211 0.01 executed F=0.323
B noise B_p3_L4_s211 0.05 executed F=0.009725
B noise B_p3_L6_s211 0 executed F=1
B noise B_p3_L6_s211 0.01 executed F=0.1823
B noise B_p3_L6_s211 0.05 executed F=0.004579
B noise B_p4_L2_s307 0 executed F=0.9663
B noise B_p4_L2_s307 0.01 executed F=0.5897
B noise B_p4_L2_s307 0.05 executed F=0.08964
B noise B_p4_L4_s307 0 executed F=0.9928
B noise B_p4_L4_s307 0.01 executed F=0.3214
B noise B_p4_L4_s307 0.05 executed F=0.009369
B noise B_p4_L6_s307 0 executed F=0.9977
B noise B_p4_L6_s307 0.01 executed F=0.1955
B noise B_p4_L6_s307 0.05 executed F=0.005038
B complete 45 density evaluations
