.................................                                        [100%]
33 passed in 7.02s
{'passed': True, 'protected_files_unchanged': 507, 'packaged_nonessential_log_omissions': [], 'optimization_archives_recomputed': 3681, 'density_archives_hash_and_identities': 1878, 'completed_utc': '2026-09-22T04:48:12.931729+00:00'}
Coverage {'4': {'passed': 107, 'total': 120}, '6': {'passed': 120, 'total': 120}}
Resolved peaks 10 / 146
Shift results [{'kappa': 0.0, 'L': 4, 'p': 0.01, 'feature': 'order', 'status': 'not_resolved', 'delta_h': None, 'reason': 'No mutually matched resolved feature with valid preparation and checked branch neighborhood'}, {'kappa': 0.0, 'L': 4, 'p': 0.05, 'feature': 'order', 'status': 'not_resolved', 'delta_h': None, 'reason': 'No mutually matched resolved feature with valid preparation and checked branch neighborhood'}, {'kappa': 0.0, 'L': 4, 'p': 0.01, 'feature': 'mx', 'status': 'not_resolved', 'delta_h': None, 'reason': 'No mutually matched resolved feature with valid preparation and checked branch neighborhood'}, {'kappa': 0.0, 'L': 4, 'p': 0.05, 'feature': 'mx', 'status': 'not_resolved', 'delta_h': None, 'reason': 'No mutually matched resolved feature with valid preparation and checked branch neighborhood'}, {'kappa': 0.0, 'L': 6, 'p': 0.01, 'feature': 'order', 'status': 'not_resolved', 'delta_h': None, 'reason': 'No mutually matched resolved feature with valid preparation and checked branch neighborhood'}, {'kappa': 0.0, 'L': 6, 'p': 0.05, 'feature': 'order', 'status': 'not_resolved', 'delta_h': None, 'reason': 'No mutually matched resolved feature with valid preparation and checked branch neighborhood'}, {'kappa': 0.0, 'L': 6, 'p': 0.01, 'feature': 'mx', 'status': 'not_resolved', 'delta_h': None, 'reason': 'No mutually matched resolved feature with valid preparation and checked branch neighborhood'}, {'kappa': 0.0, 'L': 6, 'p': 0.05, 'feature': 'mx', 'status': 'not_resolved', 'delta_h': None, 'reason': 'No mutually matched resolved feature with valid preparation and checked branch neighborhood'}, {'kappa': 0.3, 'L': 4, 'p': 0.01, 'feature': 'order', 'status': 'not_resolved', 'delta_h': None, 'reason': 'No mutually matched resolved feature with valid preparation and checked branch neighborhood'}, {'kappa': 0.3, 'L': 4, 'p': 0.05, 'feature': 'order', 'status': 'not_resolved', 'delta_h': None, 'reason': 'No mutually matched resolved feature with valid preparation and checked branch neighborhood'}, {'kappa': 0.3, 'L': 4, 'p': 0.01, 'feature': 'mx', 'status': 'not_resolved', 'delta_h': None, 'reason': 'No mutually matched resolved feature with valid preparation and checked branch neighborhood'}, {'kappa': 0.3, 'L': 4, 'p': 0.05, 'feature': 'mx', 'status': 'not_resolved', 'delta_h': None, 'reason': 'No mutually matched resolved feature with valid preparation and checked branch neighborhood'}, {'kappa': 0.3, 'L': 6, 'p': 0.01, 'feature': 'order', 'status': 'not_resolved', 'delta_h': None, 'reason': 'No mutually matched resolved feature with valid preparation and checked branch neighborhood'}, {'kappa': 0.3, 'L': 6, 'p': 0.05, 'feature': 'order', 'status': 'not_resolved', 'delta_h': None, 'reason': 'No mutually matched resolved feature with valid preparation and checked branch neighborhood'}, {'kappa': 0.3, 'L': 6, 'p': 0.01, 'feature': 'mx', 'status': 'single_indicator_only', 'h0': 0.45, 'hp': 0.35, 'delta_h': -0.10000000000000003, 'shift_support_low': -0.2, 'shift_support_high': 0.0, 'reason': 'Grid support only; needs complementary-indicator agreement', 'complementary_indicator_agrees': False, 'nonzero_shift_resolved': False}, {'kappa': 0.3, 'L': 6, 'p': 0.05, 'feature': 'mx', 'status': 'single_indicator_only', 'h0': 0.45, 'hp': 0.35, 'delta_h': -0.10000000000000003, 'shift_support_low': -0.2, 'shift_support_high': 0.0, 'reason': 'Grid support only; needs complementary-indicator agreement', 'complementary_indicator_agrees': False, 'nonzero_shift_resolved': False}, {'kappa': 0.8, 'L': 4, 'p': 0.01, 'feature': 'order', 'status': 'not_resolved', 'delta_h': None, 'reason': 'No mutually matched resolved feature with valid preparation and checked branch neighborhood'}, {'kappa': 0.8, 'L': 4, 'p': 0.05, 'feature': 'order', 'status': 'not_resolved', 'delta_h': None, 'reason': 'No mutually matched resolved feature with valid preparation and checked branch neighborhood'}, {'kappa': 0.8, 'L': 4, 'p': 0.01, 'feature': 'mx', 'status': 'not_resolved', 'delta_h': None, 'reason': 'No mutually matched resolved feature with valid preparation and checked branch neighborhood'}, {'kappa': 0.8, 'L': 4, 'p': 0.05, 'feature': 'mx', 'status': 'not_resolved', 'delta_h': None, 'reason': 'No mutually matched resolved feature with valid preparation and checked branch neighborhood'}, {'kappa': 0.8, 'L': 6, 'p': 0.01, 'feature': 'order', 'status': 'not_resolved', 'delta_h': None, 'reason': 'No mutually matched resolved feature with valid preparation and checked branch neighborhood'}, {'kappa': 0.8, 'L': 6, 'p': 0.05, 'feature': 'order', 'status': 'not_resolved', 'delta_h': None, 'reason': 'No mutually matched resolved feature with valid preparation and checked branch neighborhood'}, {'kappa': 0.8, 'L': 6, 'p': 0.01, 'feature': 'mx', 'status': 'not_resolved', 'delta_h': None, 'reason': 'No mutually matched resolved feature with valid preparation and checked branch neighborhood'}, {'kappa': 0.8, 'L': 6, 'p': 0.05, 'feature': 'mx', 'status': 'single_indicator_only', 'h0': 0.5, 'hp': 0.55, 'delta_h': 0.050000000000000044, 'shift_support_low': -0.050000000000000044, 'shift_support_high': 0.14999999999999997, 'reason': 'Grid support only; needs complementary-indicator agreement', 'complementary_indicator_agrees': False, 'nonzero_shift_resolved': False}]
Report generated {'status': 'complete', 'layers': 6, 'points': 420, 'evaluations': 1260, 'joint_pass': 407, 'noise_executed': 1080, 'noise_cached': 180, 'new_optimization_records': 2160}
[IPKernelApp] WARNING | Kernel is running over TCP without encryption. All communication (including code and outputs) is sent in plain text and is susceptible to eavesdropping. Use IPC transport or launch with kernel manager-provisioned CurveZMQ keys to enable transport encryption.
[IPKernelApp] ERROR | Exception during subprocesses termination [Errno 1] Operation not permitted (originated from sysctl() malloc 1/3)
Traceback (most recent call last):
  File "<PROJECT_ROOT>/.venv/lib/python3.14/site-packages/ipykernel/kernelbase.py", line 1529, in _at_shutdown
    await self._progressively_terminate_all_children()
  File "<PROJECT_ROOT>/.venv/lib/python3.14/site-packages/ipykernel/kernelbase.py", line 1507, in _progressively_terminate_all_children
    if not self._process_children():
           ~~~~~~~~~~~~~~~~~~~~~~^^
  File "<PROJECT_ROOT>/.venv/lib/python3.14/site-packages/ipykernel/kernelbase.py", line 1490, in _process_children
    all_children = kernel_process.children(recursive=True)
  File "<PROJECT_ROOT>/.venv/lib/python3.14/site-packages/psutil/__init__.py", line 978, in children
    ppid_map = _ppid_map()
  File "<PROJECT_ROOT>/.venv/lib/python3.14/site-packages/psutil/__init__.py", line 256, in _ppid_map
    for pid in pids():
               ~~~~^^
  File "<PROJECT_ROOT>/.venv/lib/python3.14/site-packages/psutil/__init__.py", line 1485, in pids
    ret = sorted(_psplatform.pids())
                 ~~~~~~~~~~~~~~~~^^
  File "<PROJECT_ROOT>/.venv/lib/python3.14/site-packages/psutil/_psosx.py", line 320, in pids
    ls = cext.pids()
PermissionError: [Errno 1] Operation not permitted (originated from sysctl() malloc 1/3)
Executed stage3.ipynb; HTML preview generated with standard library (nbconvert unavailable).
