C chain complete 0.0 4 ascending 101 pass 40 /40
C chain complete 0.0 4 ascending 211 pass 18 /40
C chain complete 0.0 4 ascending 307 pass 22 /40
C chain complete 0.0 4 descending 101 pass 17 /40
C chain complete 0.0 4 descending 211 pass 18 /40
C chain complete 0.0 4 descending 307 pass 4 /40
C chain complete 0.0 6 ascending 101 pass 0 /40
C chain complete 0.0 6 ascending 211 pass 10 /40
C chain complete 0.0 6 ascending 307 pass 40 /40
C chain complete 0.0 6 descending 101 pass 40 /40
C chain complete 0.0 6 descending 211 pass 20 /40
C chain complete 0.0 6 descending 307 pass 40 /40
C chain complete 0.3 4 ascending 101 pass 30 /40
C chain complete 0.3 4 ascending 211 pass 26 /40
C chain complete 0.3 4 ascending 307 pass 25 /40
C chain complete 0.3 4 descending 101 pass 29 /40
C chain complete 0.3 4 descending 211 pass 30 /40
C chain complete 0.3 4 descending 307 pass 36 /40
C chain complete 0.3 6 ascending 101 pass 35 /40
C chain complete 0.3 6 ascending 211 pass 33 /40
C chain complete 0.3 6 ascending 307 pass 40 /40
C chain complete 0.3 6 descending 101 pass 40 /40
C chain complete 0.3 6 descending 211 pass 40 /40
C chain complete 0.3 6 descending 307 pass 34 /40
C chain complete 0.8 4 ascending 101 pass 28 /40
C chain complete 0.8 4 ascending 211 pass 21 /40
C chain complete 0.8 4 ascending 307 pass 28 /40
C chain complete 0.8 4 descending 101 pass 30 /40
C chain complete 0.8 4 descending 211 pass 24 /40
C chain complete 0.8 4 descending 307 pass 30 /40
C chain complete 0.8 6 ascending 101 pass 40 /40
C chain complete 0.8 6 ascending 211 pass 40 /40
C chain complete 0.8 6 ascending 307 pass 39 /40
C chain complete 0.8 6 descending 101 pass 38 /40
C chain complete 0.8 6 descending 211 pass 30 /40
C chain complete 0.8 6 descending 307 pass 29 /40
C selected coverage [(4, 107, 120), (6, 120, 120)]
C noise selected states 10 /240
C noise selected states 20 /240
C noise selected states 30 /240
C noise selected states 40 /240
C noise selected states 50 /240
C noise selected states 60 /240
C noise selected states 70 /240
C noise selected states 80 /240
C noise selected states 90 /240
C noise selected states 100 /240
C noise selected states 110 /240
C noise selected states 120 /240
C noise selected states 130 /240
C noise selected states 140 /240
C noise selected states 150 /240
C noise selected states 160 /240
C noise selected states 170 /240
C noise selected states 180 /240
C noise selected states 190 /240
C noise selected states 200 /240
C noise selected states 210 /240
C noise selected states 220 /240
C noise selected states 230 /240
C noise selected states 240 /240
C complete: 720 main + 33 alternate evaluations
