mkdir -p failed for path LOCAL_USER/.matplotlib: [Errno 1] Operation not permitted: 'LOCAL_USER/.matplotlib'
Matplotlib created a temporary cache directory at /var/folders/4x/6t91wy112kl5znyqzszwydg00000gn/T/matplotlib-m89w6a0u because there was an issue with the default path (LOCAL_USER/.matplotlib); it is highly recommended to set the MPLCONFIGDIR environment variable to a writable directory, in particular to speed up the import of Matplotlib and to better support multiprocessing.

Fontconfig error: No writable cache directories
	/opt/homebrew/var/cache/fontconfig
	LOCAL_USER/.cache/fontconfig
	LOCAL_USER/.fontconfig

Fontconfig error: No writable cache directories
	/opt/homebrew/var/cache/fontconfig
	LOCAL_USER/.cache/fontconfig
	LOCAL_USER/.fontconfig

Fontconfig error: No writable cache directories
	/opt/homebrew/var/cache/fontconfig
	LOCAL_USER/.cache/fontconfig
	LOCAL_USER/.fontconfig

Fontconfig error: No writable cache directories
	/opt/homebrew/var/cache/fontconfig
	LOCAL_USER/.cache/fontconfig
	LOCAL_USER/.fontconfig

Fontconfig error: No writable cache directories
	/opt/homebrew/var/cache/fontconfig
	LOCAL_USER/.cache/fontconfig
	LOCAL_USER/.fontconfig
Matplotlib is building the font cache; this may take a moment.
0 0.2 17
0.3 0.4 31
0.8 0.5 45
