{
  "development": {
    "B3": {
      "points": 18,
      "passed": 14,
      "median_cnots": 96.0,
      "min_cnots": 31,
      "max_cnots": 128,
      "median_delta_e": 7.766609345860598e-05,
      "failures": [
        {
          "kappa": 0.8,
          "h": 0.6,
          "delta_e": 0.0016282987738605037,
          "fidelity": 0.996460791581279,
          "epsilon_c": 0.02128098629098063,
          "epsilon_sf": 0.0056786696760360855,
          "epsilon_mx": 0.0039790268573008936
        },
        {
          "kappa": 0.45,
          "h": 0.15,
          "delta_e": 0.0009592287875106464,
          "fidelity": 0.9878974427522592,
          "epsilon_c": 0.0943352146225575,
          "epsilon_sf": 0.045317192543196855,
          "epsilon_mx": 0.0070168096430758276
        },
        {
          "kappa": 0.5,
          "h": 0.15,
          "delta_e": 0.0009385590874509964,
          "fidelity": 0.9941485620012684,
          "epsilon_c": 0.03053923005768433,
          "epsilon_sf": 0.008127255733253583,
          "epsilon_mx": 0.0015814942343941318
        },
        {
          "kappa": 0.55,
          "h": 0.15,
          "delta_e": 0.0024332462670709765,
          "fidelity": 0.9424710327751767,
          "epsilon_c": 0.0634352070176362,
          "epsilon_sf": 0.022706668750881592,
          "epsilon_mx": 0.008405841413029913
        }
      ]
    },
    "B1": {
      "points": 18,
      "passed": 11,
      "median_cnots": 106.0,
      "min_cnots": 32,
      "max_cnots": 128,
      "median_delta_e": 0.00021674792501485962,
      "failures": [
        {
          "kappa": 0.8,
          "h": 0.2,
          "delta_e": 0.0003397810976473181,
          "fidelity": 0.5000308742805984,
          "epsilon_c": 0.0019384664244119776,
          "epsilon_sf": 0.0006253198765148738,
          "epsilon_mx": 0.006927457134148607
        },
        {
          "kappa": 0.8,
          "h": 0.5,
          "delta_e": 0.0013959483327573574,
          "fidelity": 0.9939270788694918,
          "epsilon_c": 0.03347691651951057,
          "epsilon_sf": 0.009573663952995415,
          "epsilon_mx": 0.014895841201673532
        },
        {
          "kappa": 0.8,
          "h": 0.6,
          "delta_e": 0.0029133226111778265,
          "fidelity": 0.9903999417698816,
          "epsilon_c": 0.04526110997061883,
          "epsilon_sf": 0.01196510543656984,
          "epsilon_mx": 0.008897137076505968
        },
        {
          "kappa": 0.8,
          "h": 0.8,
          "delta_e": 0.0016968843284415058,
          "fidelity": 0.9973702728999624,
          "epsilon_c": 0.0095928088320366,
          "epsilon_sf": 0.003744806217193447,
          "epsilon_mx": 0.004312886544864725
        },
        {
          "kappa": 0.45,
          "h": 0.15,
          "delta_e": 0.001968252222417033,
          "fidelity": 0.9321292474778652,
          "epsilon_c": 0.29439739351506805,
          "epsilon_sf": 0.1535274812457859,
          "epsilon_mx": 0.03966501177278703
        },
        {
          "kappa": 0.5,
          "h": 0.15,
          "delta_e": 0.0016471453885241738,
          "fidelity": 0.9848657434450884,
          "epsilon_c": 0.05741045162428765,
          "epsilon_sf": 0.016830762225861703,
          "epsilon_mx": 0.00198088421741216
        },
        {
          "kappa": 0.55,
          "h": 0.15,
          "delta_e": 0.006207664741953112,
          "fidelity": 0.6484819548718755,
          "epsilon_c": 0.5712867151266311,
          "epsilon_sf": 0.1566148751892858,
          "epsilon_mx": 0.12482275026902179
        }
      ]
    },
    "B2": {
      "points": 18,
      "passed": 2,
      "median_cnots": 23.0,
      "min_cnots": 6,
      "max_cnots": 23,
      "median_delta_e": 0.02393075515999532,
      "failures": [
        {
          "kappa": 0.0,
          "h": 0.9,
          "delta_e": 0.026302906257427594,
          "fidelity": 0.8914196287781212,
          "epsilon_c": 0.17480591671756318,
          "epsilon_sf": 0.123658229158572
