Traceback (most recent call last):
  File "scripts/run_upgrade_noise.py", line 20, in <module>
    p=argparse.ArgumentParser();p.add_argument('--task',required=True);a=p.parse_args();main(a.task)
                                                                                        ~~~~^^^^^^^^
  File "scripts/run_upgrade_noise.py", line 16, in main
    out['methods']['B4']=[noise_record(b3,p,reverse=reverse,keep=task in ['development','heldout']) for p in [0,.01,.05]];rows.append(out)
                          ~~~~~~~~~~~~^^^^^^^^^^^^^^^^^^^^^^^^^^^^^^^^^^^^^^^^^^^^^^^^^^^^^^^^^^^^^
  File "annni/upgrade_noise.py", line 9, in noise_record
    uid=hashlib.sha256(json.dumps(key,sort_keys=True).encode()).hexdigest();base=OUT/'noise/cache'/uid;meta=base.with_suffix('.json');archive=base.with_suffix('.npz')
                       ~~~~~~~~~~^^^^^^^^^^^^^^^^^^^^
  File "/opt/homebrew/Cellar/python@3.14/3.14.5/Frameworks/Python.framework/Versions/3.14/lib/python3.14/json/__init__.py", line 242, in dumps
    **kw).encode(obj)
          ~~~~~~^^^^^
  File "/opt/homebrew/Cellar/python@3.14/3.14.5/Frameworks/Python.framework/Versions/3.14/lib/python3.14/json/encoder.py", line 202, in encode
    chunks = self.iterencode(o, _one_shot=True)
  File "/opt/homebrew/Cellar/python@3.14/3.14.5/Frameworks/Python.framework/Versions/3.14/lib/python3.14/json/encoder.py", line 263, in iterencode
    return _iterencode(o, 0)
  File "/opt/homebrew/Cellar/python@3.14/3.14.5/Frameworks/Python.framework/Versions/3.14/lib/python3.14/json/encoder.py", line 182, in default
    raise TypeError(f'Object of type {o.__class__.__name__} '
                    f'is not JSON serializable')
TypeError: Object of type bool is not JSON serializable
when serializing dict item 'reverse'
