k0.30_h0.20_zero_dt0.20_p0.05 3 0.97
k0.30_h0.20_zero_dt0.10_p0.05 6 2.93
k0.30_h0.20_zero_dt0.05_p0.05 9 6.82
k0.30_h0.20_0011_dt0.20_p0.05 12 7.79
k0.30_h0.20_0011_dt0.10_p0.05 15 9.81
k0.30_h0.20_0011_dt0.05_p0.05 18 13.74
k0.30_h0.40_zero_dt0.20_p0.05 21 14.74
k0.30_h0.40_zero_dt0.10_p0.05 24 16.75
k0.30_h0.40_zero_dt0.05_p0.05 27 20.75
k0.30_h0.40_0011_dt0.20_p0.05 30 21.74
k0.30_h0.40_0011_dt0.10_p0.05 33 23.74
k0.30_h0.40_0011_dt0.05_p0.05 36 28.35
k0.30_h0.60_zero_dt0.20_p0.05 39 29.52
k0.30_h0.60_zero_dt0.10_p0.05 42 32.01
k0.30_h0.60_zero_dt0.05_p0.05 45 36.77
k0.30_h0.60_0011_dt0.20_p0.05 48 37.98
k0.30_h0.60_0011_dt0.10_p0.05 51 40.38
k0.30_h0.60_0011_dt0.05_p0.05 54 45.25
k0.30_h0.80_zero_dt0.20_p0.05 57 46.56
k0.30_h0.80_zero_dt0.10_p0.05 60 49.1
k0.30_h0.80_zero_dt0.05_p0.05 63 54.05
k0.30_h0.80_0011_dt0.20_p0.05 66 55.3
k0.30_h0.80_0011_dt0.10_p0.05 69 57.95
k0.30_h0.80_0011_dt0.05_p0.05 72 62.89
k0.30_h1.00_zero_dt0.20_p0.05 75 64.15
k0.30_h1.00_zero_dt0.10_p0.05 78 66.63
k0.30_h1.00_zero_dt0.05_p0.05 81 72.05
k0.30_h1.00_0011_dt0.20_p0.05 84 73.46
k0.30_h1.00_0011_dt0.10_p0.05 87 76.26
k0.30_h1.00_0011_dt0.05_p0.05 90 81.75
k0.30_h1.40_zero_dt0.20_p0.05 93 83.17
k0.30_h1.40_zero_dt0.10_p0.05 96 85.86
k0.30_h1.40_zero_dt0.05_p0.05 99 91.4
k0.30_h1.40_0011_dt0.20_p0.05 102 92.72
k0.30_h1.40_0011_dt0.10_p0.05 105 95.31
k0.30_h1.40_0011_dt0.05_p0.05 108 100.47
k0.30_h1.80_zero_dt0.20_p0.05 111 101.78
k0.30_h1.80_zero_dt0.10_p0.05 114 104.44
k0.30_h1.80_zero_dt0.05_p0.05 117 109.57
k0.30_h1.80_0011_dt0.20_p0.05 120 110.86
k0.30_h1.80_0011_dt0.10_p0.05 123 113.46
k0.30_h1.80_0011_dt0.05_p0.05 126 118.58
k0.80_h0.20_zero_dt0.20_p0.05 129 119.88
k0.80_h0.20_zero_dt0.10_p0.05 132 122.48
k0.80_h0.20_zero_dt0.05_p0.05 135 127.8
k0.80_h0.20_0011_dt0.20_p0.05 138 129.15
k0.80_h0.20_0011_dt0.10_p0.05 141 131.84
k0.80_h0.20_0011_dt0.05_p0.05 144 137.35
k0.80_h0.40_zero_dt0.20_p0.05 147 138.74
k0.80_h0.40_zero_dt0.10_p0.05 150 141.56
k0.80_h0.40_zero_dt0.05_p0.05 153 147.49
k0.80_h0.40_0011_dt0.20_p0.05 156 149.12
k0.80_h0.40_0011_dt0.10_p0.05 159 152.27
k0.80_h0.40_0011_dt0.05_p0.05 162 158.67
k0.80_h0.60_zero_dt0.20_p0.05 165 160.24
k0.80_h0.60_zero_dt0.10_p0.05 168 163.34
k0.80_h0.60_zero_dt0.05_p0.05 171 169.17
k0.80_h0.60_0011_dt0.20_p0.05 174 170.59
k0.80_h0.60_0011_dt0.10_p0.05 177 173.45
k0.80_h0.60_0011_dt0.05_p0.05 180 179.6
k0.80_h0.80_zero_dt0.20_p0.05 183 181.21
k0.80_h0.80_zero_dt0.10_p0.05 186 184.4
k0.80_h0.80_zero_dt0.05_p0.05 189 190.68
k0.80_h0.80_0011_dt0.20_p0.05 192 192.27
k0.80_h0.80_0011_dt0.10_p0.05 195 195.47
k0.80_h0.80_0011_dt0.05_p0.05 198 201.83
k0.80_h1.00_zero_dt0.20_p0.05 201 203.45
k0.80_h1.00_zero_dt0.10_p0.05 204 206.62
k0.80_h1.00_zero_dt0.05_p0.05 207 212.96
k0.80_h1.00_0011_dt0.20_p0.05 210 214.57
k0.80_h1.00_0011_dt0.10_p0.05 213 217.66
k0.80_h1.00_0011_dt0.05_p0.05 216 224.0
k0.80_h1.40_zero_dt0.20_p0.05 219 225.59
k0.80_h1.40_zero_dt0.10_p0.05 222 228.72
k0.80_h1.40_zero_dt0.05_p0.05 225 235.47
k0.80_h1.40_0011_dt0.20_p0.05 228 237.15
k0.80_h1.40_0011_dt0.10_p0.05 231 240.48
k0.80_h1.40_0011_dt0.05_p0.05 234 247.37
k0.80_h1.80_zero_dt0.20_p0.05 237 249.16
k0.80_h1.80_zero_dt0.10_p0.05 240 252.6
k0.80_h1.80_zero_dt0.05_p0.05 243 259.46
k0.80_h1.80_0011_dt0.20_p0.05 246 261.33
k0.80_h1.80_0011_dt0.10_p0.05 249 265.06
k0.80_h1.80_0011_dt0.05_p0.05 252 272.38
