map 1 0.1
map 6 3.38
map 11 7.57
map 16 10.8
map 21 13.77
map 26 19.86
map 31 28.97
map 36 36.72
map 41 41.17
map 46 47.94
map 51 56.92
map 56 62.7
map 61 68.58
map 66 74.94
map 71 83.96
map 76 89.86
map 81 93.46
map 86 99.57
map 91 105.48
map 96 110.59
map 101 114.0
map 106 121.13
map 111 126.84
map 116 131.68
map 121 136.52
map 126 138.48
map 131 140.1
map 136 142.7
map 141 145.15
map 146 154.64
map 151 161.54
map 156 167.72
map 161 173.23
map 166 183.52
map 171 191.72
map 176 199.23
map 181 205.83
map 186 216.4
map 191 225.96
map 196 232.91
map 201 240.65
map 206 249.82
map 211 259.43
map 216 268.14
map 221 274.39
map 226 285.25
map 231 295.26
map 236 302.21
map 241 307.52
map 246 319.41
map 251 331.68
map 256 341.26
map 261 348.85
map 266 357.74
map 271 368.13
map 276 376.67
map 281 382.4
map 286 393.26
map 291 403.92
map 296 415.0
map 301 422.82
map 306 432.61
map 311 443.64
map 316 453.74
map 321 460.72
map 326 463.4
map 331 465.83
map 336 470.54
map 341 473.44
map 346 482.67
map 351 492.28
map 356 501.72
map 361 510.11
map 366 518.42
map 371 529.96
map 376 542.51
map 381 552.59
map 386 562.41
map 391 574.13
map 396 584.98
map 401 593.75
map 406 600.87
map 411 613.84
map 416 627.71
map 420 637.39
