map 1 seconds 0.01
map 6 seconds 0.04
map 11 seconds 0.07
map 16 seconds 0.12
map 21 seconds 0.15
map 26 seconds 0.19
map 31 seconds 0.24
map 36 seconds 0.3
map 41 seconds 0.35
map 46 seconds 0.4
map 51 seconds 0.46
map 56 seconds 0.52
map 61 seconds 0.58
map 66 seconds 0.64
map 71 seconds 0.71
map 76 seconds 0.77
map 81 seconds 0.83
map 86 seconds 0.89
map 91 seconds 0.96
map 96 seconds 1.02
map 101 seconds 1.09
map 106 seconds 1.15
map 111 seconds 1.23
map 116 seconds 1.31
map 121 seconds 1.39
map 126 seconds 1.47
map 131 seconds 1.56
map 136 seconds 1.65
map 141 seconds 1.74
map 146 seconds 1.82
map 151 seconds 1.91
map 156 seconds 2.0
map 161 seconds 2.09
map 166 seconds 2.17
map 171 seconds 2.26
map 176 seconds 2.36
map 181 seconds 2.44
map 186 seconds 2.55
map 191 seconds 2.65
map 196 seconds 2.76
map 201 seconds 2.87
map 206 seconds 2.98
map 211 seconds 3.09
map 216 seconds 3.2
map 221 seconds 3.3
map 226 seconds 73.96
map 231 seconds 156.19
map 236 seconds 239.38
map 241 seconds 301.58
map 246 seconds 301.69
map 251 seconds 301.82
map 256 seconds 301.94
map 261 seconds 302.06
map 266 seconds 302.18
map 271 seconds 302.33
map 276 seconds 302.46
map 281 seconds 302.57
map 286 seconds 302.69
map 291 seconds 331.11
map 296 seconds 397.04
map 301 seconds 457.71
map 306 seconds 484.74
map 311 seconds 520.16
map 316 seconds 577.04
map 321 seconds 629.56
map 326 seconds 629.68
map 331 seconds 629.8
map 336 seconds 629.93
map 341 seconds 630.04
map 346 seconds 630.16
map 351 seconds 630.29
map 356 seconds 630.41
map 361 seconds 630.54
map 366 seconds 630.67
map 371 seconds 630.8
map 376 seconds 630.94
map 381 seconds 631.08
map 386 seconds 631.22
map 391 seconds 631.35
map 396 seconds 631.49
map 401 seconds 631.63
map 406 seconds 631.77
map 411 seconds 631.92
map 416 seconds 632.07
map 420 seconds 632.21
map 420 seconds 632.32
