0 0.2 0 39.855918999994174 1866776576
0 0.2 0.01 62.98178649999318 2403844096
0 0.2 0.05 61.26992799999425 2403844096
0 0.5 0 78.13768516702112 2403844096
0 0.5 0.01 108.94919829099672 2403844096
0 0.5 0.05 91.6473852499912 2403844096
0 1.0 0 88.88031866701203 2403844096
0 1.0 0.01 112.5853839579795 2403844096
0 1.0 0.05 111.84987133299 2403844096
0 1.8 0 68.60669829099788 2403844096
0 1.8 0.01 97.89474995899945 2403844096
0 1.8 0.05 98.93231599999126 2403844096
0.3 0.2 0 38.918887916981475 2403844096
0.3 0.2 0.01 57.87179920799099 2403844096
0.3 0.2 0.05 56.986971459002234 2403844096
0.3 0.5 0 77.38934158300981 2403844096
0.3 0.5 0.01 118.06957720799255 2403844096
0.3 0.5 0.05 112.74103645799914 2403844096
0.3 1.0 0 69.9668839169899 2403844096
0.3 1.0 0.01 104.56949620900559 2403844096
0.3 1.0 0.05 104.84383050000179 2403844096
0.3 1.8 0 71.01974562500254 2403844096
0.3 1.8 0.01 80.94598833299824 2403844096
0.3 1.8 0.05 50.21259716700297 2403844096
0.8 0.2 0 23.600983666983666 2403844096
0.8 0.2 0.01 32.791276999982074 2403844096
0.8 0.2 0.05 33.17742762499256 2403844096
0.8 0.5 0 43.62587241601432 2403844096
0.8 0.5 0.01 61.87132858298719 2403844096
0.8 0.5 0.05 61.60077958300826 2403844096
0.8 1.0 0 50.33455466700252 2403844096
0.8 1.0 0.01 68.7859473330027 2403844096
0.8 1.0 0.05 68.68888691600296 2403844096
0.8 1.8 0 50.58602804099792 2403844096
0.8 1.8 0.01 69.56366066701594 2403844096
0.8 1.8 0.05 70.00524587498512 2403844096
     2610.78 real      2597.23 user         7.74 sys
time: sysctl kern.clockrate: Operation not permitted
